Component: ARM Compiler 6.16 Tool: armlink [5dfeaa00]

==============================================================================

Section Cross References

    startup_stm32f401xe.o(STACK) refers (Special) to heapauxi.o(.text) for __use_two_region_memory
    startup_stm32f401xe.o(HEAP) refers (Special) to heapauxi.o(.text) for __use_two_region_memory
    startup_stm32f401xe.o(RESET) refers (Special) to heapauxi.o(.text) for __use_two_region_memory
    startup_stm32f401xe.o(RESET) refers to startup_stm32f401xe.o(STACK) for __initial_sp
    startup_stm32f401xe.o(RESET) refers to startup_stm32f401xe.o(.text) for Reset_Handler
    startup_stm32f401xe.o(RESET) refers to stm32f4xx_it.o(.text.NMI_Handler) for NMI_Handler
    startup_stm32f401xe.o(RESET) refers to context_rvds.o(.text) for HardFault_Handler
    startup_stm32f401xe.o(RESET) refers to stm32f4xx_it.o(.text.MemManage_Handler) for MemManage_Handler
    startup_stm32f401xe.o(RESET) refers to stm32f4xx_it.o(.text.BusFault_Handler) for BusFault_Handler
    startup_stm32f401xe.o(RESET) refers to stm32f4xx_it.o(.text.UsageFault_Handler) for UsageFault_Handler
    startup_stm32f401xe.o(RESET) refers to stm32f4xx_it.o(.text.DebugMon_Handler) for DebugMon_Handler
    startup_stm32f401xe.o(RESET) refers to systick_wrapper_ual.o(.text) for SysTick_Handler
    startup_stm32f401xe.o(RESET) refers to stm32f4xx_it.o(.text.EXTI0_IRQHandler) for EXTI0_IRQHandler
    startup_stm32f401xe.o(RESET) refers to stm32f4xx_it.o(.text.DMA1_Stream5_IRQHandler) for DMA1_Stream5_IRQHandler
    startup_stm32f401xe.o(RESET) refers to stm32f4xx_it.o(.text.DMA1_Stream6_IRQHandler) for DMA1_Stream6_IRQHandler
    startup_stm32f401xe.o(RESET) refers to stm32f4xx_it.o(.text.TIM1_UP_TIM10_IRQHandler) for TIM1_UP_TIM10_IRQHandler
    startup_stm32f401xe.o(RESET) refers to serv_ad7490_fetcher.o(.text.TIM3_IRQHandler) for TIM3_IRQHandler
    startup_stm32f401xe.o(RESET) refers to serv_tca_io.o(.text.I2C1_EV_IRQHandler) for I2C1_EV_IRQHandler
    startup_stm32f401xe.o(RESET) refers to serv_tca_io.o(.text.I2C1_ER_IRQHandler) for I2C1_ER_IRQHandler
    startup_stm32f401xe.o(RESET) refers to stm32f4xx_it.o(.text.SPI1_IRQHandler) for SPI1_IRQHandler
    startup_stm32f401xe.o(RESET) refers to dma_io_declaration.o(.text.USART1_IRQHandler) for USART1_IRQHandler
    startup_stm32f401xe.o(RESET) refers to dma_io_declaration.o(.text.USART2_IRQHandler) for USART2_IRQHandler
    startup_stm32f401xe.o(RESET) refers to stm32f4xx_it.o(.text.DMA2_Stream0_IRQHandler) for DMA2_Stream0_IRQHandler
    startup_stm32f401xe.o(RESET) refers to stm32f4xx_it.o(.text.DMA2_Stream1_IRQHandler) for DMA2_Stream1_IRQHandler
    startup_stm32f401xe.o(RESET) refers to stm32f4xx_it.o(.text.DMA2_Stream2_IRQHandler) for DMA2_Stream2_IRQHandler
    startup_stm32f401xe.o(RESET) refers to stm32f4xx_it.o(.text.DMA2_Stream3_IRQHandler) for DMA2_Stream3_IRQHandler
    startup_stm32f401xe.o(RESET) refers to stm32f4xx_it.o(.text.DMA2_Stream6_IRQHandler) for DMA2_Stream6_IRQHandler
    startup_stm32f401xe.o(RESET) refers to stm32f4xx_it.o(.text.DMA2_Stream7_IRQHandler) for DMA2_Stream7_IRQHandler
    startup_stm32f401xe.o(RESET) refers to dma_io_declaration.o(.text.USART6_IRQHandler) for USART6_IRQHandler
    startup_stm32f401xe.o(.text) refers (Special) to heapauxi.o(.text) for __use_two_region_memory
    startup_stm32f401xe.o(.text) refers to system_stm32f4xx.o(.text.SystemInit) for SystemInit
    startup_stm32f401xe.o(.text) refers to __main.o(!!!main) for __main
    startup_stm32f401xe.o(.text) refers to startup_stm32f401xe.o(HEAP) for Heap_Mem
    startup_stm32f401xe.o(.text) refers to startup_stm32f401xe.o(STACK) for Stack_Mem
    main.o(.text.hw_init) refers to stm32f4xx_hal.o(.text.HAL_Init) for HAL_Init
    main.o(.text.hw_init) refers to main.o(.text.SystemClock_Config) for SystemClock_Config
    main.o(.text.hw_init) refers to main.o(.text.MX_GPIO_Init) for MX_GPIO_Init
    main.o(.text.hw_init) refers to main.o(.text.MX_DMA_Init) for MX_DMA_Init
    main.o(.text.hw_init) refers to main.o(.text.MX_SPI1_Init) for MX_SPI1_Init
    main.o(.text.hw_init) refers to main.o(.text.MX_USART1_UART_Init) for MX_USART1_UART_Init
    main.o(.text.hw_init) refers to main.o(.text.MX_I2C1_Init) for MX_I2C1_Init
    main.o(.text.hw_init) refers to main.o(.text.MX_USART2_UART_Init) for MX_USART2_UART_Init
    main.o(.text.hw_init) refers to main.o(.text.MX_USART6_UART_Init) for MX_USART6_UART_Init
    main.o(.text.hw_init) refers to core_delay.o(.text.core_delay_init) for core_delay_init
    main.o(.text.hw_init) refers to serv_led_sign.o(.text.serv_led_sign_hw_init) for serv_led_sign_hw_init
    main.o(.text.hw_init) refers to main.o(.bss.usart1) for usart1
    main.o(.text.hw_init) refers to main.o(.bss.huart1) for huart1
    main.o(.text.hw_init) refers to main.o(.bss.hdma_usart1_tx) for hdma_usart1_tx
    main.o(.text.hw_init) refers to main.o(.bss.hdma_usart1_rx) for hdma_usart1_rx
[...]
    0x08003a94   0x08003a94   0x00000008   Code   RO          276    .text.HAL_I2C_MemRxCpltCallback  stm32f4xx_hal_i2c.o
    0x08003a9c   0x08003a9c   0x00000008   Code   RO          274    .text.HAL_I2C_MemTxCpltCallback  stm32f4xx_hal_i2c.o
    0x08003aa4   0x08003aa4   0x00000210   Code   RO          182    .text.HAL_I2C_Mem_Write  stm32f4xx_hal_i2c.o
    0x08003cb4   0x08003cb4   0x000000b6   Code   RO           99    .text.HAL_I2C_MspInit  stm32f4xx_hal_msp.o
    0x08003d6a   0x08003d6a   0x00000002   PAD
    0x08003d6c   0x08003d6c   0x00000008   Code   RO          268    .text.HAL_I2C_SlaveRxCpltCallback  stm32f4xx_hal_i2c.o
    0x08003d74   0x08003d74   0x00000008   Code   RO          266    .text.HAL_I2C_SlaveTxCpltCallback  stm32f4xx_hal_i2c.o
    0x08003d7c   0x08003d7c   0x0000001a   Code   RO          685    .text.HAL_IncTick   stm32f4xx_hal.o
    0x08003d96   0x08003d96   0x00000002   PAD
    0x08003d98   0x08003d98   0x00000036   Code   RO          675    .text.HAL_Init      stm32f4xx_hal.o
    0x08003dce   0x08003dce   0x00000002   PAD
    0x08003dd0   0x08003dd0   0x000000ae   Code   RO          118    .text.HAL_InitTick  stm32f4xx_hal_timebase_tim.o
    0x08003e7e   0x08003e7e   0x00000002   PAD
    0x08003e80   0x08003e80   0x0000004a   Code   RO           97    .text.HAL_MspInit   stm32f4xx_hal_msp.o
    0x08003eca   0x08003eca   0x00000002   PAD
    0x08003ecc   0x08003ecc   0x00000014   Code   RO          616    .text.HAL_NVIC_EnableIRQ  stm32f4xx_hal_cortex.o
    0x08003ee0   0x08003ee0   0x00000032   Code   RO          608    .text.HAL_NVIC_SetPriority  stm32f4xx_hal_cortex.o
    0x08003f12   0x08003f12   0x00000002   PAD
    0x08003f14   0x08003f14   0x00000010   Code   RO          604    .text.HAL_NVIC_SetPriorityGrouping  stm32f4xx_hal_cortex.o
    0x08003f24   0x08003f24   0x00000262   Code   RO          316    .text.HAL_RCC_ClockConfig  stm32f4xx_hal_rcc.o
    0x08004186   0x08004186   0x00000002   PAD
    0x08004188   0x08004188   0x00000054   Code   RO          334    .text.HAL_RCC_GetClockConfig  stm32f4xx_hal_rcc.o
    0x080041dc   0x080041dc   0x0000000c   Code   RO          326    .text.HAL_RCC_GetHCLKFreq  stm32f4xx_hal_rcc.o
    0x080041e8   0x080041e8   0x00000022   Code   RO          328    .text.HAL_RCC_GetPCLK1Freq  stm32f4xx_hal_rcc.o
    0x0800420a   0x0800420a   0x00000002   PAD
    0x0800420c   0x0800420c   0x00000022   Code   RO          330    .text.HAL_RCC_GetPCLK2Freq  stm32f4xx_hal_rcc.o
    0x0800422e   0x0800422e   0x00000002   PAD
    0x08004230   0x08004230   0x000000e6   Code   RO          318    .text.HAL_RCC_GetSysClockFreq  stm32f4xx_hal_rcc.o
    0x08004316   0x08004316   0x00000002   PAD
    0x08004318   0x08004318   0x000006be   Code   RO          314    .text.HAL_RCC_OscConfig  stm32f4xx_hal_rcc.o
    0x080049d6   0x080049d6   0x00000002   PAD
    0x080049d8   0x080049d8   0x00000008   Code   RO          836    .text.HAL_SPI_AbortCpltCallback  stm32f4xx_hal_spi.o
    0x080049e0   0x080049e0   0x00000224   Code   RO          830    .text.HAL_SPI_Abort_IT  stm32f4xx_hal_spi.o
    0x08004c04   0x08004c04   0x00000008   Code   RO          848    .text.HAL_SPI_ErrorCallback  stm32f4xx_hal_spi.o
    0x08004c0c   0x08004c0c   0x00000230   Code   RO          844    .text.HAL_SPI_IRQHandler  stm32f4xx_hal_spi.o
    0x08004e3c   0x08004e3c   0x00000100   Code   RO          764    .text.HAL_SPI_Init  stm32f4xx_hal_spi.o
    0x08004f3c   0x08004f3c   0x00000156   Code   RO          103    .text.HAL_SPI_MspInit  stm32f4xx_hal_msp.o
    0x08005092   0x08005092   0x00000002   PAD
    0x08005094   0x08005094   0x000000a6   Code   RO         2349    .text.HAL_SPI_RxCpltCallback  serv_ad7490_fetcher.o
    0x0800513a   0x0800513a   0x00000002   PAD
    0x0800513c   0x0800513c   0x00000284   Code   RO          772    .text.HAL_SPI_Transmit  stm32f4xx_hal_spi.o
    0x080053c0   0x080053c0   0x00000366   Code   RO          778    .text.HAL_SPI_TransmitReceive  stm32f4xx_hal_spi.o
    0x08005726   0x08005726   0x00000002   PAD
    0x08005728   0x08005728   0x0000015c   Code   RO          790    .text.HAL_SPI_TransmitReceive_IT  stm32f4xx_hal_spi.o
    0x08005884   0x08005884   0x000000a6   Code   RO         2351    .text.HAL_SPI_TxRxCpltCallback  serv_ad7490_fetcher.o
    0x0800592a   0x0800592a   0x00000002   PAD
    0x0800592c   0x0800592c   0x00000010   Code   RO          628    .text.HAL_SYSTICK_Config  stm32f4xx_hal_cortex.o
    0x0800593c   0x0800593c   0x00000008   Code   RO         1204    .text.HAL_TIMEx_BreakCallback  stm32f4xx_hal_tim_ex.o
    0x08005944   0x08005944   0x00000008   Code   RO         1200    .text.HAL_TIMEx_CommutCallback  stm32f4xx_hal_tim_ex.o
    0x0800594c   0x0800594c   0x000000fe   Code   RO         1194    .text.HAL_TIMEx_MasterConfigSynchronization  stm32f4xx_hal_tim_ex.o
    0x08005a4a   0x08005a4a   0x00000002   PAD
    0x08005a4c   0x08005a4c   0x0000009c   Code   RO          881    .text.HAL_TIM_Base_Init  stm32f4xx_hal_tim.o
    0x08005ae8   0x08005ae8   0x00000052   Code   RO         2339    .text.HAL_TIM_Base_MspInit  serv_ad7490_fetcher.o
    0x08005b3a   0x08005b3a   0x00000002   PAD
    0x08005b3c   0x08005b3c   0x000000d2   Code   RO          895    .text.HAL_TIM_Base_Start_IT  stm32f4xx_hal_tim.o
    0x08005c0e   0x08005c0e   0x00000002   PAD
    0x08005c10   0x08005c10   0x00000184   Code   RO         1073    .text.HAL_TIM_ConfigClockSource  stm32f4xx_hal_tim.o
    0x08005d94   0x08005d94   0x00000008   Code   RO         1017    .text.HAL_TIM_IC_CaptureCallback  stm32f4xx_hal_tim.o
    0x08005d9c   0x08005d9c   0x0000027a   Code   RO         1015    .text.HAL_TIM_IRQHandler  stm32f4xx_hal_tim.o
    0x08006016   0x08006016   0x00000002   PAD
    0x08006018   0x08006018   0x00000046   Code   RO         2363    .text.HAL_TIM_MspPostInit  serv_ad7490_fetcher.o
    0x0800605e   0x0800605e   0x00000002   PAD
    0x08006060   0x08006060   0x00000008   Code   RO         1019    .text.HAL_TIM_OC_DelayElapsedCallback  stm32f4xx_hal_tim.o
    0x08006068   0x08006068   0x00000142   Code   RO         1047    .text.HAL_TIM_PWM_ConfigChannel  stm32f4xx_hal_tim.o
    0x080061aa   0x080061aa   0x00000002   PAD
    0x080061ac   0x080061ac   0x0000009c   Code   RO          935    .text.HAL_TIM_PWM_Init  stm32f4xx_hal_tim.o
    0x08006248   0x08006248   0x00000008   Code   RO          937    .text.HAL_TIM_PWM_MspInit  stm32f4xx_hal_tim.o
    0x08006250   0x08006250   0x00000008   Code   RO         1021    .text.HAL_TIM_PWM_PulseFinishedCallback  stm32f4xx_hal_tim.o
    0x08006258   0x08006258   0x00000180   Code   RO          943    .text.HAL_TIM_PWM_Start  stm32f4xx_hal_tim.o
    0x080063d8   0x080063d8   0x000000e2   Code   RO          945    .text.HAL_TIM_PWM_Stop  stm32f4xx_hal_tim.o
    0x080064ba   0x080064ba   0x00000002   PAD
    0x080064bc   0x080064bc   0x00000020   Code   RO         2355    .text.HAL_TIM_PeriodElapsedCallback  serv_ad7490_fetcher.o
    0x080064dc   0x080064dc   0x00000008   Code   RO         1025    .text.HAL_TIM_TriggerCallback  stm32f4xx_hal_tim.o
    0x080064e4   0x080064e4   0x000000de   Code   RO         1271    .text.HAL_UARTEx_ReceiveToIdle_DMA  stm32f4xx_hal_uart.o
    0x080065c2   0x080065c2   0x00000002   PAD
    0x080065c4   0x080065c4   0x000000b2   Code   RO         2083    .text.HAL_UARTEx_RxEventCallback  dma_io_declaration.o
    0x08006676   0x08006676   0x00000002   PAD
    0x08006678   0x08006678   0x00000008   Code   RO         1305    .text.HAL_UART_ErrorCallback  stm32f4xx_hal_uart.o
    0x08006680   0x08006680   0x0000041e   Code   RO         1299    .text.HAL_UART_IRQHandler  stm32f4xx_hal_uart.o
    0x08006a9e   0x08006a9e   0x00000002   PAD
    0x08006aa0   0x08006aa0   0x0000009a   Code   RO         1217    .text.HAL_UART_Init  stm32f4xx_hal_uart.o
    0x08006b3a   0x08006b3a   0x00000002   PAD
    0x08006b3c   0x08006b3c   0x000003c6   Code   RO          107    .text.HAL_UART_MspInit  stm32f4xx_hal_msp.o
    0x08006f02   0x08006f02   0x00000002   PAD
    0x08006f04   0x08006f04   0x00000008   Code   RO         1317    .text.HAL_UART_RxCpltCallback  stm32f4xx_hal_uart.o
    0x08006f0c   0x08006f0c   0x00000008   Code   RO         1319    .text.HAL_UART_RxHalfCpltCallback  stm32f4xx_hal_uart.o
    0x08006f14   0x08006f14   0x0000014e   Code   RO         1233    .text.HAL_UART_Transmit  stm32f4xx_hal_uart.o
    0x08007062   0x08007062   0x00000002   PAD
    0x08007064   0x08007064   0x00000110   Code   RO         1245    .text.HAL_UART_Transmit_DMA  stm32f4xx_hal_uart.o
    0x08007174   0x08007174   0x00000008   Code   RO         1313    .text.HAL_UART_TxCpltCallback  stm32f4xx_hal_uart.o
    0x0800717c   0x0800717c   0x00000008   Code   RO         1315    .text.HAL_UART_TxHalfCpltCallback  stm32f4xx_hal_uart.o
    0x08007184   0x08007184   0x0000002a   Code   RO         2528    .text.I2C1_ER_IRQHandler  serv_tca_io.o
    0x080071ae   0x080071ae   0x00000002   PAD
    0x080071b0   0x080071b0   0x00000018   Code   RO         2526    .text.I2C1_EV_IRQHandler  serv_tca_io.o
    0x080071c8   0x080071c8   0x00000034   Code   RO          228    .text.I2C_ConvertOtherXferOptions  stm32f4xx_hal_i2c.o
    0x080071fc   0x080071fc   0x00000156   Code   RO          212    .text.I2C_DMAAbort  stm32f4xx_hal_i2c.o
    0x08007352   0x08007352   0x00000002   PAD
    0x08007354   0x08007354   0x0000027a   Code   RO          224    .text.I2C_ITError   stm32f4xx_hal_i2c.o
    0x080075ce   0x080075ce   0x00000002   PAD
    0x080075d0   0x080075d0   0x00000064   Code   RO          292    .text.I2C_IsAcknowledgeFailed  stm32f4xx_hal_i2c.o
    0x08007634   0x08007634   0x0000019e   Code   RO          244    .text.I2C_MasterReceive_BTF  stm32f4xx_hal_i2c.o
    0x080077d2   0x080077d2   0x00000002   PAD
    0x080077d4   0x080077d4   0x0000013c   Code   RO          242    .text.I2C_MasterReceive_RXNE  stm32f4xx_hal_i2c.o
    0x08007910   0x08007910   0x000000de   Code   RO          238    .text.I2C_MasterTransmit_BTF  stm32f4xx_hal_i2c.o
    0x080079ee   0x080079ee   0x00000002   PAD
    0x080079f0   0x080079f0   0x0000013e   Code   RO          236    .text.I2C_MasterTransmit_TXE  stm32f4xx_hal_i2c.o
    0x08007b2e   0x08007b2e   0x00000002   PAD
    0x08007b30   0x08007b30   0x00000046   Code   RO          232    .text.I2C_Master_ADD10  stm32f4xx_hal_i2c.o
    0x08007b76   0x08007b76   0x00000002   PAD
    0x08007b78   0x08007b78   0x0000033e   Code   RO          234    .text.I2C_Master_ADDR  stm32f4xx_hal_i2c.o
    0x08007eb6   0x08007eb6   0x00000002   PAD
    0x08007eb8   0x08007eb8   0x000000f0   Code   RO          230    .text.I2C_Master_SB  stm32f4xx_hal_i2c.o
    0x08007fa8   0x08007fa8   0x00000122   Code   RO          240    .text.I2C_MemoryTransmit_TXE_BTF  stm32f4xx_hal_i2c.o
    0x080080ca   0x080080ca   0x00000002   PAD
    0x080080cc   0x080080cc   0x0000013a   Code   RO          184    .text.I2C_RequestMemoryWrite  stm32f4xx_hal_i2c.o
    0x08008206   0x08008206   0x00000002   PAD
    0x08008208   0x08008208   0x0000002e   Code   RO          256    .text.I2C_SlaveReceive_BTF  stm32f4xx_hal_i2c.o
    0x08008236   0x08008236   0x00000002   PAD
    0x08008238   0x08008238   0x0000006e   Code   RO          254    .text.I2C_SlaveReceive_RXNE  stm32f4xx_hal_i2c.o
    0x080082a6   0x080082a6   0x00000002   PAD
    0x080082a8   0x080082a8   0x0000002c   Code   RO          252    .text.I2C_SlaveTransmit_BTF  stm32f4xx_hal_i2c.o
    0x080082d4   0x080082d4   0x0000006c   Code   RO          250    .text.I2C_SlaveTransmit_TXE  stm32f4xx_hal_i2c.o
    0x08008340   0x08008340   0x000000ae   Code   RO          246    .text.I2C_Slave_ADDR  stm32f4xx_hal_i2c.o
    0x080083ee   0x080083ee   0x00000002   PAD
    0x080083f0   0x080083f0   0x000000de   Code   RO          260    .text.I2C_Slave_AF  stm32f4xx_hal_i2c.o
    0x080084ce   0x080084ce   0x00000002   PAD
    0x080084d0   0x080084d0   0x0000024a   Code   RO          248    .text.I2C_Slave_STOPF  stm32f4xx_hal_i2c.o
    0x0800871a   0x0800871a   0x00000002   PAD
    0x0800871c   0x0800871c   0x00000096   Code   RO          148    .text.I2C_WaitOnBTFFlagUntilTimeout  stm32f4xx_hal_i2c.o
    0x080087b2   0x080087b2   0x00000002   PAD
    0x080087b4   0x080087b4   0x000000be   Code   RO          142    .text.I2C_WaitOnFlagUntilTimeout  stm32f4xx_hal_i2c.o
    0x08008872   0x08008872   0x00000002   PAD
    0x08008874   0x08008874   0x00000110   Code   RO          290    .text.I2C_WaitOnMasterAddressFlagUntilTimeout  stm32f4xx_hal_i2c.o
    0x08008984   0x08008984   0x00000078   Code   RO          288    .text.I2C_WaitOnSTOPRequestThroughIT  stm32f4xx_hal_i2c.o
    0x080089fc   0x080089fc   0x00000094   Code   RO          146    .text.I2C_WaitOnTXEFlagUntilTimeout  stm32f4xx_hal_i2c.o
    0x08008a90   0x08008a90   0x000000de   Code   RO           17    .text.MX_DMA_Init   main.o
    0x08008b6e   0x08008b6e   0x00000002   PAD
    0x08008b70   0x08008b70   0x000000e8   Code   RO           15    .text.MX_GPIO_Init  main.o
    0x08008c58   0x08008c58   0x0000004e   Code   RO           23    .text.MX_I2C1_Init  main.o
    0x08008ca6   0x08008ca6   0x00000002   PAD
    0x08008ca8   0x08008ca8   0x00000054   Code   RO           19    .text.MX_SPI1_Init  main.o
    0x08008cfc   0x08008cfc   0x00000040   Code   RO           21    .text.MX_USART1_UART_Init  main.o
    0x08008d3c   0x08008d3c   0x00000040   Code   RO           25    .text.MX_USART2_UART_Init  main.o
    0x08008d7c   0x08008d7c   0x00000040   Code   RO           27    .text.MX_USART6_UART_Init  main.o
    0x08008dbc   0x08008dbc   0x00000004   Code   RO           60    .text.MemManage_Handler  stm32f4xx_it.o
    0x08008dc0   0x08008dc0   0x00000004   Code   RO           58    .text.NMI_Handler   stm32f4xx_it.o
    0x08008dc4   0x08008dc4   0x0000006c   Code   RO          614    .text.NVIC_EncodePriority  stm32f4xx_hal_cortex.o
    0x08008e30   0x08008e30   0x00000018   Code   RO           74    .text.SPI1_IRQHandler  stm32f4xx_it.o
    0x08008e48   0x08008e48   0x0000004c   Code   RO          796    .text.SPI_2linesRxISR_16BIT  stm32f4xx_hal_spi.o
    0x08008e94   0x08008e94   0x0000004c   Code   RO          800    .text.SPI_2linesRxISR_8BIT  stm32f4xx_hal_spi.o
    0x08008ee0   0x08008ee0   0x0000004a   Code   RO          798    .text.SPI_2linesTxISR_16BIT  stm32f4xx_hal_spi.o
    0x08008f2a   0x08008f2a   0x00000002   PAD
    0x08008f2c   0x08008f2c   0x0000004a   Code   RO          802    .text.SPI_2linesTxISR_8BIT  stm32f4xx_hal_spi.o
    0x08008f76   0x08008f76   0x00000002   PAD
    0x08008f78   0x08008f78   0x0000008c   Code   RO          828    .text.SPI_AbortRx_ISR  stm32f4xx_hal_spi.o
    0x08009004   0x08009004   0x00000028   Code   RO          826    .text.SPI_AbortTx_ISR  stm32f4xx_hal_spi.o
    0x0800902c   0x0800902c   0x000000f6   Code   RO          866    .text.SPI_CloseRxTx_ISR  stm32f4xx_hal_spi.o
    0x08009122   0x08009122   0x00000002   PAD
    0x08009124   0x08009124   0x00000020   Code   RO          846    .text.SPI_DMAAbortOnError  stm32f4xx_hal_spi.o
    0x08009144   0x08009144   0x000000c0   Code   RO          834    .text.SPI_DMARxAbortCallback  stm32f4xx_hal_spi.o
    0x08009204   0x08009204   0x000000e8   Code   RO          832    .text.SPI_DMATxAbortCallback  stm32f4xx_hal_spi.o
    0x080092ec   0x080092ec   0x000000a4   Code   RO          774    .text.SPI_EndRxTxTransaction  stm32f4xx_hal_spi.o
    0x08009390   0x08009390   0x0000012a   Code   RO          872    .text.SPI_WaitFlagStateUntilTimeout  stm32f4xx_hal_spi.o
    0x080094ba   0x080094ba   0x00000002   PAD
    0x080094bc   0x080094bc   0x00000052   Code   RO          630    .text.SysTick_Config  stm32f4xx_hal_cortex.o
    0x0800950e   0x0800950e   0x00000002   PAD
    0x08009510   0x08009510   0x00000048   Code   RO         2130    .text.SysTick_Config  perf_counter.o
    0x08009558   0x08009558   0x00000010   Code   RO         1951    .text.SysTick_Handler  board.o
    0x08009568   0x08009568   0x000000b8   Code   RO           13    .text.SystemClock_Config  main.o
    0x08009620   0x08009620   0x0000012e   Code   RO         1348    .text.SystemCoreClockUpdate  system_stm32f4xx.o
    0x0800974e   0x0800974e   0x00000002   PAD
    0x08009750   0x08009750   0x00000012   Code   RO         1346    .text.SystemInit    system_stm32f4xx.o
    0x08009762   0x08009762   0x00000002   PAD
    0x08009764   0x08009764   0x00000018   Code   RO           72    .text.TIM1_UP_TIM10_IRQHandler  stm32f4xx_it.o
    0x0800977c   0x0800977c   0x000000d4   Code   RO         2353    .text.TIM3_IRQHandler  serv_ad7490_fetcher.o
    0x08009850   0x08009850   0x0000013a   Code   RO          885    .text.TIM_Base_SetConfig  stm32f4xx_hal_tim.o
    0x0800998a   0x0800998a   0x00000002   PAD
    0x0800998c   0x0800998c   0x00000036   Code   RO          919    .text.TIM_CCxChannelCmd  stm32f4xx_hal_tim.o
    0x080099c2   0x080099c2   0x00000002   PAD
    0x080099c4   0x080099c4   0x00000034   Code   RO         1071    .text.TIM_ETR_SetConfig  stm32f4xx_hal_tim.o
    0x080099f8   0x080099f8   0x0000002a   Code   RO         1077    .text.TIM_ITRx_SetConfig  stm32f4xx_hal_tim.o
    0x08009a22   0x08009a22   0x00000002   PAD
    0x08009a24   0x08009a24   0x000000ca   Code   RO         1029    .text.TIM_OC1_SetConfig  stm32f4xx_hal_tim.o
    0x08009aee   0x08009aee   0x00000002   PAD
    0x08009af0   0x08009af0   0x000000d4   Code   RO         1031    .text.TIM_OC2_SetConfig  stm32f4xx_hal_tim.o
    0x08009bc4   0x08009bc4   0x000000d2   Code   RO         1033    .text.TIM_OC3_SetConfig  stm32f4xx_hal_tim.o
    0x08009c96   0x08009c96   0x00000002   PAD
    0x08009c98   0x08009c98   0x00000094   Code   RO         1035    .text.TIM_OC4_SetConfig  stm32f4xx_hal_tim.o
    0x08009d2c   0x08009d2c   0x00000050   Code   RO         1075    .text.TIM_TI1_ConfigInputStage  stm32f4xx_hal_tim.o
    0x08009d7c   0x08009d7c   0x00000052   Code   RO         1079    .text.TIM_TI2_ConfigInputStage  stm32f4xx_hal_tim.o
    0x08009dce   0x08009dce   0x00000002   PAD
    0x08009dd0   0x08009dd0   0x00000020   Code   RO         1303    .text.UART_DMAAbortOnError  stm32f4xx_hal_uart.o
    0x08009df0   0x08009df0   0x0000007c   Code   RO         1251    .text.UART_DMAError  stm32f4xx_hal_uart.o
    0x08009e6c   0x08009e6c   0x000000ee   Code   RO         1335    .text.UART_DMAReceiveCplt  stm32f4xx_hal_uart.o
    0x08009f5a   0x08009f5a   0x00000002   PAD
    0x08009f5c   0x08009f5c   0x0000002e   Code   RO         1337    .text.UART_DMARxHalfCplt  stm32f4xx_hal_uart.o
    0x08009f8a   0x08009f8a   0x00000002   PAD
    0x08009f8c   0x08009f8c   0x0000007a   Code   RO         1247    .text.UART_DMATransmitCplt  stm32f4xx_hal_uart.o
    0x0800a006   0x0800a006   0x00000002   PAD
    0x0800a008   0x0800a008   0x00000016   Code   RO         1249    .text.UART_DMATxHalfCplt  stm32f4xx_hal_uart.o
    0x0800a01e   0x0800a01e   0x00000002   PAD
    0x0800a020   0x0800a020   0x00000094   Code   RO         1265    .text.UART_EndRxTransfer  stm32f4xx_hal_uart.o
    0x0800a0b4   0x0800a0b4   0x00000026   Code   RO         1311    .text.UART_EndTransmit_IT  stm32f4xx_hal_uart.o
    0x0800a0da   0x0800a0da   0x00000002   PAD
    0x0800a0dc   0x0800a0dc   0x00000036   Code   RO         1263    .text.UART_EndTxTransfer  stm32f4xx_hal_uart.o
    0x0800a112   0x0800a112   0x00000002   PAD
    0x0800a114   0x0800a114   0x00000164   Code   RO         1301    .text.UART_Receive_IT  stm32f4xx_hal_uart.o
    0x0800a278   0x0800a278   0x0000013a   Code   RO         1221    .text.UART_SetConfig  stm32f4xx_hal_uart.o
    0x0800a3b2   0x0800a3b2   0x00000002   PAD
    0x0800a3b4   0x0800a3b4   0x0000010e   Code   RO         1255    .text.UART_Start_Receive_DMA  stm32f4xx_hal_uart.o
    0x0800a4c2   0x0800a4c2   0x00000002   PAD
    0x0800a4c4   0x0800a4c4   0x00000094   Code   RO         1309    .text.UART_Transmit_IT  stm32f4xx_hal_uart.o
    0x0800a558   0x0800a558   0x000000d2   Code   RO         1235    .text.UART_WaitOnFlagUntilTimeout  stm32f4xx_hal_uart.o
    0x0800a62a   0x0800a62a   0x00000002   PAD
    0x0800a62c   0x0800a62c   0x0000005a   Code   RO         2077    .text.USART1_IRQHandler  dma_io_declaration.o
    0x0800a686   0x0800a686   0x00000002   PAD
    0x0800a688   0x0800a688   0x0000005a   Code   RO         2079    .text.USART2_IRQHandler  dma_io_declaration.o
    0x0800a6e2   0x0800a6e2   0x00000002   PAD
    0x0800a6e4   0x0800a6e4   0x0000005a   Code   RO         2081    .text.USART6_IRQHandler  dma_io_declaration.o
    0x0800a73e   0x0800a73e   0x00000002   PAD
    0x0800a740   0x0800a740   0x00000004   Code   RO           64    .text.UsageFault_Handler  stm32f4xx_it.o
    0x0800a744   0x0800a744   0x00000030   Code   RO          618    .text.__NVIC_EnableIRQ  stm32f4xx_hal_cortex.o
    0x0800a774   0x0800a774   0x00000010   Code   RO          610    .text.__NVIC_GetPriorityGrouping  stm32f4xx_hal_cortex.o
    0x0800a784   0x0800a784   0x00000042   Code   RO          612    .text.__NVIC_SetPriority  stm32f4xx_hal_cortex.o
    0x0800a7c6   0x0800a7c6   0x00000002   PAD
    0x0800a7c8   0x0800a7c8   0x0000003c   Code   RO          606    .text.__NVIC_SetPriorityGrouping  stm32f4xx_hal_cortex.o
    0x0800a804   0x0800a804   0x00000078   Code   RO         2162    .text.__on_context_switch_in  perf_counter.o
    0x0800a87c   0x0800a87c   0x000000a8   Code   RO         2164    .text.__on_context_switch_out  perf_counter.o
    0x0800a924   0x0800a924   0x0000000a   Code   RO         2138    .text.__perf_counter_init  perf_counter.o
    0x0800a92e   0x0800a92e   0x00000002   PAD
    0x0800a930   0x0800a930   0x00000010   Code   RO         2184    .text.__perf_os_patch_init  perf_os_patch_rt_thread.o
    0x0800a940   0x0800a940   0x0000007e   Code   RO         1606    .text.__rt_ffs      kservice.o
    0x0800a9be   0x0800a9be   0x00000002   PAD
    0x0800a9c0   0x0800a9c0   0x00000024   Code   RO         2182    .text.__rt_thread_scheduler_hook  perf_os_patch_rt_thread.o
    0x0800a9e4   0x0800a9e4   0x0000001c   Code   RO         1425    .text._has_defunct_thread  idle.o
    0x0800aa00   0x0800aa00   0x0000001e   Code   RO         1468    .text._ipc_list_resume  ipc.o
    0x0800aa1e   0x0800aa1e   0x00000002   PAD
    0x0800aa20   0x0800aa20   0x000000aa   Code   RO         1460    .text._ipc_list_suspend  ipc.o
    0x0800aaca   0x0800aaca   0x00000002   PAD
    0x0800aacc   0x0800aacc   0x00000014   Code   RO         1448    .text._ipc_object_init  ipc.o
    0x0800aae0   0x0800aae0   0x000000f2   Code   RO         2016    .text._msh_exec_cmd  msh.o
    0x0800abd2   0x0800abd2   0x00000002   PAD
    0x0800abd4   0x0800abd4   0x00000094   Code   RO         1760    .text._rt_scheduler_stack_check  scheduler.o
    0x0800ac68   0x0800ac68   0x0000010a   Code   RO         1808    .text._rt_thread_init  thread.o
    0x0800ad72   0x0800ad72   0x00000002   PAD
    0x0800ad74   0x0800ad74   0x00000068   Code   RO         1863    .text._rt_timer_init  timer.o
    0x0800addc   0x0800addc   0x00000030   Code   RO         1867    .text._rt_timer_remove  timer.o
    0x0800ae0c   0x0800ae0c   0x0000002a   Code   RO         1802    .text._thread_cleanup_execute  thread.o
    0x0800ae36   0x0800ae36   0x00000002   PAD
    0x0800ae38   0x0800ae38   0x000000c0   Code   RO         2441    .text.app_adc2pressure  app_main_control.o
    0x0800aef8   0x0800aef8   0x000001c8   Code   RO         2445    .text.app_cali_func_auto  app_main_control.o
    0x0800b0c0   0x0800b0c0   0x00000066   Code   RO         2439    .text.app_change_loop_time  app_main_control.o
    0x0800b126   0x0800b126   0x00000002   PAD
    0x0800b128   0x0800b128   0x00000076   Code   RO         2423    .text.app_check_control_value  app_main_control.o
    0x0800b19e   0x0800b19e   0x00000002   PAD
    0x0800b1a0   0x0800b1a0   0x00000076   Code   RO         2425    .text.app_check_error_value  app_main_control.o
    0x0800b216   0x0800b216   0x00000002   PAD
    0x0800b218   0x0800b218   0x000000aa   Code   RO         2431    .text.app_eject_air  app_main_control.o
    0x0800b2c2   0x0800b2c2   0x00000002   PAD
    0x0800b2c4   0x0800b2c4   0x00000096   Code   RO         2419    .text.app_eject_air_main  app_main_control.o
    0x0800b35a   0x0800b35a   0x00000002   PAD
    0x0800b35c   0x0800b35c   0x000000a4   Code   RO         2433    .text.app_eject_air_stop  app_main_control.o
    0x0800b400   0x0800b400   0x0000012e   Code   RO         2413    .text.app_main_control_init  app_main_control.o
    0x0800b52e   0x0800b52e   0x00000002   PAD
    0x0800b530   0x0800b530   0x000005ba   Code   RO         2417    .text.app_main_control_main  app_main_control.o
    0x0800baea   0x0800baea   0x00000002   PAD
    0x0800baec   0x0800baec   0x000001a4   Code   RO         2435    .text.app_release_pressure_start  app_main_control.o
    0x0800bc90   0x0800bc90   0x0000019e   Code   RO         2437    .text.app_release_pressure_stop  app_main_control.o
    0x0800be2e   0x0800be2e   0x00000002   PAD
    0x0800be30   0x0800be30   0x00000198   Code   RO         2429    .text.app_set_deadzone  app_main_control.o
    0x0800bfc8   0x0800bfc8   0x00000240   Code   RO         2421    .text.app_update_control_value  app_main_control.o
    0x0800c208   0x0800c208   0x000001e8   Code   RO         2427    .text.app_zero_calibration  app_main_control.o
    0x0800c3f0   0x0800c3f0   0x000000fc   Code   RO         1929    .text.bus_fault_track  cpuport.o
    0x0800c4ec   0x0800c4ec   0x0000005c   Code   RO         2136    .text.check_systick  perf_counter.o
    0x0800c548   0x0800c548   0x00000012   Code   RO         2012    .text.cmd_free      msh.o
    0x0800c55a   0x0800c55a   0x00000002   PAD
    0x0800c55c   0x0800c55c   0x00000012   Code   RO         2010    .text.cmd_ps        msh.o
    0x0800c56e   0x0800c56e   0x00000002   PAD
    0x0800c570   0x0800c570   0x0000005a   Code   RO         2199    .text.core_delay_init  core_delay.o
    0x0800c5ca   0x0800c5ca   0x00000002   PAD
    0x0800c5cc   0x0800c5cc   0x000000c2   Code   RO         2209    .text.core_delay_us  core_delay.o
    0x0800c68e   0x0800c68e   0x00000002   PAD
    0x0800c690   0x0800c690   0x0000003e   Code   RO         2365    .text.cs_change_pin_manual  serv_ad7490_fetcher.o
    0x0800c6ce   0x0800c6ce   0x00000002   PAD
    0x0800c6d0   0x0800c6d0   0x0000003e   Code   RO         2367    .text.cs_change_pin_pwm  serv_ad7490_fetcher.o
    0x0800c70e   0x0800c70e   0x00000002   PAD
    0x0800c710   0x0800c710   0x000000f0   Code   RO         2347    .text.cs_timer_init  serv_ad7490_fetcher.o
    0x0800c800   0x0800c800   0x0000006c   Code   RO         2140    .text.delay_us      perf_counter.o
    0x0800c86c   0x0800c86c   0x0000013a   Code   RO         2222    .text.dev_ad7490_config  dev_ad7490.o
    0x0800c9a6   0x0800c9a6   0x00000002   PAD
    0x0800c9a8   0x0800c9a8   0x000000b6   Code   RO         2226    .text.dev_ad7490_control  dev_ad7490.o
    0x0800ca5e   0x0800ca5e   0x00000002   PAD
    0x0800ca60   0x0800ca60   0x00000056   Code   RO         2244    .text.dev_ad7490_decode_data  dev_ad7490.o
    0x0800cab6   0x0800cab6   0x00000002   PAD
    0x0800cab8   0x0800cab8   0x00000198   Code   RO         2224    .text.dev_ad7490_generate_control_seq  dev_ad7490.o
    0x0800cc50   0x0800cc50   0x000001e8   Code   RO         2220    .text.dev_ad7490_init  dev_ad7490.o
    0x0800ce38   0x0800ce38   0x0000018a   Code   RO         2230    .text.dev_ad7490_set_option_mode  dev_ad7490.o
    0x0800cfc2   0x0800cfc2   0x00000002   PAD
    0x0800cfc4   0x0800cfc4   0x000000fa   Code   RO         2232    .text.dev_ad7490_set_power_mode  dev_ad7490.o
    0x0800d0be   0x0800d0be   0x00000002   PAD
    0x0800d0c0   0x0800d0c0   0x000000b8   Code   RO         2228    .text.dev_ad7490_set_range  dev_ad7490.o
    0x0800d178   0x0800d178   0x0000003a   Code   RO         2260    .text.dev_tca9539_init  dev_tca9539.o
    0x0800d1b2   0x0800d1b2   0x00000002   PAD
    0x0800d1b4   0x0800d1b4   0x0000001e   Code   RO         2270    .text.dev_tca9539_write_aio  dev_tca9539.o
    0x0800d1d2   0x0800d1d2   0x00000002   PAD
    0x0800d1d4   0x0800d1d4   0x00000092   Code   RO         2262    .text.dev_tca9539_write_reg  dev_tca9539.o
    0x0800d266   0x0800d266   0x00000002   PAD
    0x0800d268   0x0800d268   0x00000052   Code   RO         1612    .text.divide        kservice.o
    0x0800d2ba   0x0800d2ba   0x00000002   PAD
    0x0800d2bc   0x0800d2bc   0x0000028e   Code   RO         2100    .text.dma_io_construct  usart_dma_io.o
    0x0800d54a   0x0800d54a   0x00000002   PAD
    0x0800d54c   0x0800d54c   0x00000030   Code   RO         2106    .text.dma_io_echo   usart_dma_io.o
    0x0800d57c   0x0800d57c   0x00000016   Code   RO         2108    .text.dma_io_get_reclength  usart_dma_io.o
    0x0800d592   0x0800d592   0x00000002   PAD
    0x0800d594   0x0800d594   0x00000024   Code   RO         2110    .text.dma_io_setRX_IT  usart_dma_io.o
    0x0800d5b8   0x0800d5b8   0x00000030   Code   RO         2104    .text.dma_output    usart_dma_io.o
    0x0800d5e8   0x0800d5e8   0x00000070   Code   RO         2102    .text.dma_printf    usart_dma_io.o
    0x0800d658   0x0800d658   0x000000b0   Code   RO         2038    .text.finsh_get_prompt  shell.o
    0x0800d708   0x0800d708   0x00000008   Code   RO         2050    .text.finsh_getchar  shell.o
    0x0800d710   0x0800d710   0x00000052   Code   RO         2042    .text.finsh_set_prompt_mode  shell.o
    0x0800d762   0x0800d762   0x00000002   PAD
    0x0800d764   0x0800d764   0x00000022   Code   RO         2054    .text.finsh_system_function_init  shell.o
    0x0800d786   0x0800d786   0x00000002   PAD
    0x0800d788   0x0800d788   0x000000b2   Code   RO         2058    .text.finsh_system_init  shell.o
    0x0800d83a   0x0800d83a   0x00000002   PAD
    0x0800d83c   0x0800d83c   0x000004c0   Code   RO         2048    .text.finsh_thread_entry  shell.o
    0x0800dcfc   0x0800dcfc   0x00000064   Code   RO         2142    .text.get_system_ticks  perf_counter.o
    0x0800dd60   0x0800dd60   0x00000092   Code   RO         1923    .text.hard_fault_track  cpuport.o
    0x0800ddf2   0x0800ddf2   0x00000002   PAD
    0x0800ddf4   0x0800ddf4   0x00000012   Code   RO         1963    .text.hello         cmd.o
    0x0800de06   0x0800de06   0x00000002   PAD
    0x0800de08   0x0800de08   0x000000b8   Code   RO           11    .text.hw_init       main.o
    0x0800dec0   0x0800dec0   0x000000a2   Code   RO         2128    .text.init_cycle_counter  perf_counter.o
    0x0800df62   0x0800df62   0x00000002   PAD
    0x0800df64   0x0800df64   0x0000008a   Code   RO         2298    .text.led_sig_set_index  serv_led_sign.o
    0x0800dfee   0x0800dfee   0x00000002   PAD
    0x0800dff0   0x0800dff0   0x0000006a   Code   RO         1993    .text.list          cmd.o
    0x0800e05a   0x0800e05a   0x00000002   PAD
    0x0800e05c   0x0800e05c   0x0000011c   Code   RO         1983    .text.list_event    cmd.o
    0x0800e178   0x0800e178   0x00000042   Code   RO         1969    .text.list_find_init  cmd.o
    0x0800e1ba   0x0800e1ba   0x00000002   PAD
    0x0800e1bc   0x0800e1bc   0x000000ce   Code   RO         1973    .text.list_get_next  cmd.o
    0x0800e28a   0x0800e28a   0x00000002   PAD
    0x0800e28c   0x0800e28c   0x0000014e   Code   RO         1987    .text.list_mailbox  cmd.o
    0x0800e3da   0x0800e3da   0x00000002   PAD
    0x0800e3dc   0x0800e3dc   0x00000046   Code   RO         1646    .text.list_mem      mem.o
    0x0800e422   0x0800e422   0x00000002   PAD
    0x0800e424   0x0800e424   0x00000152   Code   RO         1989    .text.list_mempool  cmd.o
    0x0800e576   0x0800e576   0x00000002   PAD
    0x0800e578   0x0800e578   0x000000f0   Code   RO         1985    .text.list_mutex    cmd.o
    0x0800e668   0x0800e668   0x00000136   Code   RO         1975    .text.list_sem      cmd.o
    0x0800e79e   0x0800e79e   0x00000002   PAD
    0x0800e7a0   0x0800e7a0   0x000001bc   Code   RO         1967    .text.list_thread   cmd.o
    0x0800e95c   0x0800e95c   0x00000108   Code   RO         1991    .text.list_timer    cmd.o
    0x0800ea64   0x0800ea64   0x000000a8   Code   RO           29    .text.main          main.o
    0x0800eb0c   0x0800eb0c   0x00000012   Code   RO         1398    .text.main_thread_entry  components.o
    0x0800eb1e   0x0800eb1e   0x00000002   PAD
    0x0800eb20   0x0800eb20   0x000000dc   Code   RO         1931    .text.mem_manage_fault_track  cpuport.o
    0x0800ebfc   0x0800ebfc   0x000000d8   Code   RO         2018    .text.msh_auto_complete  msh.o
    0x0800ecd4   0x0800ecd4   0x000000c2   Code   RO         2014    .text.msh_exec      msh.o
    0x0800ed96   0x0800ed96   0x00000002   PAD
    0x0800ed98   0x0800ed98   0x0000007c   Code   RO         2022    .text.msh_get_cmd   msh.o
    0x0800ee14   0x0800ee14   0x0000007c   Code   RO         2008    .text.msh_help      msh.o
    0x0800ee90   0x0800ee90   0x00000004   Code   RO         2006    .text.msh_is_used   msh.o
    0x0800ee94   0x0800ee94   0x000001ce   Code   RO         2024    .text.msh_split     msh.o
    0x0800f062   0x0800f062   0x00000002   PAD
    0x0800f064   0x0800f064   0x00000024   Code   RO         1971    .text.object_split  cmd.o
    0x0800f088   0x0800f088   0x00000158   Code   RO         1640    .text.plug_holes    mem.o
    0x0800f1e0   0x0800f1e0   0x00000264   Code   RO         1590    .text.print_number  kservice.o
    0x0800f444   0x0800f444   0x00000052   Code   RO         1400    .text.rt_application_init  components.o
    0x0800f496   0x0800f496   0x00000002   PAD
    0x0800f498   0x0800f498   0x00000056   Code   RO         1610    .text.rt_assert_handler  kservice.o
    0x0800f4ee   0x0800f4ee   0x00000002   PAD
    0x0800f4f0   0x0800f4f0   0x00000030   Code   RO         1642    .text.rt_calloc     mem.o
    0x0800f520   0x0800f520   0x00000054   Code   RO         1390    .text.rt_components_board_init  components.o
    0x0800f574   0x0800f574   0x00000060   Code   RO         1392    .text.rt_components_init  components.o
    0x0800f5d4   0x0800f5d4   0x00000088   Code   RO         2087    .text.rt_console_output_block  dma_io_declaration.o
    0x0800f65c   0x0800f65c   0x00000022   Code   RO         1772    .text.rt_enter_critical  scheduler.o
    0x0800f67e   0x0800f67e   0x00000002   PAD
    0x0800f680   0x0800f680   0x00000040   Code   RO         1492    .text.rt_event_create  ipc.o
    0x0800f6c0   0x0800f6c0   0x00000208   Code   RO         1498    .text.rt_event_recv  ipc.o
    0x0800f8c8   0x0800f8c8   0x0000017c   Code   RO         1496    .text.rt_event_send  ipc.o
    0x0800fa44   0x0800fa44   0x00000056   Code   RO         1774    .text.rt_exit_critical  scheduler.o
    0x0800fa9a   0x0800fa9a   0x00000002   PAD
    0x0800fa9c   0x0800fa9c   0x000001b8   Code   RO         1638    .text.rt_free       mem.o
    0x0800fc54   0x0800fc54   0x0000000a   Code   RO         1947    .text.rt_heap_begin_get  board.o
    0x0800fc5e   0x0800fc5e   0x00000002   PAD
    0x0800fc60   0x0800fc60   0x0000000e   Code   RO         1949    .text.rt_heap_end_get  board.o
    0x0800fc6e   0x0800fc6e   0x00000002   PAD
    0x0800fc70   0x0800fc70   0x00000044   Code   RO         1953    .text.rt_hw_board_init  board.o
    0x0800fcb4   0x0800fcb4   0x0000003e   Code   RO         2089    .text.rt_hw_console_getchar  dma_io_declaration.o
    0x0800fcf2   0x0800fcf2   0x00000002   PAD
    0x0800fcf4   0x0800fcf4   0x000000fe   Code   RO         2085    .text.rt_hw_console_output  dma_io_declaration.o
    0x0800fdf2   0x0800fdf2   0x00000002   PAD
    0x0800fdf4   0x0800fdf4   0x00000190   Code   RO         1921    .text.rt_hw_hard_fault_exception  cpuport.o
    0x0800ff84   0x0800ff84   0x00000080   Code   RO         1917    .text.rt_hw_stack_init  cpuport.o
    0x08010004   0x08010004   0x00000046   Code   RO         1536    .text.rt_interrupt_enter  irq.o
    0x0801004a   0x0801004a   0x00000002   PAD
    0x0801004c   0x0801004c   0x00000046   Code   RO         1538    .text.rt_interrupt_leave  irq.o
    0x08010092   0x08010092   0x00000002   PAD
    0x08010094   0x08010094   0x00000050   Code   RO         1584    .text.rt_kprintf    kservice.o
    0x080100e4   0x080100e4   0x00000010   Code   RO         1504    .text.rt_list_init  ipc.o
    0x080100f4   0x080100f4   0x00000010   Code   RO         1754    .text.rt_list_init  scheduler.o
    0x08010104   0x08010104   0x00000010   Code   RO         1844    .text.rt_list_init  thread.o
    0x08010114   0x08010114   0x00000010   Code   RO         1883    .text.rt_list_init  timer.o
    0x08010124   0x08010124   0x00000026   Code   RO         1720    .text.rt_list_insert_after  object.o
    0x0801014a   0x0801014a   0x00000002   PAD
    0x0801014c   0x0801014c   0x00000026   Code   RO         1804    .text.rt_list_insert_after  thread.o
    0x08010172   0x08010172   0x00000002   PAD
    0x08010174   0x08010174   0x00000026   Code   RO         1875    .text.rt_list_insert_after  timer.o
    0x0801019a   0x0801019a   0x00000002   PAD
    0x0801019c   0x0801019c   0x00000026   Code   RO         1522    .text.rt_list_insert_before  ipc.o
    0x080101c2   0x080101c2   0x00000002   PAD
    0x080101c4   0x080101c4   0x00000026   Code   RO         1764    .text.rt_list_insert_before  scheduler.o
    0x080101ea   0x080101ea   0x00000002   PAD
    0x080101ec   0x080101ec   0x00000026   Code   RO         1826    .text.rt_list_insert_before  thread.o
    0x08010212   0x08010212   0x00000002   PAD
    0x08010214   0x08010214   0x00000014   Code   RO         1466    .text.rt_list_isempty  ipc.o
    0x08010228   0x08010228   0x00000014   Code   RO         1770    .text.rt_list_isempty  scheduler.o
    0x0801023c   0x0801023c   0x00000014   Code   RO         1885    .text.rt_list_isempty  timer.o
    0x08010250   0x08010250   0x00000014   Code   RO         1977    .text.rt_list_isempty  cmd.o
    0x08010264   0x08010264   0x0000002e   Code   RO         1979    .text.rt_list_len   cmd.o
    0x08010292   0x08010292   0x00000002   PAD
    0x08010294   0x08010294   0x00000020   Code   RO         1427    .text.rt_list_remove  idle.o
    0x080102b4   0x080102b4   0x00000020   Code   RO         1724    .text.rt_list_remove  object.o
    0x080102d4   0x080102d4   0x00000020   Code   RO         1768    .text.rt_list_remove  scheduler.o
    0x080102f4   0x080102f4   0x00000020   Code   RO         1824    .text.rt_list_remove  thread.o
    0x08010314   0x08010314   0x00000020   Code   RO         1887    .text.rt_list_remove  timer.o
    0x08010334   0x08010334   0x0000037e   Code   RO         1634    .text.rt_malloc     mem.o
    0x080106b2   0x080106b2   0x00000002   PAD
    0x080106b4   0x080106b4   0x00000082   Code   RO         1562    .text.rt_memmove    kservice.o
    0x08010736   0x08010736   0x00000002   PAD
    0x08010738   0x08010738   0x000000b2   Code   RO         1558    .text.rt_memset     kservice.o
    0x080107ea   0x080107ea   0x00000002   PAD
    0x080107ec   0x080107ec   0x00000050   Code   RO         1476    .text.rt_mutex_create  ipc.o
    0x0801083c   0x0801083c   0x000000b6   Code   RO         1726    .text.rt_object_allocate  object.o
    0x080108f2   0x080108f2   0x00000002   PAD
    0x080108f4   0x080108f4   0x00000092   Code   RO         1728    .text.rt_object_delete  object.o
    0x08010986   0x08010986   0x00000002   PAD
    0x08010988   0x08010988   0x00000066   Code   RO         1722    .text.rt_object_detach  object.o
    0x080109ee   0x080109ee   0x00000002   PAD
    0x080109f0   0x080109f0   0x00000054   Code   RO         1712    .text.rt_object_get_information  object.o
    0x08010a44   0x08010a44   0x00000032   Code   RO         1732    .text.rt_object_get_type  object.o
    0x08010a76   0x08010a76   0x00000002   PAD
    0x08010a78   0x08010a78   0x000000e6   Code   RO         1718    .text.rt_object_init  object.o
    0x08010b5e   0x08010b5e   0x00000002   PAD
    0x08010b60   0x08010b60   0x00000044   Code   RO         1730    .text.rt_object_is_systemobject  object.o
    0x08010ba4   0x08010ba4   0x00000072   Code   RO         2492    .text.rt_ringbuffer_data_len  ringbuffer.o
    0x08010c16   0x08010c16   0x00000002   PAD
    0x08010c18   0x08010c18   0x00000102   Code   RO         2496    .text.rt_ringbuffer_get  ringbuffer.o
    0x08010d1a   0x08010d1a   0x00000002   PAD
    0x08010d1c   0x08010d1c   0x00000086   Code   RO         2506    .text.rt_ringbuffer_getchar  ringbuffer.o
    0x08010da2   0x08010da2   0x00000002   PAD
    0x08010da4   0x08010da4   0x0000008a   Code   RO         2488    .text.rt_ringbuffer_init  ringbuffer.o
    0x08010e2e   0x08010e2e   0x00000002   PAD
    0x08010e30   0x08010e30   0x00000114   Code   RO         2490    .text.rt_ringbuffer_put  ringbuffer.o
    0x08010f44   0x08010f44   0x00000048   Code   RO         2504    .text.rt_ringbuffer_status  ringbuffer.o
    0x08010f8c   0x08010f8c   0x000000e0   Code   RO         1758    .text.rt_schedule   scheduler.o
    0x0801106c   0x0801106c   0x00000074   Code   RO         1762    .text.rt_schedule_insert_thread  scheduler.o
    0x080110e0   0x080110e0   0x00000070   Code   RO         1766    .text.rt_schedule_remove_thread  scheduler.o
    0x08011150   0x08011150   0x00000014   Code   RO         1750    .text.rt_scheduler_sethook  scheduler.o
    0x08011164   0x08011164   0x00000066   Code   RO         1454    .text.rt_sem_create  ipc.o
    0x080111ca   0x080111ca   0x00000002   PAD
    0x080111cc   0x080111cc   0x00000076   Code   RO         1446    .text.rt_sem_init   ipc.o
    0x08011242   0x08011242   0x00000002   PAD
    0x08011244   0x08011244   0x000000de   Code   RO         1464    .text.rt_sem_release  ipc.o
    0x08011322   0x08011322   0x00000002   PAD
    0x08011324   0x08011324   0x00000134   Code   RO         1458    .text.rt_sem_take   ipc.o
    0x08011458   0x08011458   0x0000004a   Code   RO         1582    .text.rt_show_version  kservice.o
    0x080114a2   0x080114a2   0x00000002   PAD
    0x080114a4   0x080114a4   0x00000142   Code   RO         1893    .text.rt_soft_timer_check  timer.o
    0x080115e6   0x080115e6   0x00000002   PAD
    0x080115e8   0x080115e8   0x0000002a   Code   RO         1596    .text.rt_sprintf    kservice.o
    0x08011612   0x08011612   0x00000002   PAD
    0x08011614   0x08011614   0x0000004c   Code   RO         1576    .text.rt_strcmp     kservice.o
    0x08011660   0x08011660   0x00000026   Code   RO         1568    .text.rt_strlen     kservice.o
    0x08011686   0x08011686   0x00000002   PAD
    0x08011688   0x08011688   0x0000005c   Code   RO         1572    .text.rt_strncpy    kservice.o
    0x080116e4   0x080116e4   0x0000010a   Code   RO         1632    .text.rt_system_heap_init  mem.o
    0x080117ee   0x080117ee   0x00000002   PAD
    0x080117f0   0x080117f0   0x00000070   Code   RO         1752    .text.rt_system_scheduler_init  scheduler.o
    0x08011860   0x08011860   0x00000040   Code   RO         1756    .text.rt_system_scheduler_start  scheduler.o
    0x080118a0   0x080118a0   0x00000030   Code   RO         1895    .text.rt_system_timer_init  timer.o
    0x080118d0   0x080118d0   0x00000070   Code   RO         1897    .text.rt_system_timer_thread_init  timer.o
    0x08011940   0x08011940   0x0000007e   Code   RO         1818    .text.rt_thread_create  thread.o
    0x080119be   0x080119be   0x00000002   PAD
    0x080119c0   0x080119c0   0x00000010   Code   RO         1832    .text.rt_thread_delay  thread.o
    0x080119d0   0x080119d0   0x000000da   Code   RO         1820    .text.rt_thread_delete  thread.o
    0x08011aaa   0x08011aaa   0x00000002   PAD
    0x08011aac   0x08011aac   0x00000068   Code   RO         1800    .text.rt_thread_exit  thread.o
    0x08011b14   0x08011b14   0x0000004a   Code   RO         1431    .text.rt_thread_idle_entry  idle.o
    0x08011b5e   0x08011b5e   0x00000002   PAD
    0x08011b60   0x08011b60   0x0000004c   Code   RO         1423    .text.rt_thread_idle_excute  idle.o
    0x08011bac   0x08011bac   0x00000048   Code   RO         1429    .text.rt_thread_idle_init  idle.o
    0x08011bf4   0x08011bf4   0x00000094   Code   RO         1806    .text.rt_thread_init  thread.o
    0x08011c88   0x08011c88   0x00000018   Code   RO         1836    .text.rt_thread_mdelay  thread.o
    0x08011ca0   0x08011ca0   0x000000bc   Code   RO         1814    .text.rt_thread_resume  thread.o
    0x08011d5c   0x08011d5c   0x0000000c   Code   RO         1810    .text.rt_thread_self  thread.o
    0x08011d68   0x08011d68   0x0000009a   Code   RO         1828    .text.rt_thread_sleep  thread.o
    0x08011e02   0x08011e02   0x00000002   PAD
    0x08011e04   0x08011e04   0x000000ae   Code   RO         1812    .text.rt_thread_startup  thread.o
    0x08011eb2   0x08011eb2   0x00000002   PAD
    0x08011eb4   0x08011eb4   0x000000c4   Code   RO         1830    .text.rt_thread_suspend  thread.o
    0x08011f78   0x08011f78   0x00000098   Code   RO         1840    .text.rt_thread_timeout  thread.o
    0x08012010   0x08012010   0x0000005e   Code   RO         1899    .text.rt_thread_timer_entry  timer.o
    0x0801206e   0x0801206e   0x00000002   PAD
    0x08012070   0x08012070   0x00000074   Code   RO         1822    .text.rt_thread_yield  thread.o
    0x080120e4   0x080120e4   0x00000062   Code   RO         1372    .text.rt_tick_from_millisecond  clock.o
    0x08012146   0x08012146   0x00000002   PAD
    0x08012148   0x08012148   0x0000000c   Code   RO         1366    .text.rt_tick_get   clock.o
    0x08012154   0x08012154   0x0000003c   Code   RO         1370    .text.rt_tick_increase  clock.o
    0x08012190   0x08012190   0x00000122   Code   RO         1881    .text.rt_timer_check  timer.o
    0x080122b2   0x080122b2   0x00000002   PAD
    0x080122b4   0x080122b4   0x000000c0   Code   RO         1879    .text.rt_timer_control  timer.o
    0x08012374   0x08012374   0x0000004e   Code   RO         1869    .text.rt_timer_create  timer.o
    0x080123c2   0x080123c2   0x00000002   PAD
    0x080123c4   0x080123c4   0x00000092   Code   RO         1865    .text.rt_timer_detach  timer.o
    0x08012456   0x08012456   0x00000002   PAD
    0x08012458   0x08012458   0x0000005c   Code   RO         1861    .text.rt_timer_init  timer.o
    0x080124b4   0x080124b4   0x00000038   Code   RO         1891    .text.rt_timer_list_next_timeout  timer.o
    0x080124ec   0x080124ec   0x0000023a   Code   RO         1873    .text.rt_timer_start  timer.o
    0x08012726   0x08012726   0x00000002   PAD
    0x08012728   0x08012728   0x000000a8   Code   RO         1877    .text.rt_timer_stop  timer.o
    0x080127d0   0x080127d0   0x000005c8   Code   RO         1586    .text.rt_vsnprintf  kservice.o
    0x08012d98   0x08012d98   0x0000001c   Code   RO         1594    .text.rt_vsprintf   kservice.o
    0x08012db4   0x08012db4   0x00000004   Code   RO         1386    .text.rti_board_end  components.o
    0x08012db8   0x08012db8   0x00000004   Code   RO         1384    .text.rti_board_start  components.o
    0x08012dbc   0x08012dbc   0x00000004   Code   RO         1388    .text.rti_end       components.o
    0x08012dc0   0x08012dc0   0x00000004   Code   RO         1382    .text.rti_start     components.o
    0x08012dc4   0x08012dc4   0x0000002a   Code   RO         1396    .text.rtthread_startup  components.o
    0x08012dee   0x08012dee   0x00000002   PAD
    0x08012df0   0x08012df0   0x0000001c   Code   RO         2341    .text.serv_ad7490_cs_start  serv_ad7490_fetcher.o
    0x08012e0c   0x08012e0c   0x0000001c   Code   RO         2343    .text.serv_ad7490_cs_stop  serv_ad7490_fetcher.o
    0x08012e28   0x08012e28   0x000000c8   Code   RO         2335    .text.serv_ad7490_fetcher_init  serv_ad7490_fetcher.o
    0x08012ef0   0x08012ef0   0x000002fe   Code   RO         2337    .text.serv_ad7490_fetcher_main  serv_ad7490_fetcher.o
    0x080131ee   0x080131ee   0x00000002   PAD
    0x080131f0   0x080131f0   0x00000106   Code   RO         2345    .text.serv_ad7490_hw_init  serv_ad7490_fetcher.o
    0x080132f6   0x080132f6   0x00000002   PAD
    0x080132f8   0x080132f8   0x000000c0   Code   RO         2361    .text.serv_adc2pressure  serv_ad7490_fetcher.o
    0x080133b8   0x080133b8   0x0000003e   Code   RO         2296    .text.serv_led_sign_hw_init  serv_led_sign.o
    0x080133f6   0x080133f6   0x00000002   PAD
    0x080133f8   0x080133f8   0x0000007c   Code   RO         2290    .text.serv_led_sign_init  serv_led_sign.o
    0x08013474   0x08013474   0x00000242   Code   RO         2292    .text.serv_led_sign_main  serv_led_sign.o
    0x080136b6   0x080136b6   0x00000002   PAD
    0x080136b8   0x080136b8   0x0000002c   Code   RO         2294    .text.serv_led_sign_send_event  serv_led_sign.o
    0x080136e4   0x080136e4   0x000002a4   Code   RO         2359    .text.serv_set_sample_mode  serv_ad7490_fetcher.o
    0x08013988   0x08013988   0x0000021c   Code   RO         2357    .text.serv_set_sample_rate  serv_ad7490_fetcher.o
    0x08013ba4   0x08013ba4   0x00000114   Code   RO         2524    .text.serv_tca_hw_init  serv_tca_io.o
    0x08013cb8   0x08013cb8   0x00000010   Code   RO         2522    .text.serv_tca_io_init  serv_tca_io.o
    0x08013cc8   0x08013cc8   0x00000010   Code   RO         2480    .text.serv_thread_init  serv_global.o
    0x08013cd8   0x08013cd8   0x0000004a   Code   RO         2300    .text.serv_write_led  serv_led_sign.o
    0x08013d22   0x08013d22   0x00000002   PAD
    0x08013d24   0x08013d24   0x0000003e   Code   RO         2052    .text.shell_auto_complete  shell.o
    0x08013d62   0x08013d62   0x00000002   PAD
    0x08013d64   0x08013d64   0x00000054   Code   RO         1981    .text.show_wait_queue  cmd.o
    0x08013db8   0x08013db8   0x00000038   Code   RO         1588    .text.skip_atoi     kservice.o
    0x08013df0   0x08013df0   0x00000012   Code   RO         2443    .text.start_cali    app_main_control.o
    0x08013e02   0x08013e02   0x00000002   PAD
    0x08013e04   0x08013e04   0x000000a4   Code   RO         2205    .text.start_core_count  core_delay.o
    0x08013ea8   0x08013ea8   0x00000082   Code   RO         2132    .text.start_cycle_counter  perf_counter.o
    0x08013f2a   0x08013f2a   0x00000002   PAD
    0x08013f2c   0x08013f2c   0x0000007e   Code   RO         2207    .text.stop_core_count  core_delay.o
    0x08013faa   0x08013faa   0x00000002   PAD
    0x08013fac   0x08013fac   0x00000062   Code   RO         2134    .text.stop_cycle_counter  perf_counter.o
    0x0801400e   0x0801400e   0x00000002   PAD
    0x08014010   0x08014010   0x00000058   Code   RO         2020    .text.str_common    msh.o
    0x08014068   0x08014068   0x000000c0   Code   RO         2415    .text.timeout_entry  app_main_control.o
    0x08014128   0x08014128   0x000000f0   Code   RO         1933    .text.usage_fault_track  cpuport.o
    0x08014218   0x08014218   0x0000003c   Code   RO         2124    .text.user_code_insert_to_systick_handler  perf_counter.o
    0x08014254   0x08014254   0x0000000a   Code   RO         1965    .text.version       cmd.o
    0x0801425e   0x0801425e   0x0000003e   Code   RO         2852    CL$$btod_d2e        c_w.l(btod.o)
    0x0801429c   0x0801429c   0x00000046   Code   RO         2854    CL$$btod_d2e_denorm_low  c_w.l(btod.o)
    0x080142e2   0x080142e2   0x00000060   Code   RO         2853    CL$$btod_d2e_norm_op1  c_w.l(btod.o)
    0x08014342   0x08014342   0x00000002   PAD
    0x08014344   0x08014344   0x00000338   Code   RO         2862    CL$$btod_div_common  c_w.l(btod.o)
    0x0801467c   0x0801467c   0x00000084   Code   RO         2860    CL$$btod_e2d        c_w.l(btod.o)
    0x08014700   0x08014700   0x000000dc   Code   RO         2859    CL$$btod_e2e        c_w.l(btod.o)
    0x080147dc   0x080147dc   0x0000002a   Code   RO         2856    CL$$btod_ediv       c_w.l(btod.o)
    0x08014806   0x08014806   0x0000002a   Code   RO         2858    CL$$btod_edivd      c_w.l(btod.o)
    0x08014830   0x08014830   0x0000002a   Code   RO         2855    CL$$btod_emul       c_w.l(btod.o)
    0x0801485a   0x0801485a   0x0000002a   Code   RO         2857    CL$$btod_emuld      c_w.l(btod.o)
    0x08014884   0x08014884   0x00000244   Code   RO         2861    CL$$btod_mult_common  c_w.l(btod.o)
    0x08014ac8   0x08014ac8   0x00000030   Code   RO         2899    i.__ARM_fpclassify  m_wm.l(fpclassify.o)
    0x08014af8   0x08014af8   0x000000f8   Code   RO         2936    i.__hardfp___mathlib_tofloat  m_wm.l(narrow.o)
    0x08014bf0   0x08014bf0   0x00000038   Code   RO         2594    i.__hardfp_atof     m_wm.l(atof.o)
    0x08014c28   0x08014c28   0x000000d0   Code   RO         2991    i.__hardfp_ldexp    m_wm.l(ldexp.o)
    0x08014cf8   0x08014cf8   0x00000020   Code   RO         3035    i.__mathlib_dbl_overflow  m_wm.l(dunder.o)
    0x08014d18   0x08014d18   0x00000020   Code   RO         3037    i.__mathlib_dbl_underflow  m_wm.l(dunder.o)
    0x08014d38   0x08014d38   0x00000012   Code   RO         2937    i.__mathlib_narrow  m_wm.l(narrow.o)
    0x08014d4a   0x08014d4a   0x00000014   Code   RO         2993    i.__support_ldexp   m_wm.l(ldexp.o)
    0x08014d5e   0x08014d5e   0x0000000e   Code   RO         2670    i._is_digit         c_w.l(__printf_wp.o)
    0x08014d6c   0x08014d6c   0x00000004   PAD
    0x08014d70   0x08014d70   0x0000008c   Code   RO         2976    i.frexp             m_wm.l(frexp.o)
    0x08014dfc   0x08014dfc   0x0000002c   Code   RO         2824    locale$$code        c_w.l(lc_numeric_c.o)
    0x08014e28   0x08014e28   0x0000002c   Code   RO         2877    locale$$code        c_w.l(lc_ctype_c.o)
    0x08014e54   0x08014e54   0x00000062   Code   RO         2970    x$fpl$d2f           fz_wm.l(d2f.o)
    0x08014eb6   0x08014eb6   0x00000002   PAD
    0x08014eb8   0x08014eb8   0x00000150   Code   RO         2578    x$fpl$dadd          fz_wm.l(daddsub_clz.o)
    0x08015008   0x08015008   0x00000010   Code   RO         3045    x$fpl$dcheck1       fz_wm.l(dcheck1.o)
    0x08015018   0x08015018   0x00000018   Code   RO         2828    x$fpl$dcmpinf       fz_wm.l(dcmpi.o)
    0x08015030   0x08015030   0x00000078   Code   RO         2756    x$fpl$deqf          fz_wm.l(deqf.o)
    0x080150a8   0x080150a8   0x0000002e   Code   RO         2587    x$fpl$dflt          fz_wm.l(dflt_clz.o)
    0x080150d6   0x080150d6   0x00000026   Code   RO         2586    x$fpl$dfltu         fz_wm.l(dflt_clz.o)
    0x080150fc   0x080150fc   0x00000078   Code   RO         2758    x$fpl$dgeqf         fz_wm.l(dgeqf.o)
    0x08015174   0x08015174   0x00000078   Code   RO         2760    x$fpl$dleqf         fz_wm.l(dleqf.o)
    0x080151ec   0x080151ec   0x00000154   Code   RO         2592    x$fpl$dmul          fz_wm.l(dmul.o)
    0x08015340   0x08015340   0x0000009c   Code   RO         2762    x$fpl$dnaninf       fz_wm.l(dnaninf.o)
    0x080153dc   0x080153dc   0x0000000c   Code   RO         2764    x$fpl$dretinf       fz_wm.l(dretinf.o)
    0x080153e8   0x080153e8   0x0000006c   Code   RO         2972    x$fpl$drleqf        fz_wm.l(drleqf.o)
    0x08015454   0x08015454   0x000001dc   Code   RO         2580    x$fpl$dsub          fz_wm.l(daddsub_clz.o)
    0x08015630   0x08015630   0x00000054   Code   RO         2584    x$fpl$fcmp          fz_wm.l(dcmp.o)
    0x08015684   0x08015684   0x0000001a   Code   RO         2830    x$fpl$fpinit        fz_wm.l(fpinit.o)
    0x0801569e   0x0801569e   0x0000000a   Code   RO         2989    x$fpl$fretinf       fz_wm.l(fretinf.o)
    0x080156a8   0x080156a8   0x00000006   Code   RO         2897    x$fpl$ieeestatus    fz_wm.l(istatus.o)
    0x080156ae   0x080156ae   0x00000004   Code   RO         2766    x$fpl$printf1       fz_wm.l(printf1.o)
    0x080156b2   0x080156b2   0x00000004   Code   RO         2768    x$fpl$printf2       fz_wm.l(printf2.o)
    0x080156b6   0x080156b6   0x00000064   Code   RO         3051    x$fpl$retnan        fz_wm.l(retnan.o)
    0x0801571a   0x0801571a   0x0000005c   Code   RO         3029    x$fpl$scalbn        fz_wm.l(scalbn.o)
    0x08015776   0x08015776   0x00000004   Code   RO         2832    x$fpl$scanf1        fz_wm.l(scanf1.o)
    0x0801577a   0x0801577a   0x00000008   Code   RO         2930    x$fpl$scanf2        fz_wm.l(scanf2.o)
    0x08015782   0x08015782   0x00000030   Code   RO         3053    x$fpl$trapveneer    fz_wm.l(trapv.o)
    0x080157b2   0x080157b2   0x00000000   Code   RO         2774    x$fpl$usenofp       fz_wm.l(usenofp.o)
    0x080157b2   0x080157b2   0x00000002   PAD
    0x080157b4   0x080157b4   0x00000008   Data   RO         2629    .constdata          c_w.l(_printf_wctomb.o)
    0x080157bc   0x080157bc   0x00000028   Data   RO         2658    .constdata          c_w.l(_printf_hex_int_ll_ptr.o)
    0x080157e4   0x080157e4   0x00000011   Data   RO         2678    .constdata          c_w.l(__printf_flags_ss_wp.o)
    0x080157f5   0x080157f5   0x00000026   Data   RO         2808    .constdata          c_w.l(_printf_fp_hex.o)
    0x0801581b   0x0801581b   0x00000001   PAD
    0x0801581c   0x0801581c   0x00000094   Data   RO         2850    .constdata          c_w.l(bigflt0.o)
    0x080158b0   0x080158b0   0x00000014   Data   RO         2404    .rodata..L__const.cs_change_pin_manual.CS_Initure  serv_ad7490_fetcher.o
    0x080158c4   0x080158c4   0x00000014   Data   RO         2405    .rodata..L__const.cs_change_pin_pwm.CS_Initure  serv_ad7490_fetcher.o
    0x080158d8   0x080158d8   0x00000014   Data   RO         2393    .rodata..L__const.serv_ad7490_hw_init.CS_Initure  serv_ad7490_fetcher.o
    0x080158ec   0x080158ec   0x00000014   Data   RO         2307    .rodata..L__const.serv_led_sign_hw_init.CS_Initure  serv_led_sign.o
    0x08015900   0x08015900   0x00000010   Data   RO         1351    .rodata.AHBPrescTable  system_stm32f4xx.o
    0x08015910   0x08015910   0x00000008   Data   RO         1352    .rodata.APBPrescTable  system_stm32f4xx.o
    0x08015918   0x08015918   0x00000008   Data   RO          528    .rodata.DMA_CalcBaseAndBitshift.flagBitshiftOffset  stm32f4xx_hal_dma.o
    0x08015920   0x08015920   0x00000006   Data   RO         2394    .rodata.FS1000Hz    serv_ad7490_fetcher.o
    0x08015926   0x08015926   0x00000006   Data   RO         2397    .rodata.FS100Hz     serv_ad7490_fetcher.o
    0x0801592c   0x0801592c   0x00000006   Data   RO         2399    .rodata.FS10Hz      serv_ad7490_fetcher.o
    0x08015932   0x08015932   0x00000006   Data   RO         2396    .rodata.FS500Hz     serv_ad7490_fetcher.o
    0x08015938   0x08015938   0x00000006   Data   RO         2398    .rodata.FS50Hz      serv_ad7490_fetcher.o
    0x0801593e   0x0801593e   0x00000100   Data   RO         1617    .rodata.__lowest_bit_bitmap  kservice.o
    0x08015a3e   0x08015a3e   0x00000012   Data   RO         2068    .rodata.__rti_finsh_system_init_name  shell.o
    0x08015a50   0x08015a50   0x0000000e   Data   RO         1406    .rodata.__rti_rti_board_end_name  components.o
    0x08015a5e   0x08015a5e   0x00000010   Data   RO         1404    .rodata.__rti_rti_board_start_name  components.o
    0x08015a6e   0x08015a6e   0x00000008   Data   RO         1408    .rodata.__rti_rti_end_name  components.o
    0x08015a76   0x08015a76   0x0000000a   Data   RO         1402    .rodata.__rti_rti_start_name  components.o
    0x08015a80   0x08015a80   0x00000040   Data   RO         2308    .rodata.led_table   serv_led_sign.o
    0x08015ac0   0x08015ac0   0x00000027   Data   RO         1658    .rodata.name        mem.o
    0x08015ae7   0x08015ae7   0x00000289   Data   RO         1996    .rodata.name        cmd.o
    0x08015d70   0x08015d70   0x00000076   Data   RO         2027    .rodata.name        msh.o
    0x08015de6   0x08015de6   0x00000069   Data   RO         2400    .rodata.name        serv_ad7490_fetcher.o
    0x08015e4f   0x08015e4f   0x000001b3   Data   RO         2468    .rodata.name        app_main_control.o
    0x08016002   0x08016002   0x00000002   Data   RO         2250    .rodata.power_up_seq  dev_ad7490.o
    0x08016004   0x08016004   0x00000011   Data   RO         1620    .rodata.print_number.large_digits  kservice.o
    0x08016015   0x08016015   0x00000011   Data   RO         1619    .rodata.print_number.small_digits  kservice.o
    0x08016026   0x08016026   0x00000018   Data   RO           47    .rodata.str1.1      main.o
    0x0801603e   0x0801603e   0x0000005f   Data   RO         1410    .rodata.str1.1      components.o
    0x0801609d   0x0801609d   0x00000006   Data   RO         1437    .rodata.str1.1      idle.o
    0x080160a3   0x080160a3   0x0000011c   Data   RO         1524    .rodata.str1.1      ipc.o
    0x080161bf   0x080161bf   0x000000bf   Data   RO         1615    .rodata.str1.1      kservice.o
    0x0801627e   0x0801627e   0x000002d3   Data   RO         1651    .rodata.str1.1      mem.o
    0x08016551   0x08016551   0x000000d1   Data   RO         1742    .rodata.str1.1      object.o
    0x08016622   0x08016622   0x000000af   Data   RO         1785    .rodata.str1.1      scheduler.o
    0x080166d1   0x080166d1   0x0000019f   Data   RO         1849    .rodata.str1.1      thread.o
    0x08016870   0x08016870   0x000000e6   Data   RO         1903    .rodata.str1.1      timer.o
    0x08016956   0x08016956   0x0000023d   Data   RO         1936    .rodata.str1.1      cpuport.o
    0x08016b93   0x08016b93   0x00000399   Data   RO         1995    .rodata.str1.1      cmd.o
    0x08016f2c   0x08016f2c   0x0000007b   Data   RO         2026    .rodata.str1.1      msh.o
    0x08016fa7   0x08016fa7   0x00000069   Data   RO         2067    .rodata.str1.1      shell.o
    0x08017010   0x08017010   0x0000000a   Data   RO         2116    .rodata.str1.1      usart_dma_io.o
    0x0801701a   0x0801701a   0x0000003f   Data   RO         2303    .rodata.str1.1      serv_led_sign.o
    0x08017059   0x08017059   0x0000026e   Data   RO         2389    .rodata.str1.1      serv_ad7490_fetcher.o
    0x080172c7   0x080172c7   0x00000434   Data   RO         2464    .rodata.str1.1      app_main_control.o
    0x080176fb   0x080176fb   0x00000064   Data   RO         2514    .rodata.str1.1      ringbuffer.o
    0x0801775f   0x0801775f   0x00000042   Data   RO         2535    .rodata.str1.1      serv_tca_io.o
    0x080177a1   0x080177a1   0x00000004   Data   RO         2530    .rodata.tcaAddr     serv_tca_io.o
    0x080177a5   0x080177a5   0x00000003   PAD
    0x080177a8   0x080177a8   0x00000008   Data   RO         1403    .rti_fn.0           components.o
    0x080177b0   0x080177b0   0x00000008   Data   RO         1405    .rti_fn.0.end       components.o
    0x080177b8   0x080177b8   0x00000008   Data   RO         1407    .rti_fn.1.end       components.o
    0x080177c0   0x080177c0   0x00000008   Data   RO         2069    .rti_fn.6           shell.o
    0x080177c8   0x080177c8   0x00000008   Data   RO         1409    .rti_fn.6.end       components.o
    0x080177d0   0x080177d0   0x0000000c   Data   RO         1659    FSymTab             mem.o
    0x080177dc   0x080177dc   0x000000d8   Data   RO         1997    FSymTab             cmd.o
    0x080178b4   0x080178b4   0x00000024   Data   RO         2028    FSymTab             msh.o
    0x080178d8   0x080178d8   0x00000018   Data   RO         2401    FSymTab             serv_ad7490_fetcher.o
    0x080178f0   0x080178f0   0x00000084   Data   RO         2469    FSymTab             app_main_control.o
    0x08017974   0x08017974   0x00000020   Data   RO         3056    Region$$Table       anon$$obj.o
    0x08017994   0x08017994   0x00000008   Data   RO         2926    c$$dinf             fz_wm.l(fpconst.o)
    0x0801799c   0x0801799c   0x00000008   Data   RO         2929    c$$dmax             fz_wm.l(fpconst.o)
    0x080179a4   0x080179a4   0x0000001c   Data   RO         2823    locale$$data        c_w.l(lc_numeric_c.o)
    0x080179c0   0x080179c0   0x00000110   Data   RO         2876    locale$$data        c_w.l(lc_ctype_c.o)
    0x08017ad0   0x08017ad0   0x00000004   Data   RO         2174    .init_array.255     perf_counter.o
    0x08017ad4   0x08017ad0   0x00000000   Data   RO         2573    .init_array         c_w.l(init_aeabi.o)


    Execution Region RW_IRAM1 (Exec base: 0x20000000, Load base: 0x08017ad8, Size: 0x0000c3e0, Max: 0x00018000, ABSOLUTE)

    Exec Addr    Load Addr    Size         Type   Attr      Idx    E Section Name        Object

    0x20000000   0x08017ad8   0x00000004   Data   RW         1350    .data.SystemCoreClock  system_stm32f4xx.o
    0x20000004   0x08017adc   0x00000030   Data   RW         2383    .data.ad7490        serv_ad7490_fetcher.o
    0x20000034   0x08017b0c   0x00000002   Data   RW         2375    .data.chn_ena_msk   serv_ad7490_fetcher.o
    0x20000036   0x08017b0e   0x00000001   Data   RW         2462    .data.control_sta   app_main_control.o
    0x20000037   0x08017b0f   0x00000001   PAD
    0x20000038   0x08017b10   0x00000008   Data   RW         2453    .data.ctrl_tmp      app_main_control.o
    0x20000040   0x08017b18   0x00000010   Data   RW         2452    .data.dead_zone     app_main_control.o
    0x20000050   0x08017b28   0x00000002   Data   RW         2459    .data.loop_time     app_main_control.o
    0x20000052   0x08017b2a   0x00000002   PAD
    0x20000054   0x08017b2c   0x00000070   Data   RW         1741    .data.rt_object_container  object.o
    0x200000c4   0x08017b9c   0x00000004   Data   RW         2173    .data.s_nUnit       perf_counter.o
    0x200000c8   0x08017ba0   0x00000001   Data   RW         1907    .data.soft_timer_status  timer.o
    0x200000c9   0x08017ba1   0x00000001   Data   RW         2461    .data.timer_flag    app_main_control.o
    0x200000ca   0x08017ba2   0x00000001   Data   RW          730    .data.uwTickFreq    stm32f4xx_hal.o
    0x200000cb   0x08017ba3   0x00000001   PAD
    0x200000cc   0x08017ba4   0x00000004   Data   RW          729    .data.uwTickPrio    stm32f4xx_hal.o
    0x200000d0   0x08017ba8   0x00000020   Data   RW         2454    .data.zero_point    app_main_control.o
    0x200000f0        -       0x00000060   Zero   RW         2776    .bss                c_w.l(libspace.o)
    0x20000150        -       0x00000004   Zero   RW         2060    .bss._syscall_table_begin  shell.o
    0x20000154        -       0x00000004   Zero   RW         2061    .bss._syscall_table_end  shell.o
    0x20000158        -       0x00000004   Zero   RW         2390    .bss.ad7490_lock    serv_ad7490_fetcher.o
    0x2000015c        -       0x0000000c   Zero   RW         2391    .bss.ad7490_rb      serv_ad7490_fetcher.o
    0x20000168        -       0x00000020   Zero   RW         2387    .bss.adc_os_data    serv_ad7490_fetcher.o
    0x20000188        -       0x00000080   Zero   RW         2388    .bss.adc_real_pressure  serv_ad7490_fetcher.o
    0x20000208        -       0x00000004   Zero   RW         2470    .bss.adc_val_tmp    app_main_control.o
    0x2000020c        -       0x00000004   Zero   RW         2448    .bss.app_control    app_main_control.o
    0x20000210        -       0x00000004   Zero   RW         2449    .bss.cali_thread    app_main_control.o
    0x20000214        -       0x00000004   Zero   RW         2466    .bss.calibration_timer  app_main_control.o
    0x20000218        -       0x00000001   Zero   RW         2458    .bss.chip_index     app_main_control.o
    0x20000219        -       0x00000010   Zero   RW         2381    .bss.chn_index      serv_ad7490_fetcher.o
    0x20000229   0x08017bc8   0x00000007   PAD
    0x20000230        -       0x00000080   Zero   RW         2451    .bss.control_target  app_main_control.o
    0x200002b0        -       0x00000080   Zero   RW         2460    .bss.ctrl_err       app_main_control.o
    0x20000330        -       0x00000020   Zero   RW         2403    .bss.data_buf       serv_ad7490_fetcher.o
    0x20000350        -       0x00000200   Zero   RW         2377    .bss.data_buffer    serv_ad7490_fetcher.o
    0x20000550        -       0x00000004   Zero   RW         2450    .bss.eject_air_thread  app_main_control.o
    0x20000554        -       0x00000201   Zero   RW         2065    .bss.finsh_get_prompt.finsh_prompt  shell.o
    0x20000755   0x08017bc8   0x00000003   PAD
    0x20000758        -       0x00000004   Zero   RW         2064    .bss.finsh_prompt_custom  shell.o
    0x2000075c        -       0x00000060   Zero   RW           48    .bss.hdma_spi1_rx   main.o
    0x200007bc        -       0x00000060   Zero   RW           49    .bss.hdma_spi1_tx   main.o
    0x2000081c        -       0x00000060   Zero   RW           36    .bss.hdma_usart1_rx  main.o
    0x2000087c        -       0x00000060   Zero   RW           35    .bss.hdma_usart1_tx  main.o
    0x200008dc        -       0x00000060   Zero   RW           40    .bss.hdma_usart2_rx  main.o
    0x2000093c        -       0x00000060   Zero   RW           39    .bss.hdma_usart2_tx  main.o
    0x2000099c        -       0x00000060   Zero   RW           44    .bss.hdma_usart6_rx  main.o
    0x200009fc        -       0x00000060   Zero   RW           43    .bss.hdma_usart6_tx  main.o
    0x20000a5c        -       0x00000004   Zero   RW         1653    .bss.heap_end       mem.o
    0x20000a60        -       0x00000004   Zero   RW         1652    .bss.heap_ptr       mem.o
    0x20000a64        -       0x00000028   Zero   RW         1654    .bss.heap_sem       mem.o
    0x20000a8c        -       0x00000054   Zero   RW           46    .bss.hi2c1          main.o
    0x20000ae0        -       0x00000058   Zero   RW           45    .bss.hspi1          main.o
    0x20000b38        -       0x00000048   Zero   RW          124    .bss.htim1          stm32f4xx_hal_timebase_tim.o
    0x20000b80        -       0x00000048   Zero   RW         2392    .bss.htim3          serv_ad7490_fetcher.o
    0x20000bc8        -       0x00000044   Zero   RW           33    .bss.huart1         main.o
    0x20000c0c        -       0x00000044   Zero   RW           37    .bss.huart2         main.o
    0x20000c50        -       0x00000044   Zero   RW           41    .bss.huart6         main.o
    0x20000c94        -       0x00000001   Zero   RW         2395    .bss.icc            serv_ad7490_fetcher.o
    0x20000c95   0x08017bc8   0x00000003   PAD
    0x20000c98        -       0x00000090   Zero   RW         1436    .bss.idle           idle.o
    0x20000d28        -       0x00000010   Zero   RW         1435    .bss.idle_hook_list  idle.o
    0x20000d38        -       0x00000020   Zero   RW         2376    .bss.internal_buffer  serv_ad7490_fetcher.o
    0x20000d58        -       0x00000001   Zero   RW         2534    .bss.io_chip_nbr    serv_tca_io.o
    0x20000d59   0x08017bc8   0x00000001   PAD
    0x20000d5a        -       0x00000002   Zero   RW         2306    .bss.led_param      serv_led_sign.o
    0x20000d5c        -       0x00000004   Zero   RW         1655    .bss.lfree          mem.o
    0x20000d60        -       0x00000004   Zero   RW         1657    .bss.max_mem        mem.o
    0x20000d64        -       0x00000020   Zero   RW         2386    .bss.mb_message     serv_ad7490_fetcher.o
    0x20000d84        -       0x00000004   Zero   RW         1650    .bss.mem_size_aligned  mem.o
    0x20000d88        -       0x00000001   Zero   RW         2371    .bss.nbr_of_channel  serv_ad7490_fetcher.o
    0x20000d89   0x08017bc8   0x00000007   PAD
    0x20000d90        -       0x00000080   Zero   RW         2456    .bss.real_pressure  app_main_control.o
    0x20000e10        -       0x00000004   Zero   RW         1618    .bss.rt_assert_hook  kservice.o
    0x20000e14        -       0x00000001   Zero   RW         1782    .bss.rt_current_priority  scheduler.o
    0x20000e15   0x08017bc8   0x00000003   PAD
    0x20000e18        -       0x00000004   Zero   RW         1778    .bss.rt_current_thread  scheduler.o
    0x20000e1c        -       0x00000004   Zero   RW         1935    .bss.rt_exception_hook  cpuport.o
    0x20000e20        -       0x00000004   Zero   RW         1649    .bss.rt_free_hook   mem.o
    0x20000e24        -       0x0000a000   Zero   RW         1955    .bss.rt_heap        board.o
    0x2000ae24        -       0x00000004   Zero   RW         1542    .bss.rt_interrupt_enter_hook  irq.o
    0x2000ae28        -       0x00000004   Zero   RW         1937    .bss.rt_interrupt_from_thread  cpuport.o
    0x2000ae2c        -       0x00000004   Zero   RW         1543    .bss.rt_interrupt_leave_hook  irq.o
    0x2000ae30        -       0x00000001   Zero   RW         1544    .bss.rt_interrupt_nest  irq.o
    0x2000ae31   0x08017bc8   0x00000003   PAD
    0x2000ae34        -       0x00000004   Zero   RW         1938    .bss.rt_interrupt_to_thread  cpuport.o
    0x2000ae38        -       0x00000200   Zero   RW         1616    .bss.rt_kprintf.rt_log_buf  kservice.o
    0x2000b038        -       0x00000004   Zero   RW         1648    .bss.rt_malloc_hook  mem.o
    0x2000b03c        -       0x00000004   Zero   RW         1736    .bss.rt_object_attach_hook  object.o
    0x2000b040        -       0x00000004   Zero   RW         1737    .bss.rt_object_detach_hook  object.o
    0x2000b044        -       0x00000004   Zero   RW         1740    .bss.rt_object_put_hook  object.o
    0x2000b048        -       0x00000004   Zero   RW         1739    .bss.rt_object_take_hook  object.o
    0x2000b04c        -       0x00000004   Zero   RW         1738    .bss.rt_object_trytake_hook  object.o
    0x2000b050        -       0x00000004   Zero   RW         1779    .bss.rt_scheduler_hook  scheduler.o
    0x2000b054        -       0x00000002   Zero   RW         1780    .bss.rt_scheduler_lock_nest  scheduler.o
    0x2000b056   0x08017bc8   0x00000002   PAD
    0x2000b058        -       0x00000008   Zero   RW         1905    .bss.rt_soft_timer_list  timer.o
    0x2000b060        -       0x00000008   Zero   RW         1784    .bss.rt_thread_defunct  scheduler.o
    0x2000b068        -       0x00000004   Zero   RW         1848    .bss.rt_thread_inited_hook  thread.o
    0x2000b06c        -       0x00000100   Zero   RW         1781    .bss.rt_thread_priority_table  scheduler.o
    0x2000b16c        -       0x00000004   Zero   RW         1783    .bss.rt_thread_ready_priority_group  scheduler.o
    0x2000b170        -       0x00000004   Zero   RW         1847    .bss.rt_thread_resume_hook  thread.o
    0x2000b174        -       0x00000200   Zero   RW         1438    .bss.rt_thread_stack  idle.o
    0x2000b374        -       0x00000004   Zero   RW         1846    .bss.rt_thread_suspend_hook  thread.o
    0x2000b378        -       0x00000004   Zero   RW         1939    .bss.rt_thread_switch_interrupt_flag  cpuport.o
    0x2000b37c        -       0x00000004   Zero   RW         1374    .bss.rt_tick        clock.o
    0x2000b380        -       0x00000004   Zero   RW         1901    .bss.rt_timer_enter_hook  timer.o
    0x2000b384        -       0x00000004   Zero   RW         1902    .bss.rt_timer_exit_hook  timer.o
    0x2000b388        -       0x00000008   Zero   RW         1906    .bss.rt_timer_list  timer.o
    0x2000b390        -       0x00000004   Zero   RW         1904    .bss.rt_timer_start.random_nr  timer.o
    0x2000b394   0x08017bc8   0x00000004   PAD
    0x2000b398        -       0x00000008   Zero   RW         2171    .bss.s_lSystemClockCounts  perf_counter.o
    0x2000b3a0        -       0x00000004   Zero   RW         2170    .bss.s_nCycleCounts  perf_counter.o
    0x2000b3a4        -       0x00000004   Zero   RW         2212    .bss.s_nCycleCounts  core_delay.o
    0x2000b3a8        -       0x00000004   Zero   RW         2172    .bss.s_nOffset      perf_counter.o
    0x2000b3ac        -       0x00000001   Zero   RW         2379    .bss.sample_chn     serv_ad7490_fetcher.o
    0x2000b3ad        -       0x00000001   Zero   RW         2378    .bss.sample_nbr     serv_ad7490_fetcher.o
    0x2000b3ae        -       0x00000001   Zero   RW         2380    .bss.sampling_entry_flag  serv_ad7490_fetcher.o
    0x2000b3af   0x08017bc8   0x00000001   PAD
    0x2000b3b0        -       0x00000004   Zero   RW         2369    .bss.serv_ad7490_fetcher  serv_ad7490_fetcher.o
    0x2000b3b4        -       0x00000004   Zero   RW         2370    .bss.serv_ad7490_sem  serv_ad7490_fetcher.o
    0x2000b3b8        -       0x00000004   Zero   RW         2305    .bss.serv_led_sign  serv_led_sign.o
    0x2000b3bc        -       0x00000004   Zero   RW         2304    .bss.serv_led_sign_event  serv_led_sign.o
    0x2000b3c0        -       0x00000004   Zero   RW         2066    .bss.shell          shell.o
    0x2000b3c4        -       0x00000004   Zero   RW         2465    .bss.stop_timer     app_main_control.o
    0x2000b3c8        -       0x00000080   Zero   RW         2091    .bss.strtmp         dma_io_declaration.o
    0x2000b448        -       0x000000c0   Zero   RW         2532    .bss.tca9539        serv_tca_io.o
    0x2000b508        -       0x00000002   Zero   RW         2302    .bss.ticks          serv_led_sign.o
    0x2000b50a   0x08017bc8   0x00000002   PAD
    0x2000b50c        -       0x00000090   Zero   RW         1908    .bss.timer_thread   timer.o
    0x2000b59c        -       0x00000200   Zero   RW         1909    .bss.timer_thread_stack  timer.o
    0x2000b79c        -       0x00000002   Zero   RW         2211    .bss.us_coe         core_delay.o
    0x2000b79e   0x08017bc8   0x00000002   PAD
    0x2000b7a0        -       0x000001e4   Zero   RW           34    .bss.usart1         main.o
    0x2000b984        -       0x000001e4   Zero   RW           38    .bss.usart2         main.o
    0x2000bb68        -       0x000001e4   Zero   RW           42    .bss.usart6         main.o
    0x2000bd4c        -       0x00000004   Zero   RW         2467    .bss.usart_cmd_sem  app_main_control.o
    0x2000bd50        -       0x00000004   Zero   RW         1656    .bss.used_mem       mem.o
    0x2000bd54        -       0x00000004   Zero   RW          731    .bss.uwTick         stm32f4xx_hal.o
    0x2000bd58        -       0x00000002   Zero   RW         2463    .bss.valve_lock     app_main_control.o
    0x2000bd5a   0x08017bc8   0x00000006   PAD
    0x2000bd60        -       0x00000080   Zero   RW         2455    .bss.voltage_zero_point  app_main_control.o
    0x2000bde0        -       0x00000200   Zero   RW            2    HEAP                startup_stm32f401xe.o
    0x2000bfe0        -       0x00000400   Zero   RW            1    STACK               startup_stm32f401xe.o


==============================================================================

Image component sizes


      Code (inc. data)   RO Data    RW Data    ZI Data      Debug   Object Name

      5754        104       1643         60        543      11372   app_main_control.o
       108          0          0          0      40960       1035   board.o
       170          0          0          0          4       2460   clock.o
      2806          0       1786          0          0      11178   cmd.o
       348          0        175          0          0       3435   components.o
       308         28          0          0          0        864   context_rvds.o
       574          0          0          0          6       2459   core_delay.o
      1386          0        573          0         16       3647   cpuport.o
      2306          6          2          0          0       9116   dev_ad7490.o
       234          0          0          0          0       6429   dev_tca9539.o
       900          0          0          0        128       5166   dma_io_declaration.o
       282          0          6          0        672       3455   idle.o
      2088          0        284          0          0      12814   ipc.o
       140          0          0          0          9       1417   irq.o
      3180        168        481          0        516      11031   kservice.o
      1358          0         24          0       2596      12672   main.o
      2062          0        774          0         72       5209   mem.o
      1490          0        277          0          0       4346   msh.o
       932          0        209        112         20       5679   object.o
      1120          0          4          4         16       8852   perf_counter.o
        52          0          0          0          0       2700   perf_os_patch_rt_thread.o
       992          0        100          0          0       4645   ringbuffer.o
      1022          0        175          0        279       4701   scheduler.o
      3784         16        841         50        885      16826   serv_ad7490_fetcher.o
        16          0          0          0          0        375   serv_global.o
      1020        128        147          0         12       4268   serv_led_sign.o
       358          0         70          0        193       5145   serv_tca_io.o
      1756          0        131          0        529       5942   shell.o
        64         26        404          0       1536        816   startup_stm32f401xe.o
        92          0          0          5          4       6632   stm32f4xx_hal.o
       482          0          0          0          0       8880   stm32f4xx_hal_cortex.o
      2082          8          8          0          0       8372   stm32f4xx_hal_dma.o
       978          0          0          0          0       5055   stm32f4xx_hal_gpio.o
      8952          0          0          0          0      37192   stm32f4xx_hal_i2c.o
      1564          0          0          0          0       9971   stm32f4xx_hal_msp.o
      2730          0          0          0          0       7594   stm32f4xx_hal_rcc.o
      4886          0          0          0          0      19621   stm32f4xx_hal_spi.o
      3912         14          0          0          0      35572   stm32f4xx_hal_tim.o
       270          0          0          0          0      15203   stm32f4xx_hal_tim_ex.o
       174          0          0          0         72       6465   stm32f4xx_hal_timebase_tim.o
      4198          0          0          0          0      19986   stm32f4xx_hal_uart.o
       276          0          0          0          0       1958   stm32f4xx_it.o
       320          0         24          4          0       2545   system_stm32f4xx.o
        32         10          0          0          0        480   systick_wrapper_ual.o
      2060          0        415          0         12       7851   thread.o
      2426          6        230          1        684       7583   timer.o
       920          0         10          0          0       6386   usart_dma_io.o

    ----------------------------------------------------------------------
     73354        514       8828        240      49808     375400   Object Totals
         0          0         32          0          0          0   (incl. Generated)
       390          0          3          4         44          0   (incl. Padding)

    ----------------------------------------------------------------------

      Code (inc. data)   RO Data    RW Data    ZI Data      Debug   Library Member Name

         8          0          0          0          0         68   __main.o
       392          4         17          0          0         92   __printf_flags_ss_wp.o
        14          0          0          0          0         68   __printf_wp.o
         0          0          0          0          0          0   __rtentry.o
        12          0          0          0          0          0   __rtentry2.o
         6          0          0          0          0          0   __rtentry4.o
        52          8          0          0          0          0   __scatter.o
        26          0          0          0          0          0   __scatter_copy.o
        28          0          0          0          0          0   __scatter_zi.o
        72          0          0          0          0         96   _c16rtomb.o
        28          0          0          0          0         68   _chval.o
         6          0          0          0          0          0   _printf_a.o
         6          0          0          0          0          0   _printf_c.o
        44          0          0          0          0        108   _printf_char.o
        48          6          0          0          0         96   _printf_char_common.o
        40          0          0          0          0         68   _printf_charcount.o
         6          0          0          0          0          0   _printf_d.o
       120         16          0          0          0         92   _printf_dec.o
         6          0          0          0          0          0   _printf_e.o
         6          0          0          0          0          0   _printf_f.o
      1052          0          0          0          0        148   _printf_fp_dec.o
       764          8         38          0          0        100   _printf_fp_hex.o
       128         16          0          0          0         84   _printf_fp_infnan.o
         6          0          0          0          0          0   _printf_g.o
       148          4         40          0          0        160   _printf_hex_int_ll_ptr.o
         6          0          0          0          0          0   _printf_i.o
       178          0          0          0          0         88   _printf_intcommon.o
        10          0          0          0          0          0   _printf_l.o
         6          0          0          0          0          0   _printf_lc.o
        10          0          0          0          0          0   _printf_ll.o
         6          0          0          0          0          0   _printf_lld.o
         6          0          0          0          0          0   _printf_lli.o
         6          0          0          0          0          0   _printf_llo.o
         6          0          0          0          0          0   _printf_llu.o
         6          0          0          0          0          0   _printf_llx.o
       124         16          0          0          0         92   _printf_longlong_dec.o
         6          0          0          0          0          0   _printf_ls.o
         6          0          0          0          0          0   _printf_n.o
         6          0          0          0          0          0   _printf_o.o
       112          8          0          0          0        124   _printf_oct_int_ll.o
         6          0          0          0          0          0   _printf_p.o
        78          0          0          0          0        108   _printf_pad.o
         0          0          0          0          0          0   _printf_percent.o
         4          0          0          0          0          0   _printf_percent_end.o
         6          0          0          0          0          0   _printf_s.o
        82          0          0          0          0         80   _printf_str.o
        36          0          0          0          0         84   _printf_truncate.o
         6          0          0          0          0          0   _printf_u.o
        44          0          0          0          0        108   _printf_wchar.o
       188          6          8          0          0         92   _printf_wctomb.o
         6          0          0          0          0          0   _printf_x.o
        22          0          0          0          0        100   _rserrno.o
        64          0          0          0          0         84   _sgetc.o
        10          0          0          0          0         68   _sputc.o
       158          0          0          0          0         92   _strtoul.o
        26          0          0          0          0         80   atoi.o
       228          4        148          0          0         96   bigflt0.o
      2152        136          0          0          0        956   btod.o
        18          0          0          0          0         80   exit.o
         6          0          0          0          0        152   heapauxi.o
         0          0          0          0          0          0   indicate_semi.o
        36          8          0          0          0         80   init_aeabi.o
        18          0          0          0          0         76   isspace.o
        44         10        272          0          0         76   lc_ctype_c.o
        44         10         28          0          0         76   lc_numeric_c.o
         2          0          0          0          0          0   libinit.o
        38          0          0          0          0          0   libinit2.o
         2          0          0          0          0          0   libshutdown.o
         2          0          0          0          0          0   libshutdown2.o
         8          4          0          0         96         68   libspace.o
        38          0          0          0          0         68   llshl.o
       138          0          0          0          0         80   lludiv10.o
       240          0          0          0          0        100   lludivv7m.o
        16          4          0          0          0         76   rt_ctype_table.o
         8          4          0          0          0         68   rt_errno_addr_intlibspace.o
         8          4          0          0          0         68   rt_locale_intlibspace.o
        68          0          0          0          0         68   rt_memclr.o
        78          0          0          0          0         80   rt_memclr_w.o
       138          0          0          0          0         68   rt_memcpy_v6.o
       100          0          0          0          0         80   rt_memcpy_w.o
         2          0          0          0          0          0   rtexit.o
        10          0          0          0          0          0   rtexit2.o
      1272         16          0          0          0        168   scanf_fp.o
       800         14          0          0          0        100   scanf_hexfp.o
       308         16          0          0          0        100   scanf_infnan.o
        24          0          0          0          0         68   strcat.o
       124          0          0          0          0         88   strcmpv7em.o
        72          0          0          0          0         80   strcpy.o
        62          0          0          0          0         76   strlen.o
       150          0          0          0          0         80   strncmp.o
        86          0          0          0          0         76   strncpy.o
       176         14          0          0          0        124   strtod.o
       112          0          0          0          0         88   strtol.o
        12          4          0          0          0         68   sys_exit.o
        74          0          0          0          0         80   sys_stackheap_outer.o
         2          0          0          0          0         68   use_no_semi.o
        36          4          0          0          0         76   vsprintf.o
        98          4          0          0          0        140   d2f.o
       812         16          0          0          0        392   daddsub_clz.o
        16          4          0          0          0        116   dcheck1.o
        84          0          0          0          0        244   dcmp.o
        24          0          0          0          0        116   dcmpi.o
       120          4          0          0          0        140   deqf.o
        84          0          0          0          0        232   dflt_clz.o
       120          4          0          0          0        140   dgeqf.o
       120          4          0          0          0        140   dleqf.o
       340         12          0          0          0        152   dmul.o
       156          4          0          0          0        140   dnaninf.o
        12          0          0          0          0        116   dretinf.o
       108          0          0          0          0        128   drleqf.o
         0          0         16          0          0          0   fpconst.o
        26          0          0          0          0        116   fpinit.o
        10          0          0          0          0        116   fretinf.o
         6          0          0          0          0        116   istatus.o
         4          0          0          0          0        116   printf1.o
         4          0          0          0          0        116   printf2.o
       100          0          0          0          0        116   retnan.o
        92          0          0          0          0        116   scalbn.o
         4          0          0          0          0        116   scanf1.o
         8          0          0          0          0        132   scanf2.o
        48          0          0          0          0        116   trapv.o
         0          0          0          0          0          0   usenofp.o
        56         10          0          0          0        132   atof.o
        64         16          0          0          0        248   dunder.o
        48          0          0          0          0        124   fpclassify.o
       140         22          0          0          0        132   frexp.o
       228          8          0          0          0        308   ldexp.o
       266         16          0          0          0        308   narrow.o

    ----------------------------------------------------------------------
     14230        468        568          0         96      10828   Library Totals
        32          0          1          0          0          0   (incl. Padding)

    ----------------------------------------------------------------------

      Code (inc. data)   RO Data    RW Data    ZI Data      Debug   Library Name

     11000        344        551          0         96       6204   c_w.l
      2396         52         16          0          0       3372   fz_wm.l
       802         72          0          0          0       1252   m_wm.l

    ----------------------------------------------------------------------
     14230        468        568          0         96      10828   Library Totals

    ----------------------------------------------------------------------

==============================================================================


      Code (inc. data)   RO Data    RW Data    ZI Data      Debug   

     87584        982       9396        240      49904     378536   Grand Totals
     87584        982       9396        240      49904     378536   ELF Image Totals
     87584        982       9396        240          0          0   ROM Totals

==============================================================================

    Total RO  Size (Code + RO Data)                96980 (  94.71kB)
    Total RW  Size (RW Data + ZI Data)             50144 (  48.97kB)
    Total ROM Size (Code + RO Data + RW Data)      97220 (  94.94kB)

==============================================================================

