<html>
<body>
<pre>
<h1>µVision Build Log</h1>
<h2>Tool Versions:</h2>
IDE-Version: ¦ÌVision V5.36.0.0
Copyright (C) 2021 ARM Ltd and ARM Germany GmbH. All rights reserved.
License Information: 1 1, 1, LIC=SDA0P-MV4PX-01KP1-CJANC-RD7AQ-ELK05
 
Tool Versions:
Toolchain:       MDK-ARM Plus  Version: 5.36.0.0
Toolchain Path:  C:\Keil_v5\ARM\ARMCLANG\Bin
C Compiler:      ArmClang.exe V6.16
Assembler:       Armasm.exe V6.16
Linker/Locator:  ArmLink.exe V6.16
Library Manager: ArmAr.exe V6.16
Hex Converter:   FromElf.exe V6.16
CPU DLL:         SARMCM3.DLL V5.36.0.0
Dialog DLL:      DCM.DLL V1.17.3.0
Target DLL:      STLink\ST-LINKIII-KEIL_SWO.dll V3.0.9.0
Dialog DLL:      TCM.DLL V1.53.0.0
 
<h2>Project:</h2>
I:\Pravite_code\HPT_SYS_V3.2\MDK-ARM\HPT_SYS.uvprojx
Project File Date:  03/04/2023

<h2>Output:</h2>
*** Using Compiler 'V6.16', folder: 'C:\Keil_v5\ARM\ARMCLANG\Bin'
Rebuild target 'HPT_V3.2'
compiling stm32f4xx_hal_gpio.c...
assembling startup_stm32f401xe.s...
compiling main.c...
compiling stm32f4xx_hal_flash.c...
compiling stm32f4xx_hal_flash_ramfunc.c...
compiling stm32f4xx_hal_timebase_tim.c...
compiling stm32f4xx_hal_flash_ex.c...
compiling stm32f4xx_hal_i2c_ex.c...
compiling stm32f4xx_hal_rcc_ex.c...
compiling stm32f4xx_hal_dma.c...
compiling stm32f4xx_it.c...
compiling stm32f4xx_hal_rcc.c...
compiling stm32f4xx_hal_pwr.c...
compiling stm32f4xx_hal_dma_ex.c...
compiling stm32f4xx_hal_msp.c...
compiling stm32f4xx_hal_i2c.c...
compiling stm32f4xx_hal_pwr_ex.c...
compiling stm32f4xx_hal.c...
compiling stm32f4xx_hal_cortex.c...
compiling stm32f4xx_hal_exti.c...
compiling stm32f4xx_hal_spi.c...
compiling stm32f4xx_hal_tim_ex.c...
compiling stm32f4xx_hal_tim.c...
compiling cpu.c...
compiling clock.c...
compiling components.c...
compiling system_stm32f4xx.c...
compiling stm32f4xx_hal_uart.c...
compiling idle.c...
assembling context_rvds.S...
compiling irq.c...
compiling ipc.c...
compiling kservice.c...
compiling memheap.c...
compiling mempool.c...
compiling mem.c...
compiling object.c...
compiling scheduler.c...
compiling slab.c...
compiling thread.c...
compiling timer.c...
compiling cpuport.c...
compiling cmd.c...
compiling board.c...
compiling finsh_port.c...
compiling msh.c...
compiling shell.c...
compiling dma_io_declaration.c...
compiling usart_dma_io.c...
compiling perf_counter.c...
compiling perf_os_patch_rt_thread.c...
assembling systick_wrapper_ual.s...
compiling core_delay.c...
../Packages/dev_ad7490/dev_ad7490.c(472): warning: 5 enumeration values not handled in switch: 'Initial', 'Taken', 'Control_writen'... [-Wswitch]
        switch (dev->state)
                ^
1 warning generated.
compiling dev_ad7490.c...
compiling dev_common.c...
compiling dev_tca9539.c...
../Packages/services/serv_led_sign.c(207): warning: 4 enumeration values not handled in switch: 'LONG_LIGHT', 'SHORT_LIGHT_ONESHOT', 'SHORT_LIGHT_PERIODIC'... [-Wswitch]
        switch (event)
                ^
1 warning generated.
compiling serv_led_sign.c...
compiling serv_key_listener.c...
compiling serv_ad7490_fetcher.c...
compiling serv_global.c...
compiling app_main_control.c...
compiling ringbuffer.c...
compiling serv_tca_io.c...
linking...
Program Size: Code=87584 RO-data=9396 RW-data=240 ZI-data=49904  
FromELF: creating hex file...
".\HPT_SYS\HPT_SYS.axf" - 0 Error(s), 2 Warning(s).

<h2>Software Packages used:</h2>

Package Vendor: ARM
                http://www.keil.com/pack/ARM.CMSIS.5.8.0.pack
                ARM.CMSIS.5.8.0
                CMSIS (Common Microcontroller Software Interface Standard)
   * Component: CORE Version: 5.5.0

Package Vendor: Keil
                http://www.keil.com/pack/Keil.STM32F4xx_DFP.2.16.0.pack
                Keil.STM32F4xx_DFP.2.16.0
                STMicroelectronics STM32F4 Series Device Support, Drivers and Examples

<h2>Collection of Component include folders:</h2>
  .\RTE\_HPT_V3.2
  C:\Users\Thomp\AppData\Local\Arm\Packs\ARM\CMSIS\5.8.0\CMSIS\Core\Include
  C:\Users\Thomp\AppData\Local\Arm\Packs\Keil\STM32F4xx_DFP\2.16.0\Drivers\CMSIS\Device\ST\STM32F4xx\Include

<h2>Collection of Component Files used:</h2>

   * Component: ARM::CMSIS:CORE:5.5.0
Build Time Elapsed:  00:00:07
</pre>
</body>
</html>
