Component: ARM Compiler 6.16 Tool: armlink [5dfeaa00]

==============================================================================

Section Cross References

    context_rvds.o(.text) refers to lto-llvm-434951.o(.text.rt_hw_hard_fault_exception) for rt_hw_hard_fault_exception
    context_rvds.o(.text) refers to lto-llvm-434951.o(.bss) for rt_thread_switch_interrupt_flag
    systick_wrapper_ual.o(.text) refers to lto-llvm-434951.o(.text.user_code_insert_to_systick_handler) for user_code_insert_to_systick_handler
    systick_wrapper_ual.o(.text) refers to lto-llvm-434951.o(.text.SysTick_Handler) for $Super$$SysTick_Handler
    startup_stm32f401xe.o(RESET) refers to startup_stm32f401xe.o(STACK) for __initial_sp
    startup_stm32f401xe.o(RESET) refers to startup_stm32f401xe.o(.text) for Reset_Handler
    startup_stm32f401xe.o(RESET) refers to lto-llvm-434951.o(.text.NMI_Handler) for NMI_Handler
    startup_stm32f401xe.o(RESET) refers to context_rvds.o(.text) for HardFault_Handler
    startup_stm32f401xe.o(RESET) refers to lto-llvm-434951.o(.text.MemManage_Handler) for MemManage_Handler
    startup_stm32f401xe.o(RESET) refers to lto-llvm-434951.o(.text.BusFault_Handler) for BusFault_Handler
    startup_stm32f401xe.o(RESET) refers to lto-llvm-434951.o(.text.UsageFault_Handler) for UsageFault_Handler
    startup_stm32f401xe.o(RESET) refers to lto-llvm-434951.o(.text.DebugMon_Handler) for DebugMon_Handler
    startup_stm32f401xe.o(RESET) refers to systick_wrapper_ual.o(.text) for SysTick_Handler
    startup_stm32f401xe.o(RESET) refers to lto-llvm-434951.o(.text.DMA1_Stream5_IRQHandler) for DMA1_Stream5_IRQHandler
    startup_stm32f401xe.o(RESET) refers to lto-llvm-434951.o(.text.DMA1_Stream6_IRQHandler) for DMA1_Stream6_IRQHandler
    startup_stm32f401xe.o(RESET) refers to lto-llvm-434951.o(.text.TIM1_UP_TIM10_IRQHandler) for TIM1_UP_TIM10_IRQHandler
    startup_stm32f401xe.o(RESET) refers to lto-llvm-434951.o(.text.SPI1_IRQHandler) for SPI1_IRQHandler
    startup_stm32f401xe.o(RESET) refers to lto-llvm-434951.o(.text.USART1_IRQHandler) for USART1_IRQHandler
    startup_stm32f401xe.o(RESET) refers to lto-llvm-434951.o(.text.DMA2_Stream0_IRQHandler) for DMA2_Stream0_IRQHandler
    startup_stm32f401xe.o(RESET) refers to lto-llvm-434951.o(.text.DMA2_Stream2_IRQHandler) for DMA2_Stream2_IRQHandler
    startup_stm32f401xe.o(RESET) refers to lto-llvm-434951.o(.text.DMA2_Stream3_IRQHandler) for DMA2_Stream3_IRQHandler
    startup_stm32f401xe.o(RESET) refers to lto-llvm-434951.o(.text.DMA2_Stream7_IRQHandler) for DMA2_Stream7_IRQHandler
    startup_stm32f401xe.o(.text) refers to lto-llvm-434951.o(.text.SystemInit) for SystemInit
    startup_stm32f401xe.o(.text) refers to entry.o(.ARM.Collect$$$$00000000) for __main
    entry.o(.ARM.Collect$$$$00000000) refers (Special) to entry10a.o(.ARM.Collect$$$$0000000D) for __rt_final_cpp
    entry.o(.ARM.Collect$$$$00000000) refers (Special) to entry11a.o(.ARM.Collect$$$$0000000F) for __rt_final_exit
    entry.o(.ARM.Collect$$$$00000000) refers (Special) to entry7b.o(.ARM.Collect$$$$00000008) for _main_clock
    entry.o(.ARM.Collect$$$$00000000) refers (Special) to entry8b.o(.ARM.Collect$$$$0000000A) for _main_cpp_init
    entry.o(.ARM.Collect$$$$00000000) refers (Special) to entry9a.o(.ARM.Collect$$$$0000000B) for _main_init
    entry.o(.ARM.Collect$$$$00000000) refers (Special) to entry5.o(.ARM.Collect$$$$00000004) for _main_scatterload
    entry.o(.ARM.Collect$$$$00000000) refers (Special) to entry2.o(.ARM.Collect$$$$00000001) for _main_stk
    entry2.o(.ARM.Collect$$$$00000001) refers to entry2.o(.ARM.Collect$$$$00002712) for __lit__00000000
    entry2.o(.ARM.Collect$$$$00002712) refers to startup_stm32f401xe.o(STACK) for __initial_sp
    entry2.o(__vectab_stack_and_reset_area) refers to startup_stm32f401xe.o(STACK) for __initial_sp
    entry2.o(__vectab_stack_and_reset_area) refers to entry.o(.ARM.Collect$$$$00000000) for __main
    entry5.o(.ARM.Collect$$$$00000004) refers to init.o(.text) for __scatterload
    entry8a.o(.ARM.Collect$$$$00000009) refers (Weak) to cpp_init.o(.text) for __cpp_initialize__aeabi_
    entry9a.o(.ARM.Collect$$$$0000000B) refers to lto-llvm-434951.o(.text.$Sub$$main) for main
    entry9b.o(.ARM.Collect$$$$0000000C) refers to lto-llvm-434951.o(.text.$Sub$$main) for main
    init.o(.text) refers to entry5.o(.ARM.Collect$$$$00000004) for __main_after_scatterload
    lto-llvm-434951.o(.text.hw_init) refers to lto-llvm-434951.o(.text.HAL_Init) for HAL_Init
    lto-llvm-434951.o(.text.hw_init) refers to lto-llvm-434951.o(.text.SystemClock_Config) for SystemClock_Config
    lto-llvm-434951.o(.text.hw_init) refers to lto-llvm-434951.o(.text.MX_GPIO_Init) for MX_GPIO_Init
    lto-llvm-434951.o(.text.hw_init) refers to lto-llvm-434951.o(.text.MX_DMA_Init) for MX_DMA_Init
    lto-llvm-434951.o(.text.hw_init) refers to lto-llvm-434951.o(.text.MX_SPI1_Init) for MX_SPI1_Init
[...]
    .L.str.45                                0x0800d612   Data          13  lto-llvm-434951.o(.rodata.str1.1)
    .L.str.2.197                             0x0800d61f   Data          30  lto-llvm-434951.o(.rodata.str1.1)
    .L.str.5.74                              0x0800d639   Data           4  lto-llvm-434951.o(.rodata.str1.1)
    .L.str.22.114                            0x0800d63d   Data          13  lto-llvm-434951.o(.rodata.str1.1)
    .L.str.7.168                             0x0800d64a   Data          55  lto-llvm-434951.o(.rodata.str1.1)
    .L.str.1.286                             0x0800d681   Data          26  lto-llvm-434951.o(.rodata.str1.1)
    .L.str.2.214                             0x0800d69b   Data          58  lto-llvm-434951.o(.rodata.str1.1)
    .L.str.11.230                            0x0800d6d5   Data          48  lto-llvm-434951.o(.rodata.str1.1)
    .L.str.1.95                              0x0800d705   Data          13  lto-llvm-434951.o(.rodata.str1.1)
    .L.str.11.105                            0x0800d712   Data          13  lto-llvm-434951.o(.rodata.str1.1)
    .L.str.2.96                              0x0800d71f   Data          13  lto-llvm-434951.o(.rodata.str1.1)
    .L.str.12.106                            0x0800d72c   Data          13  lto-llvm-434951.o(.rodata.str1.1)
    .L.str.3.97                              0x0800d739   Data          13  lto-llvm-434951.o(.rodata.str1.1)
    .L.str.13.107                            0x0800d746   Data          13  lto-llvm-434951.o(.rodata.str1.1)
    .L.str.4.98                              0x0800d753   Data          13  lto-llvm-434951.o(.rodata.str1.1)
    .L.str.5.99                              0x0800d760   Data          13  lto-llvm-434951.o(.rodata.str1.1)
    .L.str.6.100                             0x0800d76d   Data          13  lto-llvm-434951.o(.rodata.str1.1)
    .L.str.7.101                             0x0800d77a   Data          13  lto-llvm-434951.o(.rodata.str1.1)
    .L.str.8.102                             0x0800d787   Data          13  lto-llvm-434951.o(.rodata.str1.1)
    .L.str.9.103                             0x0800d794   Data          13  lto-llvm-434951.o(.rodata.str1.1)
    .L.str.10.104                            0x0800d7a1   Data          13  lto-llvm-434951.o(.rodata.str1.1)
    .L.str.15.109                            0x0800d7ae   Data          13  lto-llvm-434951.o(.rodata.str1.1)
    .L.str.14.108                            0x0800d7bb   Data          13  lto-llvm-434951.o(.rodata.str1.1)
    .L.str.94                                0x0800d7c8   Data          13  lto-llvm-434951.o(.rodata.str1.1)
    .L.str.42                                0x0800d7d5   Data          21  lto-llvm-434951.o(.rodata.str1.1)
    .L.str.31.123                            0x0800d7e8   Data           2  lto-llvm-434951.o(.rodata.str1.1)
    .L.str.7                                 0x0800d7ea   Data           9  lto-llvm-434951.o(.rodata.str1.1)
    .L.str.8                                 0x0800d7f3   Data           9  lto-llvm-434951.o(.rodata.str1.1)
    .L.str.5                                 0x0800d7fc   Data           9  lto-llvm-434951.o(.rodata.str1.1)
    .L.str.43.119                            0x0800d805   Data           7  lto-llvm-434951.o(.rodata.str1.1)
    .L.str.45.121                            0x0800d80c   Data          11  lto-llvm-434951.o(.rodata.str1.1)
    .L.str.42.118                            0x0800d817   Data          10  lto-llvm-434951.o(.rodata.str1.1)
    .L.str.35.127                            0x0800d821   Data          10  lto-llvm-434951.o(.rodata.str1.1)
    .L.str.34.126                            0x0800d82b   Data          10  lto-llvm-434951.o(.rodata.str1.1)
    .L.str.46.122                            0x0800d835   Data          11  lto-llvm-434951.o(.rodata.str1.1)
    .L.str.44.120                            0x0800d840   Data           6  lto-llvm-434951.o(.rodata.str1.1)
    .L.str.37.129                            0x0800d846   Data           9  lto-llvm-434951.o(.rodata.str1.1)
    .L.str.36.128                            0x0800d84f   Data          11  lto-llvm-434951.o(.rodata.str1.1)
    .L.str.28.136                            0x0800d850   Data          10  lto-llvm-434951.o(.rodata.str1.1)
    .L.str.29.137                            0x0800d852   Data           8  lto-llvm-434951.o(.rodata.str1.1)
    .L.str.27.135                            0x0800d85a   Data          13  lto-llvm-434951.o(.rodata.str1.1)
    .L.str.26.134                            0x0800d85c   Data          11  lto-llvm-434951.o(.rodata.str1.1)
    .L.str.25.133                            0x0800d867   Data           9  lto-llvm-434951.o(.rodata.str1.1)
    .L.str.41.117                            0x0800d870   Data          12  lto-llvm-434951.o(.rodata.str1.1)
    .L.str.24.132                            0x0800d87c   Data          22  lto-llvm-434951.o(.rodata.str1.1)
    .L.str.33.125                            0x0800d892   Data          22  lto-llvm-434951.o(.rodata.str1.1)
    .L.str.40.116                            0x0800d8a8   Data          22  lto-llvm-434951.o(.rodata.str1.1)
    .L.str.4                                 0x0800d8be   Data          12  lto-llvm-434951.o(.rodata.str1.1)
    .L.str.90                                0x0800d8ca   Data           5  lto-llvm-434951.o(.rodata.str1.1)
    .L.str.9.73                              0x0800d8cf   Data           4  lto-llvm-434951.o(.rodata.str1.1)
    .L.str.39                                0x0800d8d3   Data          22  lto-llvm-434951.o(.rodata.str1.1)
    .L.str.4.218                             0x0800d8e9   Data          40  lto-llvm-434951.o(.rodata.str1.1)
    .L.str.5.200                             0x0800d911   Data           7  lto-llvm-434951.o(.rodata.str1.1)
    .L.str.5.271                             0x0800d918   Data          41  lto-llvm-434951.o(.rodata.str1.1)
    .L.str.4.312                             0x0800d941   Data          47  lto-llvm-434951.o(.rodata.str1.1)
    .L.str.2.331                             0x0800d970   Data          42  lto-llvm-434951.o(.rodata.str1.1)
    .L.str.46                                0x0800d99a   Data           2  lto-llvm-434951.o(.rodata.str1.1)
    .L.str.48                                0x0800d99c   Data           2  lto-llvm-434951.o(.rodata.str1.1)
    .L.str.7.221                             0x0800d99e   Data          47  lto-llvm-434951.o(.rodata.str1.1)
    .L.str.8.227                             0x0800d9cd   Data          48  lto-llvm-434951.o(.rodata.str1.1)
    .L.str.6.220                             0x0800d9fd   Data          73  lto-llvm-434951.o(.rodata.str1.1)
    .L.str.19.226                            0x0800da46   Data          15  lto-llvm-434951.o(.rodata.str1.1)
    .L.str.1.366                             0x0800da55   Data           9  lto-llvm-434951.o(.rodata.str1.1)
    .L.str.4.268                             0x0800da5c   Data           2  lto-llvm-434951.o(.rodata.str1.1)
    .L.str.3.198                             0x0800da5e   Data          12  lto-llvm-434951.o(.rodata.str1.1)
    .L.str.4.336                             0x0800da6a   Data          35  lto-llvm-434951.o(.rodata.str1.1)
    .L.str.14                                0x0800da8d   Data          16  lto-llvm-434951.o(.rodata.str1.1)
    .L.str.34                                0x0800da9d   Data          28  lto-llvm-434951.o(.rodata.str1.1)
    .L.str.29                                0x0800dab9   Data          22  lto-llvm-434951.o(.rodata.str1.1)
    .L.str.20                                0x0800dacf   Data          21  lto-llvm-434951.o(.rodata.str1.1)
    .L.str.2.92                              0x0800dae4   Data           2  lto-llvm-434951.o(.rodata.str1.1)
    .L.str.13.232                            0x0800dae6   Data          25  lto-llvm-434951.o(.rodata.str1.1)
    .L.str.7.302                             0x0800daff   Data          58  lto-llvm-434951.o(.rodata.str1.1)
    .L.str.5.315                             0x0800db39   Data          59  lto-llvm-434951.o(.rodata.str1.1)
    .L.str.16.177                            0x0800db74   Data          14  lto-llvm-434951.o(.rodata.str1.1)
    .L.str.365                               0x0800db82   Data          14  lto-llvm-434951.o(.rodata.str1.1)
    .L.str.298                               0x0800db90   Data          18  lto-llvm-434951.o(.rodata.str1.1)
    .L.str.4.152                             0x0800dba2   Data          15  lto-llvm-434951.o(.rodata.str1.1)
    .L.str.3.82                              0x0800dbb1   Data          17  lto-llvm-434951.o(.rodata.str1.1)
    .L.str.160                               0x0800dbc2   Data          15  lto-llvm-434951.o(.rodata.str1.1)
    .L.str.258                               0x0800dbd1   Data          23  lto-llvm-434951.o(.rodata.str1.1)
    .L.str.326                               0x0800dbe8   Data          17  lto-llvm-434951.o(.rodata.str1.1)
    .L.str.2.263                             0x0800dbf9   Data          18  lto-llvm-434951.o(.rodata.str1.1)
    .L.str.12.173                            0x0800dc0b   Data          17  lto-llvm-434951.o(.rodata.str1.1)
    .L.str.1.299                             0x0800dc1c   Data          23  lto-llvm-434951.o(.rodata.str1.1)
    .L.str.8.169                             0x0800dc33   Data          17  lto-llvm-434951.o(.rodata.str1.1)
    .L.str.2.309                             0x0800dc44   Data          55  lto-llvm-434951.o(.rodata.str1.1)
    .L.str.1.161                             0x0800dc7b   Data          17  lto-llvm-434951.o(.rodata.str1.1)
    .L.str.8.301                             0x0800dc8c   Data          34  lto-llvm-434951.o(.rodata.str1.1)
    .L.str.44                                0x0800dcae   Data           3  lto-llvm-434951.o(.rodata.str1.1)
    .L.str.1.65                              0x0800dcb1   Data           7  lto-llvm-434951.o(.rodata.str1.1)
    .L.str.3.372                             0x0800dcb8   Data          11  lto-llvm-434951.o(.rodata.str1.1)
    .L.str.5.84                              0x0800dcc3   Data           3  lto-llvm-434951.o(.rodata.str1.1)
    .L__FUNCTION__.rt_malloc                 0x0800dcc6   Data          10  lto-llvm-434951.o(.rodata.str1.1)
    .L.str.3.303                             0x0800dcd0   Data          66  lto-llvm-434951.o(.rodata.str1.1)
    .L__FUNCTION__.rt_schedule_remove_thread 0x0800dd12   Data          26  lto-llvm-434951.o(.rodata.str1.1)
    .L__FUNCTION__.rt_schedule_insert_thread 0x0800dd2c   Data          26  lto-llvm-434951.o(.rodata.str1.1)
    .L.str.1.353                             0x0800dd46   Data          12  lto-llvm-434951.o(.rodata.str1.1)
    .L.str.1                                 0x0800dd4b   Data           7  lto-llvm-434951.o(.rodata.str1.1)
    .L.str.12.231                            0x0800dd52   Data          10  lto-llvm-434951.o(.rodata.str1.1)
    .L__FUNCTION__._msh_exec_cmd             0x0800dd5c   Data          14  lto-llvm-434951.o(.rodata.str1.1)
    .L.str.6.70                              0x0800dd66   Data           4  lto-llvm-434951.o(.rodata.str1.1)
    .L.str.18.225                            0x0800dd6a   Data          43  lto-llvm-434951.o(.rodata.str1.1)
    .L.str.9.228                             0x0800dd95   Data          92  lto-llvm-434951.o(.rodata.str1.1)
    .L.str.5.219                             0x0800ddf1   Data          67  lto-llvm-434951.o(.rodata.str1.1)
    .L.str.6                                 0x0800de34   Data           9  lto-llvm-434951.o(.rodata.str1.1)
    .L__FUNCTION__.rt_thread_suspend         0x0800de3d   Data          18  lto-llvm-434951.o(.rodata.str1.1)
    .L__FUNCTION__.rt_event_send             0x0800de4f   Data          14  lto-llvm-434951.o(.rodata.str1.1)
    .L__FUNCTION__.finsh_set_prompt_mode     0x0800de5d   Data          22  lto-llvm-434951.o(.rodata.str1.1)
    .L__FUNCTION__.rt_free                   0x0800de73   Data           8  lto-llvm-434951.o(.rodata.str1.1)
    .L__FUNCTION__.rt_sem_take               0x0800de7b   Data          12  lto-llvm-434951.o(.rodata.str1.1)
    .L__FUNCTION__.rt_mutex_take             0x0800de87   Data          14  lto-llvm-434951.o(.rodata.str1.1)
    .L.str.2.157                             0x0800de95   Data           6  lto-llvm-434951.o(.rodata.str1.1)
    .L__FUNCTION__.rt_thread_resume          0x0800de9b   Data          17  lto-llvm-434951.o(.rodata.str1.1)
    .L__FUNCTION__.rt_object_get_type        0x0800deac   Data          19  lto-llvm-434951.o(.rodata.str1.1)
    .L.str.2.162                             0x0800debf   Data          69  lto-llvm-434951.o(.rodata.str1.1)
    .L.str.11                                0x0800df04   Data          10  lto-llvm-434951.o(.rodata.str1.1)
    .L__FUNCTION__.rt_sem_release            0x0800df0e   Data          15  lto-llvm-434951.o(.rodata.str1.1)
    .L__FUNCTION__.rt_mutex_release          0x0800df1d   Data          17  lto-llvm-434951.o(.rodata.str1.1)
    .L__FUNCTION__.rt_object_allocate        0x0800df2e   Data          19  lto-llvm-434951.o(.rodata.str1.1)
    .L__FUNCTION__.rt_mb_create              0x0800df41   Data          13  lto-llvm-434951.o(.rodata.str1.1)
    .L__FUNCTION__.rt_sem_create             0x0800df4e   Data          14  lto-llvm-434951.o(.rodata.str1.1)
    .L__FUNCTION__.rt_event_create           0x0800df5c   Data          16  lto-llvm-434951.o(.rodata.str1.1)
    .L__FUNCTION__.rt_mutex_create           0x0800df6c   Data          16  lto-llvm-434951.o(.rodata.str1.1)
    .L__FUNCTION__.rt_thread_delete          0x0800df7c   Data          17  lto-llvm-434951.o(.rodata.str1.1)
    .L__FUNCTION__.rt_object_delete          0x0800df8d   Data          17  lto-llvm-434951.o(.rodata.str1.1)
    .L__FUNCTION__.rt_thread_idle_excute     0x0800df9e   Data          22  lto-llvm-434951.o(.rodata.str1.1)
    .L.str.9                                 0x0800dfb4   Data           9  lto-llvm-434951.o(.rodata.str1.1)
    .L__FUNCTION__.rt_thread_detach          0x0800dfbd   Data          17  lto-llvm-434951.o(.rodata.str1.1)
    .L__FUNCTION__.rt_timer_detach           0x0800dfce   Data          16  lto-llvm-434951.o(.rodata.str1.1)
    .L__FUNCTION__.rt_object_detach          0x0800dfde   Data          17  lto-llvm-434951.o(.rodata.str1.1)
    .L__FUNCTION__._rt_scheduler_stack_check 0x0800dfef   Data          26  lto-llvm-434951.o(.rodata.str1.1)
    .L.str.1.370                             0x0800e009   Data          15  lto-llvm-434951.o(.rodata.str1.1)
    .L.str.11.80                             0x0800e018   Data           7  lto-llvm-434951.o(.rodata.str1.1)
    .L.str.31                                0x0800e01f   Data           8  lto-llvm-434951.o(.rodata.str1.1)
    .L.str.6.354                             0x0800e027   Data          12  lto-llvm-434951.o(.rodata.str1.1)
    .L__FUNCTION__.rt_thread_control         0x0800e033   Data          18  lto-llvm-434951.o(.rodata.str1.1)
    .L__FUNCTION__.rt_timer_control          0x0800e045   Data          17  lto-llvm-434951.o(.rodata.str1.1)
    .L.str.369                               0x0800e056   Data          14  lto-llvm-434951.o(.rodata.str1.1)
    .L.str.401                               0x0800e064   Data          10  lto-llvm-434951.o(.rodata.str1.1)
    .L.str.3.151                             0x0800e06e   Data           5  lto-llvm-434951.o(.rodata.str1.1)
    .L.str.3.215                             0x0800e073   Data           5  lto-llvm-434951.o(.rodata.str1.1)
    .L__FUNCTION__.rt_thread_sleep           0x0800e078   Data          16  lto-llvm-434951.o(.rodata.str1.1)
    .L__FUNCTION__.rt_timer_stop             0x0800e088   Data          14  lto-llvm-434951.o(.rodata.str1.1)
    .L.str.7.71                              0x0800e096   Data           5  lto-llvm-434951.o(.rodata.str1.1)
    .L__FUNCTION__.rt_thread_startup         0x0800e09b   Data          18  lto-llvm-434951.o(.rodata.str1.1)
    .L__FUNCTION__.rt_ringbuffer_getchar     0x0800e0ad   Data          22  lto-llvm-434951.o(.rodata.str1.1)
    .L.str.1.330                             0x0800e0c3   Data          60  lto-llvm-434951.o(.rodata.str1.1)
    .L.str.352                               0x0800e0ff   Data          11  lto-llvm-434951.o(.rodata.str1.1)
    .L.str.5.349                             0x0800e104   Data           6  lto-llvm-434951.o(.rodata.str1.1)
    .L.str.1.383                             0x0800e10a   Data          13  lto-llvm-434951.o(.rodata.str1.1)
    .L.str.17.224                            0x0800e117   Data          30  lto-llvm-434951.o(.rodata.str1.1)
    .L.str.148                               0x0800e135   Data          14  lto-llvm-434951.o(.rodata.str1.1)
    .L.str.13.89                             0x0800e143   Data           5  lto-llvm-434951.o(.rodata.str1.1)
    .L.str.396                               0x0800e145   Data           3  lto-llvm-434951.o(.rodata.str1.1)
    .L__FUNCTION__.plug_holes                0x0800e148   Data          11  lto-llvm-434951.o(.rodata.str1.1)
    .L.str.2.371                             0x0800e153   Data          12  lto-llvm-434951.o(.rodata.str1.1)
    .L.str.1.259                             0x0800e15f   Data          14  lto-llvm-434951.o(.rodata.str1.1)
    .L__FUNCTION__.rt_object_is_systemobject 0x0800e16d   Data          26  lto-llvm-434951.o(.rodata.str1.1)
    .L__FUNCTION__.rt_mb_send_wait           0x0800e187   Data          16  lto-llvm-434951.o(.rodata.str1.1)
    .L__FUNCTION__._rt_thread_init           0x0800e197   Data          16  lto-llvm-434951.o(.rodata.str1.1)
    .L__FUNCTION__.rt_thread_init            0x0800e198   Data          15  lto-llvm-434951.o(.rodata.str1.1)
    .L__FUNCTION__.rt_sem_init               0x0800e1a7   Data          12  lto-llvm-434951.o(.rodata.str1.1)
    .L__FUNCTION__.rt_application_init       0x0800e1b3   Data          20  lto-llvm-434951.o(.rodata.str1.1)
    .L__FUNCTION__.rt_system_heap_init       0x0800e1c7   Data          20  lto-llvm-434951.o(.rodata.str1.1)
    .L__FUNCTION__.rt_ringbuffer_init        0x0800e1db   Data          19  lto-llvm-434951.o(.rodata.str1.1)
    .L__FUNCTION__.rt_timer_init             0x0800e1ee   Data          14  lto-llvm-434951.o(.rodata.str1.1)
    .L__FUNCTION__.rt_object_init            0x0800e1fc   Data          15  lto-llvm-434951.o(.rodata.str1.1)
    .L.str.13.174                            0x0800e20b   Data          67  lto-llvm-434951.o(.rodata.str1.1)
    .L.str.386                               0x0800e24e   Data          10  lto-llvm-434951.o(.rodata.str1.1)
    .L.str.382                               0x0800e258   Data          10  lto-llvm-434951.o(.rodata.str1.1)
    .L.str.17                                0x0800e25c   Data           6  lto-llvm-434951.o(.rodata.str1.1)
    .L__FUNCTION__.rt_timer_start            0x0800e262   Data          15  lto-llvm-434951.o(.rodata.str1.1)
    .L__FUNCTION__.rt_thread_timeout         0x0800e271   Data          18  lto-llvm-434951.o(.rodata.str1.1)
    .L__FUNCTION__.rt_ringbuffer_put         0x0800e283   Data          18  lto-llvm-434951.o(.rodata.str1.1)
    .L__FUNCTION__.rt_mb_recv                0x0800e295   Data          11  lto-llvm-434951.o(.rodata.str1.1)
    .L__FUNCTION__.rt_event_recv             0x0800e2a0   Data          14  lto-llvm-434951.o(.rodata.str1.1)
    .L.str.9.170                             0x0800e2ae   Data          67  lto-llvm-434951.o(.rodata.str1.1)
    .L.str.22                                0x0800e2f1   Data           6  lto-llvm-434951.o(.rodata.str1.1)
    .L.str.17.178                            0x0800e2f7   Data          66  lto-llvm-434951.o(.rodata.str1.1)
    .L.str.26                                0x0800e339   Data           8  lto-llvm-434951.o(.rodata.str1.1)
    .L.str.12.81                             0x0800e341   Data           5  lto-llvm-434951.o(.rodata.str1.1)
    __tagsym$$used.23                        0x0800e348   Number         0  lto-llvm-434951.o(.rti_fn.0)
    __tagsym$$used.24                        0x0800e350   Number         0  lto-llvm-434951.o(.rti_fn.0.end)
    __tagsym$$used.0                         0x0800e358   Number         0  lto-llvm-434951.o(.rti_fn.1)
    __tagsym$$used.25                        0x0800e360   Number         0  lto-llvm-434951.o(.rti_fn.1.end)
    __tagsym$$used.22                        0x0800e368   Number         0  lto-llvm-434951.o(.rti_fn.6)
    __tagsym$$used.26                        0x0800e370   Number         0  lto-llvm-434951.o(.rti_fn.6.end)
    __tagsym$$used.1                         0x0800e378   Number         0  lto-llvm-434951.o(FSymTab)
    __tagsym$$used.2                         0x0800e384   Number         0  lto-llvm-434951.o(FSymTab)
    __tagsym$$used.3                         0x0800e390   Number         0  lto-llvm-434951.o(FSymTab)
    __tagsym$$used.4                         0x0800e39c   Number         0  lto-llvm-434951.o(FSymTab)
    __tagsym$$used.5                         0x0800e3a8   Number         0  lto-llvm-434951.o(FSymTab)
    __tagsym$$used.6                         0x0800e3b4   Number         0  lto-llvm-434951.o(FSymTab)
    __tagsym$$used.7                         0x0800e3c0   Number         0  lto-llvm-434951.o(FSymTab)
    __tagsym$$used.8                         0x0800e3cc   Number         0  lto-llvm-434951.o(FSymTab)
    __tagsym$$used.9                         0x0800e3d8   Number         0  lto-llvm-434951.o(FSymTab)
    __tagsym$$used.10                        0x0800e3e4   Number         0  lto-llvm-434951.o(FSymTab)
    __tagsym$$used.11                        0x0800e3f0   Number         0  lto-llvm-434951.o(FSymTab)
    __tagsym$$used.12                        0x0800e3fc   Number         0  lto-llvm-434951.o(FSymTab)
    __tagsym$$used.13                        0x0800e408   Number         0  lto-llvm-434951.o(FSymTab)
    __tagsym$$used.14                        0x0800e414   Number         0  lto-llvm-434951.o(FSymTab)
    __tagsym$$used.15                        0x0800e420   Number         0  lto-llvm-434951.o(FSymTab)
    __tagsym$$used.16                        0x0800e42c   Number         0  lto-llvm-434951.o(FSymTab)
    __tagsym$$used.17                        0x0800e438   Number         0  lto-llvm-434951.o(FSymTab)
    __tagsym$$used.18                        0x0800e444   Number         0  lto-llvm-434951.o(FSymTab)
    __tagsym$$used.19                        0x0800e450   Number         0  lto-llvm-434951.o(FSymTab)
    __tagsym$$used.20                        0x0800e45c   Number         0  lto-llvm-434951.o(FSymTab)
    __tagsym$$used.21                        0x0800e468   Number         0  lto-llvm-434951.o(FSymTab)
    __tagsym$$used.27                        0x0800e474   Number         0  lto-llvm-434951.o(FSymTab)
    .init_array                              0x0800e4a4   Section        0  cpp_init.o(.init_array)
    SystemCoreClock                          0x20000000   Data           4  lto-llvm-434951.o(.data)
    [Anonymous Symbol]                       0x20000000   Section        0  lto-llvm-434951.o(.data)
    rt_object_container                      0x20000004   Data         112  lto-llvm-434951.o(.data)
    ad7490                                   0x20000074   Data          48  lto-llvm-434951.o(.data)
    key_state                                0x200000a4   Data           4  lto-llvm-434951.o(.data)
    huart1                                   0x200000a8   Data          76  lto-llvm-434951.o(.bss)
    [Anonymous Symbol]                       0x200000a8   Section        0  lto-llvm-434951.o(.bss)
    usart1                                   0x200000f4   Data         176  lto-llvm-434951.o(.bss)
    hdma_usart1_tx                           0x200001a4   Data         100  lto-llvm-434951.o(.bss)
    hdma_usart1_rx                           0x20000208   Data         100  lto-llvm-434951.o(.bss)
    huart2                                   0x2000026c   Data          76  lto-llvm-434951.o(.bss)
    hi2c1                                    0x200002b8   Data          92  lto-llvm-434951.o(.bss)
    hspi1                                    0x20000314   Data          92  lto-llvm-434951.o(.bss)
    hdma_spi1_rx                             0x20000370   Data         100  lto-llvm-434951.o(.bss)
    hdma_spi1_tx                             0x200003d4   Data         100  lto-llvm-434951.o(.bss)
    hdma_usart2_rx                           0x20000438   Data         100  lto-llvm-434951.o(.bss)
    hdma_usart2_tx                           0x2000049c   Data         100  lto-llvm-434951.o(.bss)
    htim1                                    0x20000500   Data         104  lto-llvm-434951.o(.bss)
    uwTick                                   0x20000568   Data           4  lto-llvm-434951.o(.bss)
    rt_heap                                  0x2000056c   Data       40960  lto-llvm-434951.o(.bss)
    _syscall_table_begin                     0x2000a56c   Data           4  lto-llvm-434951.o(.bss)
    _syscall_table_end                       0x2000a570   Data           4  lto-llvm-434951.o(.bss)
    shell                                    0x2000a574   Data           4  lto-llvm-434951.o(.bss)
    finsh_get_prompt.finsh_prompt            0x2000a578   Data         129  lto-llvm-434951.o(.bss)
    rt_tick                                  0x2000a608   Data           4  lto-llvm-434951.o(.bss)
    idle_hook_list                           0x2000a60c   Data          16  lto-llvm-434951.o(.bss)
    idle                                     0x2000a61c   Data         144  lto-llvm-434951.o(.bss)
    rt_thread_stack                          0x2000a6ac   Data         256  lto-llvm-434951.o(.bss)
    rt_interrupt_nest                        0x2000a7ac   Data           1  lto-llvm-434951.o(.bss)
    rt_kprintf.rt_log_buf                    0x2000a7ad   Data         128  lto-llvm-434951.o(.bss)
    mem_size_aligned                         0x2000a830   Data           4  lto-llvm-434951.o(.bss)
    used_mem                                 0x2000a834   Data           4  lto-llvm-434951.o(.bss)
    max_mem                                  0x2000a838   Data           4  lto-llvm-434951.o(.bss)
    heap_ptr                                 0x2000a83c   Data           4  lto-llvm-434951.o(.bss)
    heap_end                                 0x2000a840   Data           4  lto-llvm-434951.o(.bss)
    heap_sem                                 0x2000a844   Data          40  lto-llvm-434951.o(.bss)
    lfree                                    0x2000a86c   Data           4  lto-llvm-434951.o(.bss)
    rt_current_thread                        0x2000a870   Data           4  lto-llvm-434951.o(.bss)
    rt_thread_priority_table                 0x2000a874   Data         256  lto-llvm-434951.o(.bss)
    rt_thread_ready_priority_group           0x2000a974   Data           4  lto-llvm-434951.o(.bss)
    rt_thread_defunct                        0x2000a978   Data           8  lto-llvm-434951.o(.bss)
    rt_scheduler_lock_nest                   0x2000a980   Data           2  lto-llvm-434951.o(.bss)
    rt_soft_timer_list                       0x2000a984   Data           8  lto-llvm-434951.o(.bss)
    rt_timer_list                            0x2000a98c   Data           8  lto-llvm-434951.o(.bss)
    rt_timer_start.random_nr                 0x2000a994   Data           4  lto-llvm-434951.o(.bss)
    soft_timer_status                        0x2000a998   Data           1  lto-llvm-434951.o(.bss)
    timer_thread                             0x2000a99c   Data         144  lto-llvm-434951.o(.bss)
    timer_thread_stack                       0x2000aa2c   Data         512  lto-llvm-434951.o(.bss)
    timer_sta                                0x2000ac2c   Data           1  lto-llvm-434951.o(.bss)
    stop_timer                               0x2000ac30   Data           4  lto-llvm-434951.o(.bss)
    test_thread                              0x2000ac34   Data           4  lto-llvm-434951.o(.bss)
    sub_thread_control                       0x2000ac38   Data           4  lto-llvm-434951.o(.bss)
    s_nOffset                                0x2000ac3c   Data           4  lto-llvm-434951.o(.bss)
    s_nCycleCounts.362                       0x2000ac40   Data           4  lto-llvm-434951.o(.bss)
    s_lSystemClockCounts                     0x2000ac48   Data           8  lto-llvm-434951.o(.bss)
    serv_ad7490_fetcher                      0x2000ac50   Data           4  lto-llvm-434951.o(.bss)
    serv_ad7490_sem                          0x2000ac54   Data           4  lto-llvm-434951.o(.bss)
    serv_ad_mailbox                          0x2000ac58   Data           4  lto-llvm-434951.o(.bss)
    internal_buffer                          0x2000ac5c   Data          32  lto-llvm-434951.o(.bss)
    data_buffer                              0x2000ac7c   Data         256  lto-llvm-434951.o(.bss)
    value_tmp                                0x2000ad80   Data         128  lto-llvm-434951.o(.bss)
    value_his                                0x2000ae00   Data         128  lto-llvm-434951.o(.bss)
    ad7490_lock                              0x2000ae80   Data           4  lto-llvm-434951.o(.bss)
    ad7490_rb                                0x2000ae84   Data          12  lto-llvm-434951.o(.bss)
    serv_key_listener                        0x2000ae90   Data           4  lto-llvm-434951.o(.bss)
    key_event                                0x2000ae94   Data           4  lto-llvm-434951.o(.bss)
    key_tmp                                  0x2000ae98   Data           1  lto-llvm-434951.o(.bss)
    key_sta                                  0x2000ae99   Data           1  lto-llvm-434951.o(.bss)
    key_his                                  0x2000ae9a   Data           1  lto-llvm-434951.o(.bss)
    serv_led_sign_event                      0x2000ae9c   Data           4  lto-llvm-434951.o(.bss)
    strtmp                                   0x2000aea0   Data         128  lto-llvm-434951.o(.bss)
    buffer                                   0x2000af20   Data         128  lto-llvm-434951.o(.bss)
    STACK                                    0x2000afa0   Section     1024  startup_stm32f401xe.o(STACK)

    Global Symbols

    Symbol Name                              Value     Ov Type        Size  Object(Section)

    BuildAttributes$$THM_ISAv4$E$P$D$K$B$S$7EM$VFPi3$EXTD16$VFPS$VFMA$PE$A:L22UL41UL21$X:L11$S22US41US21$IEEE1$IW$~IW$USESV6$~STKCKD$USESV7$WCHAR32$ENUMINT$~SHL$OSPACE$ROPI$IEEEF$EBA8$MICROLIB$REQ8$PRES8$EABIv2 0x00000000   Number         0  anon$$obj.o ABSOLUTE
    __cxa_finalize                            - Undefined Weak Reference
    __decompress                              - Undefined Weak Reference
    _clock_init                               - Undefined Weak Reference
    _microlib_exit                            - Undefined Weak Reference
    __Vectors_Size                           0x00000194   Number         0  startup_stm32f401xe.o ABSOLUTE
    __Vectors                                0x08000000   Data           4  startup_stm32f401xe.o(RESET)
    __Vectors_End                            0x08000194   Data           0  startup_stm32f401xe.o(RESET)
    __main                                   0x08000195   Thumb Code     0  entry.o(.ARM.Collect$$$$00000000)
    _main_stk                                0x08000195   Thumb Code     0  entry2.o(.ARM.Collect$$$$00000001)
    _main_scatterload                        0x08000199   Thumb Code     0  entry5.o(.ARM.Collect$$$$00000004)
    __main_after_scatterload                 0x0800019d   Thumb Code     0  entry5.o(.ARM.Collect$$$$00000004)
    _main_clock                              0x0800019d   Thumb Code     0  entry7b.o(.ARM.Collect$$$$00000008)
    _main_cpp_init$empty                     0x0800019d   Thumb Code     0  entry8a.o(.ARM.Collect$$$$00000009)
    _main_cpp_init                           0x080001a1   Thumb Code     0  entry8b.o(.ARM.Collect$$$$0000000A)
    _main_init                               0x080001a1   Thumb Code     0  entry9a.o(.ARM.Collect$$$$0000000B)
    __rt_final_cpp                           0x080001a9   Thumb Code     0  entry10a.o(.ARM.Collect$$$$0000000D)
    __rt_final_exit                          0x080001a9   Thumb Code     0  entry11a.o(.ARM.Collect$$$$0000000F)
    rt_hw_interrupt_disable                  0x080001ad   Thumb Code     8  context_rvds.o(.text)
    rt_hw_interrupt_enable                   0x080001b5   Thumb Code     6  context_rvds.o(.text)
    rt_hw_context_switch                     0x080001bb   Thumb Code    32  context_rvds.o(.text)
    rt_hw_context_switch_interrupt           0x080001bb   Thumb Code     0  context_rvds.o(.text)
    PendSV_Handler                           0x080001db   Thumb Code   108  context_rvds.o(.text)
    rt_hw_context_switch_to                  0x08000247   Thumb Code    68  context_rvds.o(.text)
    rt_hw_interrupt_thread_switch            0x0800028b   Thumb Code     2  context_rvds.o(.text)
    HardFault_Handler                        0x0800028d   Thumb Code    56  context_rvds.o(.text)
    SysTick_Handler                          0x080002e1   Thumb Code    18  systick_wrapper_ual.o(.text)
    __ensure_systick_wrapper                 0x080002fd   Thumb Code     4  systick_wrapper_ual.o(.text)
    Reset_Handler                            0x08000301   Thumb Code     8  startup_stm32f401xe.o(.text)
    SVC_Handler                              0x08000313   Thumb Code     2  startup_stm32f401xe.o(.text)
    ADC_IRQHandler                           0x0800031b   Thumb Code     0  startup_stm32f401xe.o(.text)
    DMA1_Stream0_IRQHandler                  0x0800031b   Thumb Code     0  startup_stm32f401xe.o(.text)
    DMA1_Stream1_IRQHandler                  0x0800031b   Thumb Code     0  startup_stm32f401xe.o(.text)
    DMA1_Stream2_IRQHandler                  0x0800031b   Thumb Code     0  startup_stm32f401xe.o(.text)
    DMA1_Stream3_IRQHandler                  0x0800031b   Thumb Code     0  startup_stm32f401xe.o(.text)
    DMA1_Stream4_IRQHandler                  0x0800031b   Thumb Code     0  startup_stm32f401xe.o(.text)
    DMA1_Stream7_IRQHandler                  0x0800031b   Thumb Code     0  startup_stm32f401xe.o(.text)
    DMA2_Stream1_IRQHandler                  0x0800031b   Thumb Code     0  startup_stm32f401xe.o(.text)
    DMA2_Stream4_IRQHandler                  0x0800031b   Thumb Code     0  startup_stm32f401xe.o(.text)
    DMA2_Stream5_IRQHandler                  0x0800031b   Thumb Code     0  startup_stm32f401xe.o(.text)
    DMA2_Stream6_IRQHandler                  0x0800031b   Thumb Code     0  startup_stm32f401xe.o(.text)
    EXTI0_IRQHandler                         0x0800031b   Thumb Code     0  startup_stm32f401xe.o(.text)
    EXTI15_10_IRQHandler                     0x0800031b   Thumb Code     0  startup_stm32f401xe.o(.text)
    EXTI1_IRQHandler                         0x0800031b   Thumb Code     0  startup_stm32f401xe.o(.text)
    EXTI2_IRQHandler                         0x0800031b   Thumb Code     0  startup_stm32f401xe.o(.text)
    EXTI3_IRQHandler                         0x0800031b   Thumb Code     0  startup_stm32f401xe.o(.text)
    EXTI4_IRQHandler                         0x0800031b   Thumb Code     0  startup_stm32f401xe.o(.text)
    EXTI9_5_IRQHandler                       0x0800031b   Thumb Code     0  startup_stm32f401xe.o(.text)
    FLASH_IRQHandler                         0x0800031b   Thumb Code     0  startup_stm32f401xe.o(.text)
    FPU_IRQHandler                           0x0800031b   Thumb Code     0  startup_stm32f401xe.o(.text)
    I2C1_ER_IRQHandler                       0x0800031b   Thumb Code     0  startup_stm32f401xe.o(.text)
    I2C1_EV_IRQHandler                       0x0800031b   Thumb Code     0  startup_stm32f401xe.o(.text)
    I2C2_ER_IRQHandler                       0x0800031b   Thumb Code     0  startup_stm32f401xe.o(.text)
    I2C2_EV_IRQHandler                       0x0800031b   Thumb Code     0  startup_stm32f401xe.o(.text)
    I2C3_ER_IRQHandler                       0x0800031b   Thumb Code     0  startup_stm32f401xe.o(.text)
    I2C3_EV_IRQHandler                       0x0800031b   Thumb Code     0  startup_stm32f401xe.o(.text)
    OTG_FS_IRQHandler                        0x0800031b   Thumb Code     0  startup_stm32f401xe.o(.text)
    OTG_FS_WKUP_IRQHandler                   0x0800031b   Thumb Code     0  startup_stm32f401xe.o(.text)
    PVD_IRQHandler                           0x0800031b   Thumb Code     0  startup_stm32f401xe.o(.text)
    RCC_IRQHandler                           0x0800031b   Thumb Code     0  startup_stm32f401xe.o(.text)
    RTC_Alarm_IRQHandler                     0x0800031b   Thumb Code     0  startup_stm32f401xe.o(.text)
    RTC_WKUP_IRQHandler                      0x0800031b   Thumb Code     0  startup_stm32f401xe.o(.text)
    SDIO_IRQHandler                          0x0800031b   Thumb Code     0  startup_stm32f401xe.o(.text)
    SPI2_IRQHandler                          0x0800031b   Thumb Code     0  startup_stm32f401xe.o(.text)
    SPI3_IRQHandler                          0x0800031b   Thumb Code     0  startup_stm32f401xe.o(.text)
    SPI4_IRQHandler                          0x0800031b   Thumb Code     0  startup_stm32f401xe.o(.text)
    TAMP_STAMP_IRQHandler                    0x0800031b   Thumb Code     0  startup_stm32f401xe.o(.text)
    TIM1_BRK_TIM9_IRQHandler                 0x0800031b   Thumb Code     0  startup_stm32f401xe.o(.text)
    TIM1_CC_IRQHandler                       0x0800031b   Thumb Code     0  startup_stm32f401xe.o(.text)
    TIM1_TRG_COM_TIM11_IRQHandler            0x0800031b   Thumb Code     0  startup_stm32f401xe.o(.text)
    TIM2_IRQHandler                          0x0800031b   Thumb Code     0  startup_stm32f401xe.o(.text)
    TIM3_IRQHandler                          0x0800031b   Thumb Code     0  startup_stm32f401xe.o(.text)
    TIM4_IRQHandler                          0x0800031b   Thumb Code     0  startup_stm32f401xe.o(.text)
    TIM5_IRQHandler                          0x0800031b   Thumb Code     0  startup_stm32f401xe.o(.text)
    USART2_IRQHandler                        0x0800031b   Thumb Code     0  startup_stm32f401xe.o(.text)
    USART6_IRQHandler                        0x0800031b   Thumb Code     0  startup_stm32f401xe.o(.text)
    WWDG_IRQHandler                          0x0800031b   Thumb Code     0  startup_stm32f401xe.o(.text)
    strcat                                   0x08000325   Thumb Code    24  strcat.o(.text)
    strlen                                   0x0800033d   Thumb Code    14  strlen.o(.text)
    strcpy                                   0x0800034b   Thumb Code    18  strcpy.o(.text)
    strncmp                                  0x0800035d   Thumb Code    30  strncmp.o(.text)
    __scatterload                            0x0800037d   Thumb Code    28  init.o(.text)
    __scatterload_rt2                        0x0800037d   Thumb Code     0  init.o(.text)
    __aeabi_uldivmod                         0x080003a1   Thumb Code    98  uldiv.o(.text)
    __aeabi_memcpy                           0x08000403   Thumb Code    36  memcpya.o(.text)
    __aeabi_memcpy4                          0x08000403   Thumb Code     0  memcpya.o(.text)
    __aeabi_memcpy8                          0x08000403   Thumb Code     0  memcpya.o(.text)
    __aeabi_memset                           0x08000427   Thumb Code    14  memseta.o(.text)
    __aeabi_memset4                          0x08000427   Thumb Code     0  memseta.o(.text)
    __aeabi_memset8                          0x08000427   Thumb Code     0  memseta.o(.text)
    __aeabi_memclr                           0x08000435   Thumb Code     4  memseta.o(.text)
    __aeabi_memclr4                          0x08000435   Thumb Code     0  memseta.o(.text)
    __aeabi_memclr8                          0x08000435   Thumb Code     0  memseta.o(.text)
    _memset$wrapper                          0x08000439   Thumb Code    18  memseta.o(.text)
    __cpp_initialize__aeabi_                 0x0800044d   Thumb Code    24  cpp_init.o(.text)
    __aeabi_dadd                             0x0800046d   Thumb Code   322  dadd.o(.text)
    __aeabi_dsub                             0x080005af   Thumb Code     6  dadd.o(.text)
    __aeabi_drsub                            0x080005b5   Thumb Code     6  dadd.o(.text)
    __aeabi_dmul                             0x080005bb   Thumb Code   228  dmul.o(.text)
    __aeabi_dcmple                           0x0800069f   Thumb Code    54  dcmple.o(.text)
    __aeabi_dcmpge                           0x080006d5   Thumb Code    54  dcmpge.o(.text)
    __aeabi_i2d                              0x0800070b   Thumb Code    34  dflti.o(.text)
    __aeabi_ui2d                             0x0800072d   Thumb Code    26  dfltui.o(.text)
    __aeabi_d2iz                             0x08000747   Thumb Code    62  dfixi.o(.text)
    __aeabi_llsl                             0x08000785   Thumb Code    30  llshl.o(.text)
    _ll_shift_l                              0x08000785   Thumb Code     0  llshl.o(.text)
    __aeabi_llsr                             0x080007a3   Thumb Code    32  llushr.o(.text)
    _ll_ushift_r                             0x080007a3   Thumb Code     0  llushr.o(.text)
    __aeabi_lasr                             0x080007c3   Thumb Code    36  llsshr.o(.text)
    _ll_sshift_r                             0x080007c3   Thumb Code     0  llsshr.o(.text)
    __I$use$fp                               0x080007e7   Thumb Code     0  iusefp.o(.text)
    _double_round                            0x080007e7   Thumb Code    30  depilogue.o(.text)
    _double_epilogue                         0x08000805   Thumb Code   156  depilogue.o(.text)
    main                                     0x080008a1   Thumb Code    10  lto-llvm-434951.o(.text.$Sub$$main)
    BusFault_Handler                         0x080008ad   Thumb Code     4  lto-llvm-434951.o(.text.BusFault_Handler)
    DMA1_Stream5_IRQHandler                  0x080008b1   Thumb Code    16  lto-llvm-434951.o(.text.DMA1_Stream5_IRQHandler)
    DMA1_Stream6_IRQHandler                  0x080008c1   Thumb Code    16  lto-llvm-434951.o(.text.DMA1_Stream6_IRQHandler)
    DMA2_Stream0_IRQHandler                  0x080008d1   Thumb Code    16  lto-llvm-434951.o(.text.DMA2_Stream0_IRQHandler)
    DMA2_Stream2_IRQHandler                  0x080008e1   Thumb Code    16  lto-llvm-434951.o(.text.DMA2_Stream2_IRQHandler)
    DMA2_Stream3_IRQHandler                  0x080008f1   Thumb Code    16  lto-llvm-434951.o(.text.DMA2_Stream3_IRQHandler)
    DMA2_Stream7_IRQHandler                  0x08000901   Thumb Code    16  lto-llvm-434951.o(.text.DMA2_Stream7_IRQHandler)
    DebugMon_Handler                         0x08000a8d   Thumb Code     2  lto-llvm-434951.o(.text.DebugMon_Handler)
    MemManage_Handler                        0x080040d9   Thumb Code     4  lto-llvm-434951.o(.text.MemManage_Handler)
    NMI_Handler                              0x080040dd   Thumb Code     4  lto-llvm-434951.o(.text.NMI_Handler)
    SPI1_IRQHandler                          0x08004145   Thumb Code    16  lto-llvm-434951.o(.text.SPI1_IRQHandler)
    $Super$$SysTick_Handler                  0x08004441   Thumb Code    16  lto-llvm-434951.o(.text.SysTick_Handler)
    SystemInit                               0x08004631   Thumb Code    18  lto-llvm-434951.o(.text.SystemInit)
    TIM1_UP_TIM10_IRQHandler                 0x08004645   Thumb Code    16  lto-llvm-434951.o(.text.TIM1_UP_TIM10_IRQHandler)
    USART1_IRQHandler                        0x08004fa1   Thumb Code    86  lto-llvm-434951.o(.text.USART1_IRQHandler)
    UsageFault_Handler                       0x08004ff9   Thumb Code     4  lto-llvm-434951.o(.text.UsageFault_Handler)
    $Super$$main                             0x080071c9   Thumb Code    14  lto-llvm-434951.o(.text.main)
    rt_hw_hard_fault_exception               0x08008491   Thumb Code   358  lto-llvm-434951.o(.text.rt_hw_hard_fault_exception)
    user_code_insert_to_systick_handler      0x0800ca1d   Thumb Code    58  lto-llvm-434951.o(.text.user_code_insert_to_systick_handler)
    __scatterload_copy                       0x0800ca63   Thumb Code    14  handlers.o(i.__scatterload_copy)
    __scatterload_null                       0x0800ca71   Thumb Code     2  handlers.o(i.__scatterload_null)
    __scatterload_zeroinit                   0x0800ca73   Thumb Code    14  handlers.o(i.__scatterload_zeroinit)
    __rt_init_desc_rti_start                 0x0800e348   Data           8  lto-llvm-434951.o(.rti_fn.0)
    __rt_init_desc_rti_board_start           0x0800e350   Data           8  lto-llvm-434951.o(.rti_fn.0.end)
    __rt_init_desc_hw_init                   0x0800e358   Data           8  lto-llvm-434951.o(.rti_fn.1)
    __rt_init_desc_rti_board_end             0x0800e360   Data           8  lto-llvm-434951.o(.rti_fn.1.end)
    __rt_init_desc_finsh_system_init         0x0800e368   Data           8  lto-llvm-434951.o(.rti_fn.6)
    __rt_init_desc_rti_end                   0x0800e370   Data           8  lto-llvm-434951.o(.rti_fn.6.end)
    FSymTab$$Base                            0x0800e378   Number         0  lto-llvm-434951.o(FSymTab)
    __fsym_hello                             0x0800e378   Data          12  lto-llvm-434951.o(FSymTab)
    __fsym_version                           0x0800e384   Data          12  lto-llvm-434951.o(FSymTab)
    __fsym___cmd_version                     0x0800e390   Data          12  lto-llvm-434951.o(FSymTab)
    __fsym_list_thread                       0x0800e39c   Data          12  lto-llvm-434951.o(FSymTab)
    __fsym___cmd_list_thread                 0x0800e3a8   Data          12  lto-llvm-434951.o(FSymTab)
    __fsym_list_sem                          0x0800e3b4   Data          12  lto-llvm-434951.o(FSymTab)
    __fsym___cmd_list_sem                    0x0800e3c0   Data          12  lto-llvm-434951.o(FSymTab)
    __fsym_list_event                        0x0800e3cc   Data          12  lto-llvm-434951.o(FSymTab)
    __fsym___cmd_list_event                  0x0800e3d8   Data          12  lto-llvm-434951.o(FSymTab)
    __fsym_list_mutex                        0x0800e3e4   Data          12  lto-llvm-434951.o(FSymTab)
    __fsym___cmd_list_mutex                  0x0800e3f0   Data          12  lto-llvm-434951.o(FSymTab)
    __fsym_list_mailbox                      0x0800e3fc   Data          12  lto-llvm-434951.o(FSymTab)
    __fsym___cmd_list_mailbox                0x0800e408   Data          12  lto-llvm-434951.o(FSymTab)
    __fsym_list_mempool                      0x0800e414   Data          12  lto-llvm-434951.o(FSymTab)
    __fsym___cmd_list_mempool                0x0800e420   Data          12  lto-llvm-434951.o(FSymTab)
    __fsym_list_timer                        0x0800e42c   Data          12  lto-llvm-434951.o(FSymTab)
    __fsym___cmd_list_timer                  0x0800e438   Data          12  lto-llvm-434951.o(FSymTab)
    __fsym_list                              0x0800e444   Data          12  lto-llvm-434951.o(FSymTab)
    __fsym___cmd_help                        0x0800e450   Data          12  lto-llvm-434951.o(FSymTab)
    __fsym___cmd_ps                          0x0800e45c   Data          12  lto-llvm-434951.o(FSymTab)
    __fsym___cmd_free                        0x0800e468   Data          12  lto-llvm-434951.o(FSymTab)
    __fsym_list_mem                          0x0800e474   Data          12  lto-llvm-434951.o(FSymTab)
    FSymTab$$Limit                           0x0800e480   Number         0  lto-llvm-434951.o(FSymTab)
    Region$$Table$$Base                      0x0800e480   Number         0  anon$$obj.o(Region$$Table)
    Region$$Table$$Limit                     0x0800e4a0   Number         0  anon$$obj.o(Region$$Table)
    SHT$$INIT_ARRAY$$Base                    0x0800e4a0   Number         0  lto-llvm-434951.o(.init_array.255)
    SHT$$INIT_ARRAY$$Limit                   0x0800e4a4   Number         0  cpp_init.o(.init_array)
    rt_interrupt_from_thread                 0x2000a5fc   Data           4  lto-llvm-434951.o(.bss)
    rt_interrupt_to_thread                   0x2000a600   Data           4  lto-llvm-434951.o(.bss)
    rt_thread_switch_interrupt_flag          0x2000a604   Data           4  lto-llvm-434951.o(.bss)
    __initial_sp                             0x2000b3a0   Data           0  startup_stm32f401xe.o(STACK)



==============================================================================

Memory Map of the image

  Image Entry point : 0x08000195

  Load Region LR_IROM1 (Base: 0x08000000, Size: 0x0000e550, Max: 0x00080000, ABSOLUTE)

    Execution Region ER_IROM1 (Base: 0x08000000, Size: 0x0000e4a4, Max: 0x00080000, ABSOLUTE)

    Base Addr    Size         Type   Attr      Idx    E Section Name        Object

    0x08000000   0x00000194   Data   RO           70    RESET               startup_stm32f401xe.o
    0x08000194   0x00000000   Code   RO           75  * .ARM.Collect$$$$00000000  mc_w.l(entry.o)
    0x08000194   0x00000004   Code   RO           88    .ARM.Collect$$$$00000001  mc_w.l(entry2.o)
    0x08000198   0x00000004   Code   RO           91    .ARM.Collect$$$$00000004  mc_w.l(entry5.o)
    0x0800019c   0x00000000   Code   RO           93    .ARM.Collect$$$$00000008  mc_w.l(entry7b.o)
    0x0800019c   0x00000004   Code   RO           94    .ARM.Collect$$$$00000009  mc_w.l(entry8a.o)
    0x080001a0   0x00000000   Code   RO           95    .ARM.Collect$$$$0000000A  mc_w.l(entry8b.o)
    0x080001a0   0x00000008   Code   RO           96    .ARM.Collect$$$$0000000B  mc_w.l(entry9a.o)
    0x080001a8   0x00000000   Code   RO           98    .ARM.Collect$$$$0000000D  mc_w.l(entry10a.o)
    0x080001a8   0x00000000   Code   RO          100    .ARM.Collect$$$$0000000F  mc_w.l(entry11a.o)
    0x080001a8   0x00000004   Code   RO           89    .ARM.Collect$$$$00002712  mc_w.l(entry2.o)
    0x080001ac   0x00000134   Code   RO           58    .text               context_rvds.o
    0x080002e0   0x00000020   Code   RO           64    .text               systick_wrapper_ual.o
    0x08000300   0x00000024   Code   RO           71    .text               startup_stm32f401xe.o
    0x08000324   0x00000018   Code   RO           78    .text               mc_w.l(strcat.o)
    0x0800033c   0x0000000e   Code   RO           82    .text               mc_w.l(strlen.o)
    0x0800034a   0x00000012   Code   RO           84    .text               mc_w.l(strcpy.o)
    0x0800035c   0x0000001e   Code   RO           86    .text               mc_w.l(strncmp.o)
    0x0800037a   0x00000002   PAD
    0x0800037c   0x00000024   Code   RO          102    .text               mc_w.l(init.o)
    0x080003a0   0x00000062   Code   RO          763    .text               mc_w.l(uldiv.o)
    0x08000402   0x00000024   Code   RO          765    .text               mc_w.l(memcpya.o)
    0x08000426   0x00000024   Code   RO          767    .text               mc_w.l(memseta.o)
    0x0800044a   0x00000002   PAD
    0x0800044c   0x00000020   Code   RO          774    .text               mc_w.l(cpp_init.o)
    0x0800046c   0x0000014e   Code   RO          776    .text               mf_w.l(dadd.o)
    0x080005ba   0x000000e4   Code   RO          778    .text               mf_w.l(dmul.o)
    0x0800069e   0x00000036   Code   RO          780    .text               mf_w.l(dcmple.o)
    0x080006d4   0x00000036   Code   RO          782    .text               mf_w.l(dcmpge.o)
    0x0800070a   0x00000022   Code   RO          784    .text               mf_w.l(dflti.o)
    0x0800072c   0x0000001a   Code   RO          786    .text               mf_w.l(dfltui.o)
    0x08000746   0x0000003e   Code   RO          788    .text               mf_w.l(dfixi.o)
    0x08000784   0x0000001e   Code   RO          790    .text               mc_w.l(llshl.o)
    0x080007a2   0x00000020   Code   RO          792    .text               mc_w.l(llushr.o)
    0x080007c2   0x00000024   Code   RO          794    .text               mc_w.l(llsshr.o)
    0x080007e6   0x00000000   Code   RO          796    .text               mc_w.l(iusefp.o)
    0x080007e6   0x000000ba   Code   RO          801    .text               mf_w.l(depilogue.o)
    0x080008a0   0x0000000a   Code   RO          425    .text.$Sub$$main    lto-llvm-434951.o
    0x080008aa   0x00000002   PAD
    0x080008ac   0x00000004   Code   RO          141    .text.BusFault_Handler  lto-llvm-434951.o
    0x080008b0   0x00000010   Code   RO          147    .text.DMA1_Stream5_IRQHandler  lto-llvm-434951.o
    0x080008c0   0x00000010   Code   RO          149    .text.DMA1_Stream6_IRQHandler  lto-llvm-434951.o
    0x080008d0   0x00000010   Code   RO          155    .text.DMA2_Stream0_IRQHandler  lto-llvm-434951.o
    0x080008e0   0x00000010   Code   RO          157    .text.DMA2_Stream2_IRQHandler  lto-llvm-434951.o
    0x080008f0   0x00000010   Code   RO          159    .text.DMA2_Stream3_IRQHandler  lto-llvm-434951.o
    0x08000900   0x00000010   Code   RO          161    .text.DMA2_Stream7_IRQHandler  lto-llvm-434951.o
    0x08000910   0x00000056   Code   RO          197    .text.DMA_CalcBaseAndBitshift  lto-llvm-434951.o
    0x08000966   0x00000002   PAD
    0x08000968   0x000000d2   Code   RO          195    .text.DMA_CheckFifoParam  lto-llvm-434951.o
    0x08000a3a   0x00000002   PAD
    0x08000a3c   0x00000050   Code   RO          199    .text.DMA_SetConfig  lto-llvm-434951.o
    0x08000a8c   0x00000002   Code   RO          145    .text.DebugMon_Handler  lto-llvm-434951.o
    0x08000a8e   0x00000002   PAD
    0x08000a90   0x0000000e   Code   RO          121    .text.Error_Handler  lto-llvm-434951.o
    0x08000a9e   0x00000002   PAD
    0x08000aa0   0x000000d8   Code   RO          203    .text.HAL_DMA_Abort  lto-llvm-434951.o
    0x08000b78   0x0000003a   Code   RO          205    .text.HAL_DMA_Abort_IT  lto-llvm-434951.o
    0x08000bb2   0x00000002   PAD
    0x08000bb4   0x0000031c   Code   RO          207    .text.HAL_DMA_IRQHandler  lto-llvm-434951.o
    0x08000ed0   0x0000015a   Code   RO          193    .text.HAL_DMA_Init  lto-llvm-434951.o
    0x0800102a   0x00000002   PAD
    0x0800102c   0x000000ac   Code   RO          201    .text.HAL_DMA_Start_IT  lto-llvm-434951.o
    0x080010d8   0x00000354   Code   RO          209    .text.HAL_GPIO_Init  lto-llvm-434951.o
    0x0800142c   0x00000030   Code   RO          211    .text.HAL_GPIO_ReadPin  lto-llvm-434951.o
    0x0800145c   0x0000002a   Code   RO          213    .text.HAL_GPIO_WritePin  lto-llvm-434951.o
    0x08001486   0x00000002   PAD
    0x08001488   0x0000000c   Code   RO          171    .text.HAL_GetTick   lto-llvm-434951.o
    0x08001494   0x00000268   Code   RO          215    .text.HAL_I2C_Init  lto-llvm-434951.o
    0x080016fc   0x00000090   Code   RO          129    .text.HAL_I2C_MspInit  lto-llvm-434951.o
    0x0800178c   0x00000010   Code   RO          169    .text.HAL_IncTick   lto-llvm-434951.o
    0x0800179c   0x00000032   Code   RO          167    .text.HAL_Init      lto-llvm-434951.o
    0x080017ce   0x00000002   PAD
    0x080017d0   0x0000009c   Code   RO          135    .text.HAL_InitTick  lto-llvm-434951.o
    0x0800186c   0x0000004a   Code   RO          127    .text.HAL_MspInit   lto-llvm-434951.o
    0x080018b6   0x00000002   PAD
    0x080018b8   0x00000010   Code   RO          185    .text.HAL_NVIC_EnableIRQ  lto-llvm-434951.o
    0x080018c8   0x0000002c   Code   RO          177    .text.HAL_NVIC_SetPriority  lto-llvm-434951.o
    0x080018f4   0x00000012   Code   RO          173    .text.HAL_NVIC_SetPriorityGrouping  lto-llvm-434951.o
    0x08001906   0x00000002   PAD
    0x08001908   0x0000024a   Code   RO          219    .text.HAL_RCC_ClockConfig  lto-llvm-434951.o
    0x08001b52   0x00000002   PAD
    0x08001b54   0x00000054   Code   RO          229    .text.HAL_RCC_GetClockConfig  lto-llvm-434951.o
    0x08001ba8   0x0000000c   Code   RO          223    .text.HAL_RCC_GetHCLKFreq  lto-llvm-434951.o
    0x08001bb4   0x00000022   Code   RO          225    .text.HAL_RCC_GetPCLK1Freq  lto-llvm-434951.o
    0x08001bd6   0x00000002   PAD
    0x08001bd8   0x00000022   Code   RO          227    .text.HAL_RCC_GetPCLK2Freq  lto-llvm-434951.o
    0x08001bfa   0x00000002   PAD
    0x08001bfc   0x000000de   Code   RO          221    .text.HAL_RCC_GetSysClockFreq  lto-llvm-434951.o
    0x08001cda   0x00000002   PAD
    0x08001cdc   0x00000692   Code   RO          217    .text.HAL_RCC_OscConfig  lto-llvm-434951.o
    0x0800236e   0x00000002   PAD
    0x08002370   0x00000008   Code   RO          245    .text.HAL_SPI_ErrorCallback  lto-llvm-434951.o
    0x08002378   0x0000022c   Code   RO          247    .text.HAL_SPI_IRQHandler  lto-llvm-434951.o
    0x080025a4   0x000000fa   Code   RO          231    .text.HAL_SPI_Init  lto-llvm-434951.o
    0x0800269e   0x00000002   PAD
    0x080026a0   0x0000014a   Code   RO          131    .text.HAL_SPI_MspInit  lto-llvm-434951.o
    0x080027ea   0x00000002   PAD
    0x080027ec   0x0000020c   Code   RO          239    .text.HAL_SPI_Receive  lto-llvm-434951.o
    0x080029f8   0x00000268   Code   RO          233    .text.HAL_SPI_Transmit  lto-llvm-434951.o
    0x08002c60   0x00000332   Code   RO          241    .text.HAL_SPI_TransmitReceive  lto-llvm-434951.o
    0x08002f92   0x00000002   PAD
    0x08002f94   0x00000010   Code   RO          189    .text.HAL_SYSTICK_Config  lto-llvm-434951.o
    0x08002fa4   0x00000008   Code   RO          271    .text.HAL_TIMEx_BreakCallback  lto-llvm-434951.o
    0x08002fac   0x00000008   Code   RO          269    .text.HAL_TIMEx_CommutCallback  lto-llvm-434951.o
    0x08002fb4   0x00000084   Code   RO          251    .text.HAL_TIM_Base_Init  lto-llvm-434951.o
    0x08003038   0x00000008   Code   RO          253    .text.HAL_TIM_Base_MspInit  lto-llvm-434951.o
    0x08003040   0x000000d0   Code   RO          257    .text.HAL_TIM_Base_Start_IT  lto-llvm-434951.o
    0x08003110   0x00000008   Code   RO          261    .text.HAL_TIM_IC_CaptureCallback  lto-llvm-434951.o
    0x08003118   0x0000027a   Code   RO          263    .text.HAL_TIM_IRQHandler  lto-llvm-434951.o
    0x08003392   0x00000002   PAD
    0x08003394   0x00000008   Code   RO          265    .text.HAL_TIM_OC_DelayElapsedCallback  lto-llvm-434951.o
    0x0800339c   0x00000008   Code   RO          259    .text.HAL_TIM_PWM_PulseFinishedCallback  lto-llvm-434951.o
    0x080033a4   0x00000020   Code   RO          125    .text.HAL_TIM_PeriodElapsedCallback  lto-llvm-434951.o
    0x080033c4   0x00000008   Code   RO          267    .text.HAL_TIM_TriggerCallback  lto-llvm-434951.o
    0x080033cc   0x000000d2   Code   RO          309    .text.HAL_UARTEx_ReceiveToIdle_DMA  lto-llvm-434951.o
    0x0800349e   0x00000002   PAD
    0x080034a0   0x00000052   Code   RO          723    .text.HAL_UARTEx_RxEventCallback  lto-llvm-434951.o
    0x080034f2   0x00000002   PAD
    0x080034f4   0x00000008   Code   RO          293    .text.HAL_UART_ErrorCallback  lto-llvm-434951.o
    0x080034fc   0x0000041a   Code   RO          311    .text.HAL_UART_IRQHandler  lto-llvm-434951.o
    0x08003916   0x00000002   PAD
    0x08003918   0x0000008a   Code   RO          273    .text.HAL_UART_Init  lto-llvm-434951.o
    0x080039a2   0x00000002   PAD
    0x080039a4   0x0000026e   Code   RO          133    .text.HAL_UART_MspInit  lto-llvm-434951.o
    0x08003c12   0x00000002   PAD
    0x08003c14   0x00000008   Code   RO          307    .text.HAL_UART_RxCpltCallback  lto-llvm-434951.o
    0x08003c1c   0x00000008   Code   RO          305    .text.HAL_UART_RxHalfCpltCallback  lto-llvm-434951.o
    0x08003c24   0x00000130   Code   RO          277    .text.HAL_UART_Transmit  lto-llvm-434951.o
    0x08003d54   0x000000fc   Code   RO          281    .text.HAL_UART_Transmit_DMA  lto-llvm-434951.o
    0x08003e50   0x00000008   Code   RO          297    .text.HAL_UART_TxCpltCallback  lto-llvm-434951.o
    0x08003e58   0x00000008   Code   RO          295    .text.HAL_UART_TxHalfCpltCallback  lto-llvm-434951.o
    0x08003e60   0x000000a0   Code   RO          111    .text.MX_DMA_Init   lto-llvm-434951.o
    0x08003f00   0x000000dc   Code   RO          109    .text.MX_GPIO_Init  lto-llvm-434951.o
    0x08003fdc   0x00000040   Code   RO          117    .text.MX_I2C1_Init  lto-llvm-434951.o
    0x0800401c   0x0000004c   Code   RO          113    .text.MX_SPI1_Init  lto-llvm-434951.o
    0x08004068   0x00000038   Code   RO          115    .text.MX_USART1_UART_Init  lto-llvm-434951.o
    0x080040a0   0x00000038   Code   RO          119    .text.MX_USART2_UART_Init  lto-llvm-434951.o
    0x080040d8   0x00000004   Code   RO          139    .text.MemManage_Handler  lto-llvm-434951.o
    0x080040dc   0x00000004   Code   RO          137    .text.NMI_Handler   lto-llvm-434951.o
    0x080040e0   0x00000062   Code   RO          181    .text.NVIC_EncodePriority  lto-llvm-434951.o
    0x08004142   0x00000002   PAD
    0x08004144   0x00000010   Code   RO          153    .text.SPI1_IRQHandler  lto-llvm-434951.o
    0x08004154   0x00000020   Code   RO          249    .text.SPI_DMAAbortOnError  lto-llvm-434951.o
    0x08004174   0x000000c8   Code   RO          243    .text.SPI_EndRxTransaction  lto-llvm-434951.o
    0x0800423c   0x0000009a   Code   RO          235    .text.SPI_EndRxTxTransaction  lto-llvm-434951.o
    0x080042d6   0x00000002   PAD
    0x080042d8   0x00000116   Code   RO          237    .text.SPI_WaitFlagStateUntilTimeout  lto-llvm-434951.o
    0x080043ee   0x00000002   PAD
    0x080043f0   0x00000050   Code   RO          191    .text.SysTick_Config  lto-llvm-434951.o
    0x08004440   0x00000010   Code   RO          325    .text.SysTick_Handler  lto-llvm-434951.o
    0x08004450   0x000000b4   Code   RO          107    .text.SystemClock_Config  lto-llvm-434951.o
    0x08004504   0x0000012a   Code   RO          165    .text.SystemCoreClockUpdate  lto-llvm-434951.o
    0x0800462e   0x00000002   PAD
    0x08004630   0x00000012   Code   RO          163    .text.SystemInit    lto-llvm-434951.o
    0x08004642   0x00000002   PAD
    0x08004644   0x00000010   Code   RO          151    .text.TIM1_UP_TIM10_IRQHandler  lto-llvm-434951.o
    0x08004654   0x0000013a   Code   RO          255    .text.TIM_Base_SetConfig  lto-llvm-434951.o
    0x0800478e   0x00000002   PAD
    0x08004790   0x00000020   Code   RO          315    .text.UART_DMAAbortOnError  lto-llvm-434951.o
    0x080047b0   0x00000078   Code   RO          287    .text.UART_DMAError  lto-llvm-434951.o
    0x08004828   0x000000ec   Code   RO          301    .text.UART_DMAReceiveCplt  lto-llvm-434951.o
    0x08004914   0x0000002e   Code   RO          303    .text.UART_DMARxHalfCplt  lto-llvm-434951.o
    0x08004942   0x00000002   PAD
    0x08004944   0x0000007a   Code   RO          283    .text.UART_DMATransmitCplt  lto-llvm-434951.o
    0x080049be   0x00000002   PAD
    0x080049c0   0x00000016   Code   RO          285    .text.UART_DMATxHalfCplt  lto-llvm-434951.o
    0x080049d6   0x00000002   PAD
    0x080049d8   0x00000092   Code   RO          291    .text.UART_EndRxTransfer  lto-llvm-434951.o
    0x08004a6a   0x00000002   PAD
    0x08004a6c   0x00000022   Code   RO          319    .text.UART_EndTransmit_IT  lto-llvm-434951.o
    0x08004a8e   0x00000002   PAD
    0x08004a90   0x00000034   Code   RO          289    .text.UART_EndTxTransfer  lto-llvm-434951.o
    0x08004ac4   0x00000156   Code   RO          313    .text.UART_Receive_IT  lto-llvm-434951.o
    0x08004c1a   0x00000002   PAD
    0x08004c1c   0x0000012c   Code   RO          275    .text.UART_SetConfig  lto-llvm-434951.o
    0x08004d48   0x00000108   Code   RO          299    .text.UART_Start_Receive_DMA  lto-llvm-434951.o
    0x08004e50   0x0000008a   Code   RO          317    .text.UART_Transmit_IT  lto-llvm-434951.o
    0x08004eda   0x00000002   PAD
    0x08004edc   0x000000c2   Code   RO          279    .text.UART_WaitOnFlagUntilTimeout  lto-llvm-434951.o
    0x08004f9e   0x00000002   PAD
    0x08004fa0   0x00000056   Code   RO          721    .text.USART1_IRQHandler  lto-llvm-434951.o
    0x08004ff6   0x00000002   PAD
    0x08004ff8   0x00000004   Code   RO          143    .text.UsageFault_Handler  lto-llvm-434951.o
    0x08004ffc   0x0000002c   Code   RO          187    .text.__NVIC_EnableIRQ  lto-llvm-434951.o
    0x08005028   0x00000010   Code   RO          179    .text.__NVIC_GetPriorityGrouping  lto-llvm-434951.o
    0x08005038   0x0000003a   Code   RO          183    .text.__NVIC_SetPriority  lto-llvm-434951.o
    0x08005072   0x00000002   PAD
    0x08005074   0x0000003c   Code   RO          175    .text.__NVIC_SetPriorityGrouping  lto-llvm-434951.o
    0x080050b0   0x00000008   Code   RO          681    .text.__perf_counter_init  lto-llvm-434951.o
    0x080050b8   0x0000007e   Code   RO          519    .text.__rt_ffs      lto-llvm-434951.o
    0x08005136   0x00000002   PAD
    0x08005138   0x0000001c   Code   RO          437    .text._has_defunct_thread  lto-llvm-434951.o
    0x08005154   0x000000f2   Code   RO          371    .text._msh_exec_cmd  lto-llvm-434951.o
    0x08005246   0x00000002   PAD
    0x08005248   0x00000094   Code   RO          561    .text._rt_scheduler_stack_check  lto-llvm-434951.o
    0x080052dc   0x000000d6   Code   RO          585    .text._rt_thread_init  lto-llvm-434951.o
    0x080053b2   0x00000002   PAD
    0x080053b4   0x00000066   Code   RO          621    .text._rt_timer_init  lto-llvm-434951.o
    0x0800541a   0x00000002   PAD
    0x0800541c   0x00000030   Code   RO          627    .text._rt_timer_remove  lto-llvm-434951.o
    0x0800544c   0x0000002a   Code   RO          579    .text._thread_cleanup_execute  lto-llvm-434951.o
    0x08005476   0x00000002   PAD
    0x08005478   0x0000005c   Code   RO          655    .text.app_main_control_init  lto-llvm-434951.o
    0x080054d4   0x000000f6   Code   RO          659    .text.app_main_control_main  lto-llvm-434951.o
    0x080055ca   0x00000002   PAD
    0x080055cc   0x000000f4   Code   RO          401    .text.bus_fault_track  lto-llvm-434951.o
    0x080056c0   0x00000012   Code   RO          365    .text.cmd_free      lto-llvm-434951.o
    0x080056d2   0x00000002   PAD
    0x080056d4   0x00000012   Code   RO          363    .text.cmd_ps        lto-llvm-434951.o
    0x080056e6   0x00000002   PAD
    0x080056e8   0x0000003c   Code   RO          691    .text.delay_us      lto-llvm-434951.o
    0x08005724   0x0000004c   Code   RO          679    .text.dev_ad7490_decode_data  lto-llvm-434951.o
    0x08005770   0x0000009e   Code   RO          669    .text.dev_ad7490_fetch_data  lto-llvm-434951.o
    0x0800580e   0x00000002   PAD
    0x08005810   0x000000bc   Code   RO          675    .text.dev_ad7490_fetch_data_in_continuous_mode  lto-llvm-434951.o
    0x080058cc   0x000000a0   Code   RO          671    .text.dev_ad7490_fetch_data_in_independent_mode  lto-llvm-434951.o
    0x0800596c   0x000000be   Code   RO          673    .text.dev_ad7490_fetch_data_in_regular_scan_mode  lto-llvm-434951.o
    0x08005a2a   0x00000002   PAD
    0x08005a2c   0x00000194   Code   RO          667    .text.dev_ad7490_generate_control_seq  lto-llvm-434951.o
    0x08005bc0   0x0000006e   Code   RO          677    .text.dev_ad7490_power_up  lto-llvm-434951.o
    0x08005c2e   0x00000002   PAD
    0x08005c30   0x00000052   Code   RO          513    .text.divide        lto-llvm-434951.o
    0x08005c82   0x00000002   PAD
    0x08005c84   0x0000024a   Code   RO          729    .text.dma_io_construct  lto-llvm-434951.o
    0x08005ece   0x00000002   PAD
    0x08005ed0   0x00000030   Code   RO          735    .text.dma_io_echo   lto-llvm-434951.o
    0x08005f00   0x00000016   Code   RO          737    .text.dma_io_get_reclength  lto-llvm-434951.o
    0x08005f16   0x00000002   PAD
    0x08005f18   0x00000024   Code   RO          739    .text.dma_io_setRX_IT  lto-llvm-434951.o
    0x08005f3c   0x00000030   Code   RO          733    .text.dma_output    lto-llvm-434951.o
    0x08005f6c   0x00000068   Code   RO          731    .text.dma_printf    lto-llvm-434951.o
    0x08005fd4   0x00000066   Code   RO          389    .text.finsh_get_prompt  lto-llvm-434951.o
    0x0800603a   0x00000002   PAD
    0x0800603c   0x00000008   Code   RO          391    .text.finsh_getchar  lto-llvm-434951.o
    0x08006044   0x00000054   Code   RO          387    .text.finsh_set_prompt_mode  lto-llvm-434951.o
    0x08006098   0x00000032   Code   RO          383    .text.finsh_system_function_init  lto-llvm-434951.o
    0x080060ca   0x00000002   PAD
    0x080060cc   0x00000096   Code   RO          381    .text.finsh_system_init  lto-llvm-434951.o
    0x08006162   0x00000002   PAD
    0x08006164   0x00000496   Code   RO          385    .text.finsh_thread_entry  lto-llvm-434951.o
    0x080065fa   0x00000002   PAD
    0x080065fc   0x00000092   Code   RO          399    .text.hard_fault_track  lto-llvm-434951.o
    0x0800668e   0x00000002   PAD
    0x08006690   0x00000012   Code   RO          329    .text.hello         lto-llvm-434951.o
    0x080066a2   0x00000002   PAD
    0x080066a4   0x00000066   Code   RO          105    .text.hw_init       lto-llvm-434951.o
    0x0800670a   0x00000002   PAD
    0x0800670c   0x000000c6   Code   RO          683    .text.init_cycle_counter  lto-llvm-434951.o
    0x080067d2   0x00000002   PAD
    0x080067d4   0x0000006a   Code   RO          359    .text.list          lto-llvm-434951.o
    0x0800683e   0x00000002   PAD
    0x08006840   0x0000010c   Code   RO          349    .text.list_event    lto-llvm-434951.o
    0x0800694c   0x00000044   Code   RO          335    .text.list_find_init  lto-llvm-434951.o
    0x08006990   0x000000ce   Code   RO          339    .text.list_get_next  lto-llvm-434951.o
    0x08006a5e   0x00000002   PAD
    0x08006a60   0x00000122   Code   RO          353    .text.list_mailbox  lto-llvm-434951.o
    0x08006b82   0x00000002   PAD
    0x08006b84   0x00000046   Code   RO          523    .text.list_mem      lto-llvm-434951.o
    0x08006bca   0x00000002   PAD
    0x08006bcc   0x0000014c   Code   RO          355    .text.list_mempool  lto-llvm-434951.o
    0x08006d18   0x000000dc   Code   RO          351    .text.list_mutex    lto-llvm-434951.o
    0x08006df4   0x0000011a   Code   RO          341    .text.list_sem      lto-llvm-434951.o
    0x08006f0e   0x00000002   PAD
    0x08006f10   0x000001b6   Code   RO          333    .text.list_thread   lto-llvm-434951.o
    0x080070c6   0x00000002   PAD
    0x080070c8   0x00000100   Code   RO          357    .text.list_timer    lto-llvm-434951.o
    0x080071c8   0x0000000e   Code   RO          123    .text.main          lto-llvm-434951.o
    0x080071d6   0x00000002   PAD
    0x080071d8   0x00000012   Code   RO          431    .text.main_thread_entry  lto-llvm-434951.o
    0x080071ea   0x00000002   PAD
    0x080071ec   0x000000d4   Code   RO          403    .text.mem_manage_fault_track  lto-llvm-434951.o
    0x080072c0   0x000000d6   Code   RO          377    .text.msh_auto_complete  lto-llvm-434951.o
    0x08007396   0x00000002   PAD
    0x08007398   0x000000ae   Code   RO          369    .text.msh_exec      lto-llvm-434951.o
    0x08007446   0x00000002   PAD
    0x08007448   0x0000007e   Code   RO          373    .text.msh_get_cmd   lto-llvm-434951.o
    0x080074c6   0x00000002   PAD
    0x080074c8   0x0000007c   Code   RO          361    .text.msh_help      lto-llvm-434951.o
    0x08007544   0x000001bc   Code   RO          375    .text.msh_split     lto-llvm-434951.o
    0x08007700   0x00000024   Code   RO          337    .text.object_split  lto-llvm-434951.o
    0x08007724   0x00000158   Code   RO          531    .text.plug_holes    lto-llvm-434951.o
    0x0800787c   0x00000258   Code   RO          511    .text.print_number  lto-llvm-434951.o
    0x08007ad4   0x00000012   Code   RO          665    .text.release_muscle  lto-llvm-434951.o
    0x08007ae6   0x00000002   PAD
    0x08007ae8   0x00000050   Code   RO          429    .text.rt_application_init  lto-llvm-434951.o
    0x08007b38   0x00000036   Code   RO          521    .text.rt_assert_handler  lto-llvm-434951.o
    0x08007b6e   0x00000002   PAD
    0x08007b70   0x00000034   Code   RO          533    .text.rt_calloc     lto-llvm-434951.o
    0x08007ba4   0x00000054   Code   RO          421    .text.rt_components_board_init  lto-llvm-434951.o
    0x08007bf8   0x00000060   Code   RO          423    .text.rt_components_init  lto-llvm-434951.o
    0x08007c58   0x00000022   Code   RO          573    .text.rt_enter_critical  lto-llvm-434951.o
    0x08007c7a   0x00000002   PAD
    0x08007c7c   0x00000084   Code   RO          471    .text.rt_event_create  lto-llvm-434951.o
    0x08007d00   0x00000254   Code   RO          475    .text.rt_event_recv  lto-llvm-434951.o
    0x08007f54   0x00000160   Code   RO          473    .text.rt_event_send  lto-llvm-434951.o
    0x080080b4   0x00000056   Code   RO          575    .text.rt_exit_critical  lto-llvm-434951.o
    0x0800810a   0x00000002   PAD
    0x0800810c   0x000001da   Code   RO          529    .text.rt_free       lto-llvm-434951.o
    0x080082e6   0x00000002   PAD
    0x080082e8   0x00000036   Code   RO          327    .text.rt_hw_board_init  lto-llvm-434951.o
    0x0800831e   0x00000002   PAD
    0x08008320   0x00000030   Code   RO          727    .text.rt_hw_console_getchar  lto-llvm-434951.o
    0x08008350   0x0000013e   Code   RO          725    .text.rt_hw_console_output  lto-llvm-434951.o
    0x0800848e   0x00000002   PAD
    0x08008490   0x00000166   Code   RO          397    .text.rt_hw_hard_fault_exception  lto-llvm-434951.o
    0x080085f6   0x00000002   PAD
    0x080085f8   0x00000088   Code   RO          395    .text.rt_hw_stack_init  lto-llvm-434951.o
    0x08008680   0x0000002c   Code   RO          485    .text.rt_interrupt_enter  lto-llvm-434951.o
    0x080086ac   0x00000026   Code   RO          489    .text.rt_interrupt_get_nest  lto-llvm-434951.o
    0x080086d2   0x00000002   PAD
    0x080086d4   0x0000002c   Code   RO          487    .text.rt_interrupt_leave  lto-llvm-434951.o
    0x08008700   0x0000001c   Code   RO          463    .text.rt_ipc_list_resume  lto-llvm-434951.o
    0x0800871c   0x0000008e   Code   RO          457    .text.rt_ipc_list_suspend  lto-llvm-434951.o
    0x080087aa   0x00000002   PAD
    0x080087ac   0x00000012   Code   RO          447    .text.rt_ipc_object_init  lto-llvm-434951.o
    0x080087be   0x00000002   PAD
    0x080087c0   0x00000042   Code   RO          505    .text.rt_kprintf    lto-llvm-434951.o
    0x08008802   0x00000002   PAD
    0x08008804   0x00000010   Code   RO          449    .text.rt_list_init  lto-llvm-434951.o
    0x08008814   0x00000010   Code   RO          555    .text.rt_list_init.280  lto-llvm-434951.o
    0x08008824   0x00000010   Code   RO          587    .text.rt_list_init.300  lto-llvm-434951.o
    0x08008834   0x00000010   Code   RO          623    .text.rt_list_init.327  lto-llvm-434951.o
    0x08008844   0x00000026   Code   RO          539    .text.rt_list_insert_after.260  lto-llvm-434951.o
    0x0800886a   0x00000002   PAD
    0x0800886c   0x0000002e   Code   RO          581    .text.rt_list_insert_after.295  lto-llvm-434951.o
    0x0800889a   0x00000002   PAD
    0x0800889c   0x00000026   Code   RO          635    .text.rt_list_insert_after.337  lto-llvm-434951.o
    0x080088c2   0x00000002   PAD
    0x080088c4   0x00000026   Code   RO          459    .text.rt_list_insert_before  lto-llvm-434951.o
    0x080088ea   0x00000002   PAD
    0x080088ec   0x00000026   Code   RO          565    .text.rt_list_insert_before.288  lto-llvm-434951.o
    0x08008912   0x00000002   PAD
    0x08008914   0x00000026   Code   RO          607    .text.rt_list_insert_before.318  lto-llvm-434951.o
    0x0800893a   0x00000002   PAD
    0x0800893c   0x00000014   Code   RO          343    .text.rt_list_isempty  lto-llvm-434951.o
    0x08008950   0x00000014   Code   RO          451    .text.rt_list_isempty.164  lto-llvm-434951.o
    0x08008964   0x00000014   Code   RO          571    .text.rt_list_isempty.290  lto-llvm-434951.o
    0x08008978   0x00000014   Code   RO          643    .text.rt_list_isempty.344  lto-llvm-434951.o
    0x0800898c   0x0000002e   Code   RO          345    .text.rt_list_len   lto-llvm-434951.o
    0x080089ba   0x00000002   PAD
    0x080089bc   0x00000020   Code   RO          439    .text.rt_list_remove  lto-llvm-434951.o
    0x080089dc   0x00000020   Code   RO          543    .text.rt_list_remove.264  lto-llvm-434951.o
    0x080089fc   0x00000020   Code   RO          569    .text.rt_list_remove.289  lto-llvm-434951.o
    0x08008a1c   0x00000020   Code   RO          591    .text.rt_list_remove.304  lto-llvm-434951.o
    0x08008a3c   0x00000020   Code   RO          629    .text.rt_list_remove.332  lto-llvm-434951.o
    0x08008a5c   0x00000396   Code   RO          527    .text.rt_malloc     lto-llvm-434951.o
    0x08008df2   0x00000002   PAD
    0x08008df4   0x000000c8   Code   RO          477    .text.rt_mb_create  lto-llvm-434951.o
    0x08008ebc   0x00000238   Code   RO          483    .text.rt_mb_recv    lto-llvm-434951.o
    0x080090f4   0x00000014   Code   RO          481    .text.rt_mb_send    lto-llvm-434951.o
    0x08009108   0x0000023a   Code   RO          479    .text.rt_mb_send_wait  lto-llvm-434951.o
    0x08009342   0x00000002   PAD
    0x08009344   0x00000080   Code   RO          495    .text.rt_memmove    lto-llvm-434951.o
    0x080093c4   0x000000b0   Code   RO          491    .text.rt_memset     lto-llvm-434951.o
    0x08009474   0x000000a0   Code   RO          465    .text.rt_mutex_create  lto-llvm-434951.o
    0x08009514   0x000001f8   Code   RO          469    .text.rt_mutex_release  lto-llvm-434951.o
    0x0800970c   0x00000224   Code   RO          467    .text.rt_mutex_take  lto-llvm-434951.o
    0x08009930   0x000000d4   Code   RO          545    .text.rt_object_allocate  lto-llvm-434951.o
    0x08009a04   0x00000076   Code   RO          547    .text.rt_object_delete  lto-llvm-434951.o
    0x08009a7a   0x00000002   PAD
    0x08009a7c   0x0000004a   Code   RO          541    .text.rt_object_detach  lto-llvm-434951.o
    0x08009ac6   0x00000002   PAD
    0x08009ac8   0x00000050   Code   RO          535    .text.rt_object_get_information  lto-llvm-434951.o
    0x08009b18   0x00000032   Code   RO          551    .text.rt_object_get_type  lto-llvm-434951.o
    0x08009b4a   0x00000002   PAD
    0x08009b4c   0x000000c4   Code   RO          537    .text.rt_object_init  lto-llvm-434951.o
    0x08009c10   0x00000044   Code   RO          549    .text.rt_object_is_systemobject  lto-llvm-434951.o
    0x08009c54   0x0000006a   Code   RO          697    .text.rt_ringbuffer_data_len  lto-llvm-434951.o
    0x08009cbe   0x00000002   PAD
    0x08009cc0   0x00000090   Code   RO          701    .text.rt_ringbuffer_getchar  lto-llvm-434951.o
    0x08009d50   0x0000008a   Code   RO          693    .text.rt_ringbuffer_init  lto-llvm-434951.o
    0x08009dda   0x00000002   PAD
    0x08009ddc   0x0000011a   Code   RO          695    .text.rt_ringbuffer_put  lto-llvm-434951.o
    0x08009ef6   0x00000002   PAD
    0x08009ef8   0x00000040   Code   RO          699    .text.rt_ringbuffer_status  lto-llvm-434951.o
    0x08009f38   0x000000b6   Code   RO          559    .text.rt_schedule   lto-llvm-434951.o
    0x08009fee   0x00000002   PAD
    0x08009ff0   0x00000074   Code   RO          563    .text.rt_schedule_insert_thread  lto-llvm-434951.o
    0x0800a064   0x00000072   Code   RO          567    .text.rt_schedule_remove_thread  lto-llvm-434951.o
    0x0800a0d6   0x00000002   PAD
    0x0800a0d8   0x000000b4   Code   RO          453    .text.rt_sem_create  lto-llvm-434951.o
    0x0800a18c   0x00000070   Code   RO          445    .text.rt_sem_init   lto-llvm-434951.o
    0x0800a1fc   0x000000c0   Code   RO          461    .text.rt_sem_release  lto-llvm-434951.o
    0x0800a2bc   0x00000180   Code   RO          455    .text.rt_sem_take   lto-llvm-434951.o
    0x0800a43c   0x00000048   Code   RO          503    .text.rt_show_version  lto-llvm-434951.o
    0x0800a484   0x0000010c   Code   RO          647    .text.rt_soft_timer_check  lto-llvm-434951.o
    0x0800a590   0x0000003a   Code   RO          517    .text.rt_sprintf    lto-llvm-434951.o
    0x0800a5ca   0x00000002   PAD
    0x0800a5cc   0x0000005c   Code   RO          499    .text.rt_strncpy    lto-llvm-434951.o
    0x0800a628   0x00000134   Code   RO          525    .text.rt_system_heap_init  lto-llvm-434951.o
    0x0800a75c   0x00000064   Code   RO          553    .text.rt_system_scheduler_init  lto-llvm-434951.o
    0x0800a7c0   0x00000040   Code   RO          557    .text.rt_system_scheduler_start  lto-llvm-434951.o
    0x0800a800   0x00000030   Code   RO          649    .text.rt_system_timer_init  lto-llvm-434951.o
    0x0800a830   0x0000006e   Code   RO          651    .text.rt_system_timer_thread_init  lto-llvm-434951.o
    0x0800a89e   0x00000002   PAD
    0x0800a8a0   0x000000fa   Code   RO          617    .text.rt_thread_control  lto-llvm-434951.o
    0x0800a99a   0x00000002   PAD
    0x0800a99c   0x0000007a   Code   RO          601    .text.rt_thread_create  lto-llvm-434951.o
    0x0800aa16   0x00000002   PAD
    0x0800aa18   0x00000010   Code   RO          613    .text.rt_thread_delay  lto-llvm-434951.o
    0x0800aa28   0x000000d0   Code   RO          603    .text.rt_thread_delete  lto-llvm-434951.o
    0x0800aaf8   0x000000e6   Code   RO          599    .text.rt_thread_detach  lto-llvm-434951.o
    0x0800abde   0x00000002   PAD
    0x0800abe0   0x0000005e   Code   RO          577    .text.rt_thread_exit  lto-llvm-434951.o
    0x0800ac3e   0x00000002   PAD
    0x0800ac40   0x00000048   Code   RO          443    .text.rt_thread_idle_entry  lto-llvm-434951.o
    0x0800ac88   0x0000008c   Code   RO          435    .text.rt_thread_idle_excute  lto-llvm-434951.o
    0x0800ad14   0x00000046   Code   RO          441    .text.rt_thread_idle_init  lto-llvm-434951.o
    0x0800ad5a   0x00000002   PAD
    0x0800ad5c   0x00000066   Code   RO          433    .text.rt_thread_idle_sethook  lto-llvm-434951.o
    0x0800adc2   0x00000002   PAD
    0x0800adc4   0x00000092   Code   RO          583    .text.rt_thread_init  lto-llvm-434951.o
    0x0800ae56   0x00000002   PAD
    0x0800ae58   0x00000018   Code   RO          615    .text.rt_thread_mdelay  lto-llvm-434951.o
    0x0800ae70   0x000000a0   Code   RO          597    .text.rt_thread_resume  lto-llvm-434951.o
    0x0800af10   0x0000000c   Code   RO          593    .text.rt_thread_self  lto-llvm-434951.o
    0x0800af1c   0x00000096   Code   RO          609    .text.rt_thread_sleep  lto-llvm-434951.o
    0x0800afb2   0x00000002   PAD
    0x0800afb4   0x000000b0   Code   RO          595    .text.rt_thread_startup  lto-llvm-434951.o
    0x0800b064   0x000000a8   Code   RO          611    .text.rt_thread_suspend  lto-llvm-434951.o
    0x0800b10c   0x00000098   Code   RO          589    .text.rt_thread_timeout  lto-llvm-434951.o
    0x0800b1a4   0x00000054   Code   RO          653    .text.rt_thread_timer_entry  lto-llvm-434951.o
    0x0800b1f8   0x00000072   Code   RO          605    .text.rt_thread_yield  lto-llvm-434951.o
    0x0800b26a   0x00000002   PAD
    0x0800b26c   0x00000060   Code   RO          411    .text.rt_tick_from_millisecond  lto-llvm-434951.o
    0x0800b2cc   0x0000000c   Code   RO          407    .text.rt_tick_get   lto-llvm-434951.o
    0x0800b2d8   0x0000003c   Code   RO          409    .text.rt_tick_increase  lto-llvm-434951.o
    0x0800b314   0x000000ee   Code   RO          641    .text.rt_timer_check  lto-llvm-434951.o
    0x0800b402   0x00000002   PAD
    0x0800b404   0x000000bc   Code   RO          639    .text.rt_timer_control  lto-llvm-434951.o
    0x0800b4c0   0x0000005e   Code   RO          631    .text.rt_timer_create  lto-llvm-434951.o
    0x0800b51e   0x00000002   PAD
    0x0800b520   0x00000090   Code   RO          625    .text.rt_timer_detach  lto-llvm-434951.o
    0x0800b5b0   0x0000005c   Code   RO          619    .text.rt_timer_init  lto-llvm-434951.o
    0x0800b60c   0x00000040   Code   RO          645    .text.rt_timer_list_next_timeout  lto-llvm-434951.o
    0x0800b64c   0x00000220   Code   RO          633    .text.rt_timer_start  lto-llvm-434951.o
    0x0800b86c   0x0000008a   Code   RO          637    .text.rt_timer_stop  lto-llvm-434951.o
    0x0800b8f6   0x00000002   PAD
    0x0800b8f8   0x000005b8   Code   RO          507    .text.rt_vsnprintf  lto-llvm-434951.o
    0x0800beb0   0x0000001c   Code   RO          515    .text.rt_vsprintf   lto-llvm-434951.o
    0x0800becc   0x00000004   Code   RO          417    .text.rti_board_end  lto-llvm-434951.o
    0x0800bed0   0x00000004   Code   RO          415    .text.rti_board_start  lto-llvm-434951.o
    0x0800bed4   0x00000004   Code   RO          419    .text.rti_end       lto-llvm-434951.o
    0x0800bed8   0x00000004   Code   RO          413    .text.rti_start     lto-llvm-434951.o
    0x0800bedc   0x00000028   Code   RO          427    .text.rtthread_startup  lto-llvm-434951.o
    0x0800bf04   0x0000009e   Code   RO          703    .text.serv_ad7490_fetcher_init  lto-llvm-434951.o
    0x0800bfa2   0x00000006   PAD
    0x0800bfa8   0x000002c0   Code   RO          705    .text.serv_ad7490_fetcher_main  lto-llvm-434951.o
    0x0800c268   0x00000010   Code   RO          707    .text.serv_init     lto-llvm-434951.o
    0x0800c278   0x0000006c   Code   RO          709    .text.serv_key_listener_init  lto-llvm-434951.o
    0x0800c2e4   0x00000110   Code   RO          711    .text.serv_key_listener_main  lto-llvm-434951.o
    0x0800c3f4   0x00000036   Code   RO          719    .text.serv_led_sign_hw_init  lto-llvm-434951.o
    0x0800c42a   0x00000002   PAD
    0x0800c42c   0x00000002   Code   RO          715    .text.serv_led_sign_idle  lto-llvm-434951.o
    0x0800c42e   0x00000002   PAD
    0x0800c430   0x00000032   Code   RO          713    .text.serv_led_sign_init  lto-llvm-434951.o
    0x0800c462   0x00000002   PAD
    0x0800c464   0x00000020   Code   RO          717    .text.serv_led_sign_send_event  lto-llvm-434951.o
    0x0800c484   0x00000038   Code   RO          393    .text.shell_auto_complete  lto-llvm-434951.o
    0x0800c4bc   0x00000054   Code   RO          347    .text.show_wait_queue  lto-llvm-434951.o
    0x0800c510   0x00000038   Code   RO          509    .text.skip_atoi     lto-llvm-434951.o
    0x0800c548   0x00000074   Code   RO          685    .text.start_cycle_counter  lto-llvm-434951.o
    0x0800c5bc   0x000000a6   Code   RO          687    .text.stop_cycle_counter  lto-llvm-434951.o
    0x0800c662   0x00000002   PAD
    0x0800c664   0x00000050   Code   RO          379    .text.str_common    lto-llvm-434951.o
    0x0800c6b4   0x00000004   PAD
    0x0800c6b8   0x00000218   Code   RO          663    .text.sub_thread_control_entry  lto-llvm-434951.o
    0x0800c8d0   0x00000034   Code   RO          661    .text.sub_thread_control_init  lto-llvm-434951.o
    0x0800c904   0x0000002e   Code   RO          657    .text.timeout_entry  lto-llvm-434951.o
    0x0800c932   0x00000002   PAD
    0x0800c934   0x000000e8   Code   RO          405    .text.usage_fault_track  lto-llvm-434951.o
    0x0800ca1c   0x0000003a   Code   RO          689    .text.user_code_insert_to_systick_handler  lto-llvm-434951.o
    0x0800ca56   0x00000002   PAD
    0x0800ca58   0x0000000a   Code   RO          331    .text.version       lto-llvm-434951.o
    0x0800ca62   0x0000000e   Code   RO          805    i.__scatterload_copy  mc_w.l(handlers.o)
    0x0800ca70   0x00000002   Code   RO          806    i.__scatterload_null  mc_w.l(handlers.o)
    0x0800ca72   0x0000000e   Code   RO          807    i.__scatterload_zeroinit  mc_w.l(handlers.o)
    0x0800ca80   0x00000204   Data   RO          742    .rodata             lto-llvm-434951.o
    0x0800cc84   0x00000010   Data   RO          746    .rodata.cst16       lto-llvm-434951.o
    0x0800cc94   0x00000010   Data   RO          747    .rodata.cst8        lto-llvm-434951.o
    0x0800cca4   0x00000326   Data   RO          748    .rodata.name        lto-llvm-434951.o
    0x0800cfca   0x0000137c   Data   RO          750    .rodata.str1.1      lto-llvm-434951.o
    0x0800e346   0x00000002   PAD
    0x0800e348   0x00000008   Data   RO          752    .rti_fn.0           lto-llvm-434951.o
    0x0800e350   0x00000008   Data   RO          753    .rti_fn.0.end       lto-llvm-434951.o
    0x0800e358   0x00000008   Data   RO          743    .rti_fn.1           lto-llvm-434951.o
    0x0800e360   0x00000008   Data   RO          754    .rti_fn.1.end       lto-llvm-434951.o
    0x0800e368   0x00000008   Data   RO          751    .rti_fn.6           lto-llvm-434951.o
    0x0800e370   0x00000008   Data   RO          755    .rti_fn.6.end       lto-llvm-434951.o
    0x0800e378   0x00000108   Data   RO          749    FSymTab             lto-llvm-434951.o
    0x0800e480   0x00000020   Data   RO          804    Region$$Table       anon$$obj.o
    0x0800e4a0   0x00000004   Data   RO          756    .init_array.255     lto-llvm-434951.o
    0x0800e4a4   0x00000000   Data   RO          772    .init_array         mc_w.l(cpp_init.o)


    Execution Region RW_IRAM1 (Base: 0x20000000, Size: 0x0000b3a0, Max: 0x00018000, ABSOLUTE)

    Base Addr    Size         Type   Attr      Idx    E Section Name        Object

    0x20000000   0x000000a8   Data   RW          745    .data               lto-llvm-434951.o
    0x200000a8   0x0000aef8   Zero   RW          741    .bss                lto-llvm-434951.o
    0x2000afa0   0x00000400   Zero   RW           68    STACK               startup_stm32f401xe.o


==============================================================================

Image component sizes


      Code (inc. data)   RO Data    RW Data    ZI Data      Debug   Object Name

       308         28          0          0          0        944   context_rvds.o
     49346        238       6658        168      44792     155497   lto-llvm-434951.o
        36          8        404          0       1024        784   startup_stm32f401xe.o
        32         10          0          0          0        536   systick_wrapper_ual.o

    ----------------------------------------------------------------------
     49978        284       7096        168      45816     157761   Object Totals
         0          0         32          0          0          0   (incl. Generated)
       256          0          2          0          0          0   (incl. Padding)

    ----------------------------------------------------------------------

      Code (inc. data)   RO Data    RW Data    ZI Data      Debug   Library Member Name

        32          8          0          0          0         80   cpp_init.o
         0          0          0          0          0          0   entry.o
         0          0          0          0          0          0   entry10a.o
         0          0          0          0          0          0   entry11a.o
         8          4          0          0          0          0   entry2.o
         4          0          0          0          0          0   entry5.o
         0          0          0          0          0          0   entry7b.o
         4          0          0          0          0          0   entry8a.o
         0          0          0          0          0          0   entry8b.o
         8          4          0          0          0          0   entry9a.o
        30          0          0          0          0          0   handlers.o
        36          8          0          0          0         68   init.o
         0          0          0          0          0          0   iusefp.o
        30          0          0          0          0         68   llshl.o
        36          0          0          0          0         68   llsshr.o
        32          0          0          0          0         68   llushr.o
        36          0          0          0          0         68   memcpya.o
        36          0          0          0          0        108   memseta.o
        24          0          0          0          0         68   strcat.o
        18          0          0          0          0         68   strcpy.o
        14          0          0          0          0         68   strlen.o
        30          0          0          0          0         80   strncmp.o
        98          0          0          0          0         92   uldiv.o
       334          0          0          0          0        148   dadd.o
        54          0          0          0          0         80   dcmpge.o
        54          0          0          0          0         80   dcmple.o
       186          0          0          0          0        176   depilogue.o
        62          0          0          0          0         80   dfixi.o
        34          0          0          0          0         76   dflti.o
        26          0          0          0          0         76   dfltui.o
       228          0          0          0          0         96   dmul.o

    ----------------------------------------------------------------------
      1458         24          0          0          0       1716   Library Totals
         4          0          0          0          0          0   (incl. Padding)

    ----------------------------------------------------------------------

      Code (inc. data)   RO Data    RW Data    ZI Data      Debug   Library Name

       476         24          0          0          0        904   mc_w.l
       978          0          0          0          0        812   mf_w.l

    ----------------------------------------------------------------------
      1458         24          0          0          0       1716   Library Totals

    ----------------------------------------------------------------------

==============================================================================


      Code (inc. data)   RO Data    RW Data    ZI Data      Debug   

     51436        308       7096        168      45816     158597   Grand Totals
     51436        308       7096        168      45816     158597   ELF Image Totals
     51436        308       7096        168          0          0   ROM Totals

==============================================================================

    Total RO  Size (Code + RO Data)                58532 (  57.16kB)
    Total RW  Size (RW Data + ZI Data)             45984 (  44.91kB)
    Total ROM Size (Code + RO Data + RW Data)      58700 (  57.32kB)

==============================================================================

